Archive member included to satisfy reference by file (symbol)

c:/program files/microchip/xc32/v4.35/bin/bin/../../lib/gcc/pic32c/8.3.1/arm/v5te/nofp\libgcc.a(_udivsi3.o)
                              build/default/debug/_ext/1510041067/legato_color_blend.o (__aeabi_uidiv)
c:/program files/microchip/xc32/v4.35/bin/bin/../../lib/gcc/pic32c/8.3.1/arm/v5te/nofp\libgcc.a(_divsi3.o)
                              build/default/debug/_ext/1510041067/legato_math.o (__aeabi_idiv)
c:/program files/microchip/xc32/v4.35/bin/bin/../../lib/gcc/pic32c/8.3.1/arm/v5te/nofp\libgcc.a(_dvmd_tls.o)
                              c:/program files/microchip/xc32/v4.35/bin/bin/../../lib/gcc/pic32c/8.3.1/arm/v5te/nofp\libgcc.a(_udivsi3.o) (__aeabi_idiv0)
c:/program files/microchip/xc32/v4.35/bin/bin/../../lib/gcc/pic32c/8.3.1/arm/v5te/nofp\libgcc.a(_arm_addsubsf3.o)
                              build/default/debug/_ext/1510041067/legato_math.o (__aeabi_fsub)
c:/program files/microchip/xc32/v4.35/bin/bin/../../lib/gcc/pic32c/8.3.1/arm/v5te/nofp\libgcc.a(_arm_muldivsf3.o)
                              build/default/debug/_ext/1319235455/gfx_driver.o (__aeabi_fmul)
c:/program files/microchip/xc32/v4.35/bin/bin/../../lib/gcc/pic32c/8.3.1/arm/v5te/nofp\libgcc.a(_arm_cmpsf2.o)
                              build/default/debug/_ext/1510041067/legato_math.o (__aeabi_fcmplt)
c:/program files/microchip/xc32/v4.35/bin/bin/../../lib/gcc/pic32c/8.3.1/arm/v5te/nofp\libgcc.a(_arm_fixsfsi.o)
                              build/default/debug/_ext/1319235455/gfx_driver.o (__aeabi_f2iz)
c:/program files/microchip/xc32/v4.35/bin/bin/../../lib/gcc/pic32c/8.3.1/arm/v5te/nofp\libgcc.a(_arm_fixunssfsi.o)
                              build/default/debug/_ext/1319235455/gfx_driver.o (__aeabi_f2uiz)
c:/program files/microchip/xc32/v4.35/bin/bin/../../lib/gcc/pic32c/8.3.1/../../../../pic32c/lib/arm/v5te/nofp\libm-musl.a(atan.o)
                              build/default/debug/_ext/1510041067/legato_math.o (atan)
c:/program files/microchip/xc32/v4.35/bin/bin/../../lib/gcc/pic32c/8.3.1/../../../../pic32c/lib/arm/v5te/nofp\libm-musl.a(fabs.o)
                              c:/program files/microchip/xc32/v4.35/bin/bin/../../lib/gcc/pic32c/8.3.1/../../../../pic32c/lib/arm/v5te/nofp\libm-musl.a(atan.o) (fabs)
c:/program files/microchip/xc32/v4.35/bin/bin/../../lib/gcc/pic32c/8.3.1/../../../../pic32c/lib/arm/v5te/nofp\libg-musl.a(__libc_start_main.o)
                              build/default/debug/_ext/1171490990/cstartup.o (__libc_init_array)
c:/program files/microchip/xc32/v4.35/bin/bin/../../lib/gcc/pic32c/8.3.1/../../../../pic32c/lib/arm/v5te/nofp\libg-musl.a(libc.o)
                              c:/program files/microchip/xc32/v4.35/bin/bin/../../lib/gcc/pic32c/8.3.1/../../../../pic32c/lib/arm/v5te/nofp\libg-musl.a(__libc_start_main.o) (__progname_full)
c:/program files/microchip/xc32/v4.35/bin/bin/../../lib/gcc/pic32c/8.3.1/../../../../pic32c/lib/arm/v5te/nofp\libg-musl.a(__sio_printf_dnpuxX.o)
                              (_printf_dnpuxX)
c:/program files/microchip/xc32/v4.35/bin/bin/../../lib/gcc/pic32c/8.3.1/../../../../pic32c/lib/arm/v5te/nofp\libg-musl.a(__sio_sprintf_dnpuxX.o)
                              (_sprintf_dnpuxX)
c:/program files/microchip/xc32/v4.35/bin/bin/../../lib/gcc/pic32c/8.3.1/../../../../pic32c/lib/arm/v5te/nofp\libg-musl.a(__fmt_d.o)
                              c:/program files/microchip/xc32/v4.35/bin/bin/../../lib/gcc/pic32c/8.3.1/../../../../pic32c/lib/arm/v5te/nofp\libg-musl.a(__sio_printf_dnpuxX.o) (__fmt_d_needed)
c:/program files/microchip/xc32/v4.35/bin/bin/../../lib/gcc/pic32c/8.3.1/../../../../pic32c/lib/arm/v5te/nofp\libg-musl.a(__fmt_u.o)
                              c:/program files/microchip/xc32/v4.35/bin/bin/../../lib/gcc/pic32c/8.3.1/../../../../pic32c/lib/arm/v5te/nofp\libg-musl.a(__sio_printf_dnpuxX.o) (__fmt_u_needed)
c:/program files/microchip/xc32/v4.35/bin/bin/../../lib/gcc/pic32c/8.3.1/../../../../pic32c/lib/arm/v5te/nofp\libg-musl.a(__fmt_x.o)
                              c:/program files/microchip/xc32/v4.35/bin/bin/../../lib/gcc/pic32c/8.3.1/../../../../pic32c/lib/arm/v5te/nofp\libg-musl.a(__sio_printf_dnpuxX.o) (__fmt_x_needed)
c:/program files/microchip/xc32/v4.35/bin/bin/../../lib/gcc/pic32c/8.3.1/../../../../pic32c/lib/arm/v5te/nofp\libg-musl.a(__pop_int.o)
                              c:/program files/microchip/xc32/v4.35/bin/bin/../../lib/gcc/pic32c/8.3.1/../../../../pic32c/lib/arm/v5te/nofp\libg-musl.a(__sio_printf_dnpuxX.o) (__pop_int_needed)
c:/program files/microchip/xc32/v4.35/bin/bin/../../lib/gcc/pic32c/8.3.1/../../../../pic32c/lib/arm/v5te/nofp\libg-musl.a(__pop_ptr.o)
                              c:/program files/microchip/xc32/v4.35/bin/bin/../../lib/gcc/pic32c/8.3.1/../../../../pic32c/lib/arm/v5te/nofp\libg-musl.a(__sio_printf_dnpuxX.o) (__pop_ptr_needed)
[...]
Memory Configuration

Name             Origin             Length             Attributes
sram             0x00300000         0x00010000         xw
ram              0x21000000         0x0f000000         xwl !r
ram_nocache      0x20000000         0x01000000         !xrw
rom              0x00000000         0x00000000         xrl
*default*        0x00000000         0xffffffff

Linker script and memory map

LOAD c:/program files/microchip/xc32/v4.35/bin/bin/../../lib/gcc/pic32c/8.3.1/arm/v5te/nofp/crti.o
LOAD c:/program files/microchip/xc32/v4.35/bin/bin/../../lib/gcc/pic32c/8.3.1/arm/v5te/nofp/crtbegin.o
LOAD build/default/debug/_ext/1319235455/gfx_driver.o
LOAD build/default/debug/_ext/1510041067/legato_rect.o
LOAD build/default/debug/_ext/1510041067/legato_color_blend.o
LOAD build/default/debug/_ext/1510041067/legato_pixelbuffer.o
LOAD build/default/debug/_ext/1510041067/legato_color.o
LOAD build/default/debug/_ext/1510041067/legato_math.o
LOAD build/default/debug/_ext/1510041067/legato_color_lerp.o
LOAD build/default/debug/_ext/1510041067/legato_color_value.o
LOAD build/default/debug/_ext/1510041067/legato_utils.o
LOAD build/default/debug/_ext/1510041067/legato_color_convert.o
LOAD build/default/debug/_ext/1510041067/legato_error.o
LOAD build/default/debug/_ext/92283465/legato_stream.o
LOAD build/default/debug/_ext/92283465/legato_input.o
LOAD build/default/debug/_ext/92283465/legato_state.o
LOAD build/default/debug/_ext/92283465/legato_event.o
LOAD build/default/debug/_ext/92283465/legato_scheme.o
LOAD build/default/debug/_ext/2021927327/legato_array.o
LOAD build/default/debug/_ext/2021927327/legato_rectarray.o
LOAD build/default/debug/_ext/2021927327/legato_list.o
LOAD build/default/debug/_ext/92372729/legato_rasterfont_liberationmono1.o
LOAD build/default/debug/_ext/92372729/legato_rasterfont_liberationmono8.o
LOAD build/default/debug/_ext/92372729/legato_font.o
LOAD build/default/debug/_ext/92372729/legato_rasterfont_stream.o
LOAD build/default/debug/_ext/1494086919/le_gen_fonts.o
LOAD build/default/debug/_ext/930643953/le_gen_images.o
LOAD build/default/debug/_ext/937247594/le_gen_screen_Screen0.o
LOAD build/default/debug/_ext/1626882341/le_gen_init.o
LOAD build/default/debug/_ext/1626882341/le_gen_scheme.o
LOAD build/default/debug/_ext/1626882341/le_gen_stringtable.o
LOAD build/default/debug/_ext/1626882341/le_gen_harmony.o
LOAD build/default/debug/_ext/1626882341/le_gen_globalpalette.o
LOAD build/default/debug/_ext/1395618758/legato_imagedecoder_jpeg.o
LOAD build/default/debug/_ext/1395618758/jidctint.o
LOAD build/default/debug/_ext/1395618758/legato_imagedecoder_jpeg_common.o
LOAD build/default/debug/_ext/1395707457/legato_imagedecoder_mono_read_internal.o
LOAD build/default/debug/_ext/1395707457/legato_imagedecoder_mono.o
LOAD build/default/debug/_ext/1395707457/legato_imagedecoder_mono_read_stream.o
LOAD build/default/debug/_ext/460667659/legato_imagedecoder_png.o
LOAD build/default/debug/_ext/460667659/lodepng.o
LOAD build/default/debug/_ext/460669194/legato_imagedecoder_raw_read_stream_rleindex.o
LOAD build/default/debug/_ext/460669194/legato_imagedecoder_raw_setup.o
LOAD build/default/debug/_ext/460669194/legato_imagedecoder_raw_scale.o
LOAD build/default/debug/_ext/460669194/legato_imagedecoder_raw_rotate.o
LOAD build/default/debug/_ext/460669194/legato_imagedecoder_raw_read_stream_rlecolor.o
LOAD build/default/debug/_ext/460669194/legato_imagedecoder_raw_read_stream_color.o
LOAD build/default/debug/_ext/460669194/legato_imagedecoder_raw_read_internal.o
LOAD build/default/debug/_ext/460669194/legato_imagedecoder_raw_palette_stream.o
LOAD build/default/debug/_ext/460669194/legato_imagedecoder_raw_palette_internal.o
LOAD build/default/debug/_ext/460669194/legato_imagedecoder_raw_blend.o
LOAD build/default/debug/_ext/460669194/legato_imagedecoder_raw.o
LOAD build/default/debug/_ext/460669194/legato_imagedecoder_raw_read_stream_index.o
LOAD build/default/debug/_ext/460669194/legato_imagedecoder_raw_convert.o
LOAD build/default/debug/_ext/460669194/legato_imagedecoder_raw_mask.o
LOAD build/default/debug/_ext/460669194/legato_imagedecoder_raw_write.o
LOAD build/default/debug/_ext/1428714511/legato_palette.o
LOAD build/default/debug/_ext/1428714511/legato_image.o
LOAD build/default/debug/_ext/1428714511/legato_image_utils.o
LOAD build/default/debug/_ext/1232982741/legato_fixedheap.o
LOAD build/default/debug/_ext/1232982741/legato_variableheap.o
LOAD build/default/debug/_ext/1232982741/legato_memory.o
LOAD build/default/debug/_ext/656756333/legato_draw_arc.o
LOAD build/default/debug/_ext/656756333/legato_renderer.o
LOAD build/default/debug/_ext/656756333/legato_gpu.o
LOAD build/default/debug/_ext/656756333/legato_draw_line.o
LOAD build/default/debug/_ext/656756333/legato_draw_rect.o
LOAD build/default/debug/_ext/656756333/legato_draw.o
LOAD build/default/debug/_ext/1047211973/legato_dynamicstring.o
LOAD build/default/debug/_ext/1047211973/legato_string_renderer.o
LOAD build/default/debug/_ext/1047211973/legato_stringtable.o
LOAD build/default/debug/_ext/1047211973/legato_string.o
LOAD build/default/debug/_ext/1047211973/legato_stringutils.o
LOAD build/default/debug/_ext/1047211973/legato_fixedstring.o
LOAD build/default/debug/_ext/1047211973/legato_tablestring.o
LOAD build/default/debug/_ext/1047211973/legato_string_renderer_stream.o
LOAD build/default/debug/_ext/1720272079/legato_widget_arc.o
LOAD build/default/debug/_ext/1720272079/legato_widget_arc_skin_classic.o
LOAD build/default/debug/_ext/1379158940/legato_widget_bar_graph_skin_classic.o
LOAD build/default/debug/_ext/1379158940/legato_widget_bar_graph.o
LOAD build/default/debug/_ext/1043708429/legato_widget_button.o
LOAD build/default/debug/_ext/1043708429/legato_widget_button_skin_classic.o
LOAD build/default/debug/_ext/368479812/legato_widget_checkbox.o
LOAD build/default/debug/_ext/368479812/legato_widget_checkbox_skin_classic.o
LOAD build/default/debug/_ext/1026237551/legato_widget_circle_skin_classic.o
LOAD build/default/debug/_ext/1026237551/legato_widget_circle.o
LOAD build/default/debug/_ext/2143783897/legato_widget_circular_gauge_skin_classic.o
LOAD build/default/debug/_ext/2143783897/legato_widget_circular_gauge.o
LOAD build/default/debug/_ext/1908827647/legato_widget_circular_slider_skin_classic.o
LOAD build/default/debug/_ext/1908827647/legato_widget_circular_slider.o
LOAD build/default/debug/_ext/1828717368/legato_widget_drawsurface.o
LOAD build/default/debug/_ext/1828717368/legato_widget_drawsurface_skin_classic.o
LOAD build/default/debug/_ext/1078761039/legato_widget_gradient_skin_classic.o
LOAD build/default/debug/_ext/1078761039/legato_widget_gradient.o
LOAD build/default/debug/_ext/662047379/legato_widget_groupbox.o
LOAD build/default/debug/_ext/662047379/legato_widget_groupbox_skin_classic.o
LOAD build/default/debug/_ext/388181626/legato_widget_image_skin_classic.o
LOAD build/default/debug/_ext/388181626/legato_widget_image.o
LOAD build/default/debug/_ext/1310443605/legato_widget_imagerotate_skin_classic.o
LOAD build/default/debug/_ext/1310443605/legato_widget_imagerotate.o
LOAD build/default/debug/_ext/1012651792/legato_widget_imagescale.o
LOAD build/default/debug/_ext/1012651792/legato_widget_imagescale_skin_classic.o
LOAD build/default/debug/_ext/1994224581/legato_widget_imagesequence_skin_classic.o
LOAD build/default/debug/_ext/1994224581/legato_widget_imagesequence.o
LOAD build/default/debug/_ext/800677739/legato_widget_keypad.o
LOAD build/default/debug/_ext/800677739/legato_widget_keypad_skin_classic.o
LOAD build/default/debug/_ext/390595603/legato_widget_label_skin_classic.o
LOAD build/default/debug/_ext/390595603/legato_widget_label.o
LOAD build/default/debug/_ext/1788507403/legato_widget_line_skin_classic.o
LOAD build/default/debug/_ext/1788507403/legato_widget_line.o
LOAD build/default/debug/_ext/645187449/legato_widget_line_graph_skin_classic.o
LOAD build/default/debug/_ext/645187449/legato_widget_line_graph.o
LOAD build/default/debug/_ext/1788507233/legato_widget_list_skin_classic.o
LOAD build/default/debug/_ext/1788507233/legato_widget_list.o
LOAD build/default/debug/_ext/1231657756/legato_widget_listwheel.o
LOAD build/default/debug/_ext/1231657756/legato_widget_listwheel_skin_classic.o
LOAD build/default/debug/_ext/1857376173/legato_widget_pie_chart.o
LOAD build/default/debug/_ext/1857376173/legato_widget_pie_chart_skin_classic.o
LOAD build/default/debug/_ext/616308571/legato_widget_progressbar.o
LOAD build/default/debug/_ext/616308571/legato_widget_progressbar_skin_classic.o
LOAD build/default/debug/_ext/2046438975/legato_widget_radial_menu_skin_classic.o
LOAD build/default/debug/_ext/2046438975/legato_widget_radial_menu.o
LOAD build/default/debug/_ext/2046438975/legato_widget_radial_menu_state.o
LOAD build/default/debug/_ext/1723202356/legato_widget_radiobutton_skin_classic.o
LOAD build/default/debug/_ext/1723202356/legato_radiobutton_group.o
LOAD build/default/debug/_ext/1723202356/legato_widget_radiobutton.o
LOAD build/default/debug/_ext/739734770/legato_widget_rectangle.o
LOAD build/default/debug/_ext/739734770/legato_widget_rectangle_skin_classic.o
LOAD build/default/debug/_ext/1443241019/legato_widget_scrollbar_skin_classic.o
LOAD build/default/debug/_ext/1443241019/legato_widget_scrollbar.o
LOAD build/default/debug/_ext/565667934/legato_widget_slider_skin_classic.o
LOAD build/default/debug/_ext/565667934/legato_widget_slider.o
LOAD build/default/debug/_ext/1402498444/legato_widget_textfield_skin_classic.o
LOAD build/default/debug/_ext/1402498444/legato_widget_textfield.o
LOAD build/default/debug/_ext/1496299024/legato_widget_touchtest.o
LOAD build/default/debug/_ext/1496299024/legato_widget_touchtest_skin_classic.o
LOAD build/default/debug/_ext/453772623/legato_widget_window_skin_classic.o
LOAD build/default/debug/_ext/453772623/legato_widget_window.o
LOAD build/default/debug/_ext/943273362/legato_widget.o
LOAD build/default/debug/_ext/943273362/legato_widget_skin_classic.o
LOAD build/default/debug/_ext/943273362/legato_widget_skin_classic_common.o
LOAD build/default/debug/_ext/943273362/legato_editwidget.o
LOAD build/default/debug/_ext/1777736013/gfx_simulator.o
LOAD build/default/debug/_ext/60163497/plib_aic.o
LOAD build/default/debug/_ext/60165520/plib_clk.o
LOAD build/default/debug/_ext/60175171/plib_mmu.o
LOAD build/default/debug/_ext/60177924/plib_pio.o
LOAD build/default/debug/_ext/163028504/xc32_monitor.o
LOAD build/default/debug/_ext/1014039709/sys_cache.o
LOAD build/default/debug/_ext/1008098389/sys_input.o
LOAD build/default/debug/_ext/1008098389/sys_input_listener.o
LOAD build/default/debug/_ext/1881668453/sys_int.o
LOAD build/default/debug/_ext/1171490990/interrupts.o
LOAD build/default/debug/_ext/1171490990/tasks.o
LOAD build/default/debug/_ext/1171490990/initialization.o
LOAD build/default/debug/_ext/1171490990/cstartup.o
LOAD build/default/debug/_ext/1171490990/fault_handlers.o
LOAD build/default/debug/_ext/1360937237/main.o
LOAD build/default/debug/_ext/1360937237/app.o
                0x00000001                __MPLAB_BUILD = 0x1
                0x00001000                C_STACK_SIZE = 0x1000
                0x00000060                IRQ_STACK_SIZE = 0x60
                0x00000060                FIQ_STACK_SIZE = 0x60
                0x00001000                SVC_STACK_SIZE = 0x1000
                0x00000040                ABT_STACK_SIZE = 0x40
                0x00000040                UND_STACK_SIZE = 0x40

.text           0x23f00000    0x2bf64
                0x23f00000                . = ALIGN (0x4)
                [!provide]                PROVIDE (_sfixed = .)
 *(.textEntry)
 .textEntry     0x23f00000      0x10c build/default/debug/_ext/1171490990/cstartup.o
                0x23f00000                entry
 *(.text .text.* .gnu.linkonce.t.*)
 .text          0x23f0010c       0x70 c:/program files/microchip/xc32/v4.35/bin/bin/../../lib/gcc/pic32c/8.3.1/arm/v5te/nofp/crtbegin.o
 .text.gfxPixelBuffer_IsLocked
                0x23f0017c       0x14 build/default/debug/_ext/1319235455/gfx_driver.o
                0x23f0017c                gfxPixelBuffer_IsLocked
 .text.leRectContainsPoint
                0x23f00190       0x60 build/default/debug/_ext/1510041067/legato_rect.o
                0x23f00190                leRectContainsPoint
 .text.leRectContainsRect
                0x23f001f0       0x70 build/default/debug/_ext/1510041067/legato_rect.o
                0x23f001f0                leRectContainsRect
 .text.leRectIntersects
                0x23f00260       0x70 build/default/debug/_ext/1510041067/legato_rect.o
                0x23f00260                leRectIntersects
 .text.leRectCombine
                0x23f002d0       0x88 build/default/debug/_ext/1510041067/legato_rect.o
                0x23f002d0                leRectCombine
 .text.leRectClipAdj
                0x23f00358      0x180 build/default/debug/_ext/1510041067/legato_rect.o
                0x23f00358                leRectClipAdj
 .text.leRectClip
                0x23f004d8       0xa0 build/default/debug/_ext/1510041067/legato_rect.o
                0x23f004d8                leRectClip
 .text.leRectCompare
                0x23f00578       0x60 build/default/debug/_ext/1510041067/legato_rect.o
                0x23f00578                leRectCompare
 .text.leRectsAreSimilar
                0x23f005d8       0xcc build/default/debug/_ext/1510041067/legato_rect.o
                0x23f005d8                leRectsAreSimilar
 .text.leColorBlend_RGBA_8888
                0x23f006a4      0x168 build/default/debug/_ext/1510041067/legato_color_blend.o
                0x23f006a4                leColorBlend_RGBA_8888
 .text.leColorBlend_ARGB_8888
                0x23f0080c      0x14c build/default/debug/_ext/1510041067/legato_color_blend.o
                0x23f0080c                leColorBlend_ARGB_8888
 .text.indexGet1bpp
                0x23f00958       0x20 build/default/debug/_ext/1510041067/legato_pixelbuffer.o
 .text.indexGet4bpp
                0x23f00978       0x18 build/default/debug/_ext/1510041067/legato_pixelbuffer.o
 .text.indexGet
                0x23f00990       0x64 build/default/debug/_ext/1510041067/legato_pixelbuffer.o
 .text.get1byte
                0x23f009f4        0x8 build/default/debug/_ext/1510041067/legato_pixelbuffer.o
 .text.get2byte
                0x23f009fc        0x8 build/default/debug/_ext/1510041067/legato_pixelbuffer.o
 .text.get3byte
                0x23f00a04       0x1c build/default/debug/_ext/1510041067/legato_pixelbuffer.o
 .text.get4byte
                0x23f00a20        0x8 build/default/debug/_ext/1510041067/legato_pixelbuffer.o
 .text.set1byte
                0x23f00a28        0xc build/default/debug/_ext/1510041067/legato_pixelbuffer.o
 .text.set2byte
                0x23f00a34        0xc build/default/debug/_ext/1510041067/legato_pixelbuffer.o
 .text.set3byte
                0x23f00a40       0x1c build/default/debug/_ext/1510041067/legato_pixelbuffer.o
 .text.set4byte
                0x23f00a5c        0xc build/default/debug/_ext/1510041067/legato_pixelbuffer.o
 .text.lePixelBufferCreate
                0x23f00a68       0xd0 build/default/debug/_ext/1510041067/legato_pixelbuffer.o
                0x23f00a68                lePixelBufferCreate
 .text.lePixelBufferOffsetGet
                0x23f00b38       0x5c build/default/debug/_ext/1510041067/legato_pixelbuffer.o
                0x23f00b38                lePixelBufferOffsetGet
 .text.lePixelBufferOffsetGet_Unsafe
                0x23f00b94       0x44 build/default/debug/_ext/1510041067/legato_pixelbuffer.o
                0x23f00b94                lePixelBufferOffsetGet_Unsafe
 .text.lePixelBufferGet_Unsafe
                0x23f00bd8       0x64 build/default/debug/_ext/1510041067/legato_pixelbuffer.o
                0x23f00bd8                lePixelBufferGet_Unsafe
 .text.lePixelBufferGet
                0x23f00c3c       0x34 build/default/debug/_ext/1510041067/legato_pixelbuffer.o
                0x23f00c3c                lePixelBufferGet
 .text.lePixelBufferClipRect
                0x23f00c70       0x84 build/default/debug/_ext/1510041067/legato_pixelbuffer.o
                0x23f00c70                lePixelBufferClipRect
 .text.lePixelBufferGetIndex_Unsafe
                0x23f00cf4       0x2c build/default/debug/_ext/1510041067/legato_pixelbuffer.o
                0x23f00cf4                lePixelBufferGetIndex_Unsafe
 .text.lePixelBufferSet_Unsafe
                0x23f00d20       0x7c build/default/debug/_ext/1510041067/legato_pixelbuffer.o
                0x23f00d20                lePixelBufferSet_Unsafe
 .text.lePixelBufferSet
                0x23f00d9c       0x28 build/default/debug/_ext/1510041067/legato_pixelbuffer.o
                0x23f00d9c                lePixelBufferSet
 .text.lePixelBufferAreaFill_Unsafe
                0x23f00dc4      0x118 build/default/debug/_ext/1510041067/legato_pixelbuffer.o
                0x23f00dc4                lePixelBufferAreaFill_Unsafe
 .text.lePixelBufferAreaFill
                0x23f00edc       0x70 build/default/debug/_ext/1510041067/legato_pixelbuffer.o
                0x23f00edc                lePixelBufferAreaFill
 .text.lePixelBufferCopy
                0x23f00f4c       0xd8 build/default/debug/_ext/1510041067/legato_pixelbuffer.o
                0x23f00f4c                lePixelBufferCopy
 .text.leColorChannelAlpha
                0x23f01024       0x30 build/default/debug/_ext/1510041067/legato_color.o
                0x23f01024                leColorChannelAlpha
 .text.leColorSwap
                0x23f01054       0xa8 build/default/debug/_ext/1510041067/legato_color.o
                0x23f01054                leColorSwap
 .text.leQueryArcQuadrants
                0x23f010fc      0x124 build/default/debug/_ext/1510041067/legato_math.o
 .text.leNormalizeAngle
                0x23f01220       0x30 build/default/debug/_ext/1510041067/legato_math.o
                0x23f01220                leNormalizeAngle
 .text.leSin    0x23f01250       0x80 build/default/debug/_ext/1510041067/legato_math.o
                0x23f01250                leSin
 .text.leCos    0x23f012d0       0x78 build/default/debug/_ext/1510041067/legato_math.o
                0x23f012d0                leCos
 .text.lePolarToXY
                0x23f01348       0x60 build/default/debug/_ext/1510041067/legato_math.o
                0x23f01348                lePolarToXY
 .text.leMini   0x23f013a8        0xc build/default/debug/_ext/1510041067/legato_math.o
                0x23f013a8                leMini
 .text.leMaxi   0x23f013b4        0xc build/default/debug/_ext/1510041067/legato_math.o
                0x23f013b4                leMaxi
 .text.leClampi
                0x23f013c0       0x18 build/default/debug/_ext/1510041067/legato_math.o
                0x23f013c0                leClampi
 .text.lePercent
                0x23f013d8       0x1c build/default/debug/_ext/1510041067/legato_math.o
                0x23f013d8                lePercent
 .text.lePercentWholeRounded
                0x23f013f4       0x3c build/default/debug/_ext/1510041067/legato_math.o
                0x23f013f4                lePercentWholeRounded
 .text.lePercentOf
                0x23f01430       0x58 build/default/debug/_ext/1510041067/legato_math.o
                0x23f01430                lePercentOf
 .text.leScaleInteger
                0x23f01488       0x44 build/default/debug/_ext/1510041067/legato_math.o
                0x23f01488                leScaleInteger
 .text.leLerp   0x23f014cc       0x58 build/default/debug/_ext/1510041067/legato_math.o
                0x23f014cc                leLerp
 .text.lePointOnLineSide
                0x23f01524       0x60 build/default/debug/_ext/1510041067/legato_math.o
                0x23f01524                lePointOnLineSide
 .text.leRotatePoint
                0x23f01584       0xbc build/default/debug/_ext/1510041067/legato_math.o
                0x23f01584                leRotatePoint
 .text.leRotatedRectBounds
                0x23f01640      0x14c build/default/debug/_ext/1510041067/legato_math.o
                0x23f01640                leRotatedRectBounds
 .text.leSqrt   0x23f0178c       0x58 build/default/debug/_ext/1510041067/legato_math.o
                0x23f0178c                leSqrt
 .text.lePointOnCircle
                0x23f017e4       0x30 build/default/debug/_ext/1510041067/legato_math.o
                0x23f017e4                lePointOnCircle
 .text.leResolveAngles
                0x23f01814      0x2a8 build/default/debug/_ext/1510041067/legato_math.o
                0x23f01814                leResolveAngles
 .text.leRound  0x23f01abc       0xa0 build/default/debug/_ext/1510041067/legato_math.o
                0x23f01abc                leRound
 .text.lerp_argb8888
                0x23f01b5c       0x78 build/default/debug/_ext/1510041067/legato_color_lerp.o
 .text.lerp_rgba8888
                0x23f01bd4       0x78 build/default/debug/_ext/1510041067/legato_color_lerp.o
 .text.lerp_rgb888
                0x23f01c4c       0x60 build/default/debug/_ext/1510041067/legato_color_lerp.o
 .text.lerp_rgba5551
                0x23f01cac       0x74 build/default/debug/_ext/1510041067/legato_color_lerp.o
 .text.lerp_rgb565
                0x23f01d20       0x60 build/default/debug/_ext/1510041067/legato_color_lerp.o
 .text.lerp_rgb332
                0x23f01d80       0x60 build/default/debug/_ext/1510041067/legato_color_lerp.o
 .text.lerp_gs8
                0x23f01de0        0xc build/default/debug/_ext/1510041067/legato_color_lerp.o
 .text.leColorLerp
                0x23f01dec       0x40 build/default/debug/_ext/1510041067/legato_color_lerp.o
                0x23f01dec                leColorLerp
 .text.leColorBilerp
                0x23f01e2c       0x5c build/default/debug/_ext/1510041067/legato_color_lerp.o
                0x23f01e2c                leColorBilerp
 .text.leUtils_PickFromWidget
                0x23f01e88       0xe0 build/default/debug/_ext/1510041067/legato_utils.o
                0x23f01e88                leUtils_PickFromWidget
 .text.leUtils_ClipRectToParent
                0x23f01f68       0x84 build/default/debug/_ext/1510041067/legato_utils.o
                0x23f01f68                leUtils_ClipRectToParent
 .text.leUtils_RectToScreenSpace
                0x23f01fec       0x44 build/default/debug/_ext/1510041067/legato_utils.o
                0x23f01fec                leUtils_RectToScreenSpace
 .text.leUtils_ClipRectToAncestors
                0x23f02030       0x94 build/default/debug/_ext/1510041067/legato_utils.o
                0x23f02030                leUtils_ClipRectToAncestors
 .text.leUtils_ArrangeRectangle
                0x23f020c4      0x280 build/default/debug/_ext/1510041067/legato_utils.o
                0x23f020c4                leUtils_ArrangeRectangle
 .text.leUtils_ArrangeRectangleRelative
                0x23f02344      0x2b0 build/default/debug/_ext/1510041067/legato_utils.o
                0x23f02344                leUtils_ArrangeRectangleRelative
 .text.leUtils_GetSchemeLookupTable
                0x23f025f4       0x64 build/default/debug/_ext/1510041067/legato_utils.o
                0x23f025f4                leUtils_GetSchemeLookupTable
 .text.no_conv  0x23f02658        0x4 build/default/debug/_ext/1510041067/legato_color_convert.o
 .text.gs8_rgb332
                0x23f0265c       0x10 build/default/debug/_ext/1510041067/legato_color_convert.o
 .text.gs8_rgb565
                0x23f0266c       0x20 build/default/debug/_ext/1510041067/legato_color_convert.o
 .text.gs8_rgba5551
                0x23f0268c       0x28 build/default/debug/_ext/1510041067/legato_color_convert.o
 .text.gs8_rgb888
                0x23f026b4       0x10 build/default/debug/_ext/1510041067/legato_color_convert.o
 .text.gs8_rgba8888
                0x23f026c4       0x14 build/default/debug/_ext/1510041067/legato_color_convert.o
 .text.gs8_argb8888
                0x23f026d8       0x14 build/default/debug/_ext/1510041067/legato_color_convert.o
 .text.gs8_mono
                0x23f026ec       0x10 build/default/debug/_ext/1510041067/legato_color_convert.o
 .text.rgb332_rgb565
                0x23f026fc       0x2c build/default/debug/_ext/1510041067/legato_color_convert.o
 .text.rgb332_rgba5551
                0x23f02728       0x2c build/default/debug/_ext/1510041067/legato_color_convert.o
 .text.rgb332_rgb888
                0x23f02754       0x30 build/default/debug/_ext/1510041067/legato_color_convert.o
 .text.rgb332_rgba8888
                0x23f02784       0x2c build/default/debug/_ext/1510041067/legato_color_convert.o
 .text.rgb332_argb8888
                0x23f027b0       0x30 build/default/debug/_ext/1510041067/legato_color_convert.o
 .text.rgb565_rgb332
                0x23f027e0       0x20 build/default/debug/_ext/1510041067/legato_color_convert.o
 .text.rgb565_rgba5551
                0x23f02800       0x20 build/default/debug/_ext/1510041067/legato_color_convert.o
 .text.rgb565_rgb888
                0x23f02820       0x24 build/default/debug/_ext/1510041067/legato_color_convert.o
 .text.rgb565_rgba8888
                0x23f02844       0x24 build/default/debug/_ext/1510041067/legato_color_convert.o
 .text.rgb565_argb8888
                0x23f02868       0x28 build/default/debug/_ext/1510041067/legato_color_convert.o
 .text.rgba5551_gs8
                0x23f02890        0x4 build/default/debug/_ext/1510041067/legato_color_convert.o
 .text.rgba5551_rgb332
                0x23f02894       0x20 build/default/debug/_ext/1510041067/legato_color_convert.o
 .text.rgba5551_rgb565
                0x23f028b4       0x1c build/default/debug/_ext/1510041067/legato_color_convert.o
 .text.rgba5551_rgb888
                0x23f028d0       0x30 build/default/debug/_ext/1510041067/legato_color_convert.o
 .text.rgba5551_rgba8888
                0x23f02900       0x40 build/default/debug/_ext/1510041067/legato_color_convert.o
 .text.rgba5551_argb8888
                0x23f02940       0x40 build/default/debug/_ext/1510041067/legato_color_convert.o
 .text.rgb888_gs8
                0x23f02980        0x4 build/default/debug/_ext/1510041067/legato_color_convert.o
 .text.rgb888_rgb332
                0x23f02984       0x24 build/default/debug/_ext/1510041067/legato_color_convert.o
 .text.rgb888_rgb565
                0x23f029a8       0x20 build/default/debug/_ext/1510041067/legato_color_convert.o
 .text.rgb888_rgba5551
                0x23f029c8       0x28 build/default/debug/_ext/1510041067/legato_color_convert.o
 .text.rgb888_rgba8888
                0x23f029f0        0xc build/default/debug/_ext/1510041067/legato_color_convert.o
 .text.rgb888_argb8888
                0x23f029fc        0x8 build/default/debug/_ext/1510041067/legato_color_convert.o
 .text.rgba8888_gs8
                0x23f02a04        0x4 build/default/debug/_ext/1510041067/legato_color_convert.o
 .text.rgba8888_rgb332
                0x23f02a08       0x20 build/default/debug/_ext/1510041067/legato_color_convert.o
 .text.rgba8888_rgb565
                0x23f02a28       0x20 build/default/debug/_ext/1510041067/legato_color_convert.o
 .text.rgba8888_rgba5551
                0x23f02a48       0x34 build/default/debug/_ext/1510041067/legato_color_convert.o
 .text.rgba8888_rgb888
                0x23f02a7c        0x8 build/default/debug/_ext/1510041067/legato_color_convert.o
 .text.rgba8888_argb8888
                0x23f02a84        0x8 build/default/debug/_ext/1510041067/legato_color_convert.o
 .text.argb8888_rgba5551
                0x23f02a8c       0x34 build/default/debug/_ext/1510041067/legato_color_convert.o
 .text.argb8888_rgb888
                0x23f02ac0        0x8 build/default/debug/_ext/1510041067/legato_color_convert.o
 .text.argb8888_rgba8888
                0x23f02ac8        0x8 build/default/debug/_ext/1510041067/legato_color_convert.o
 .text.rgb565_gs8
                0x23f02ad0       0x54 build/default/debug/_ext/1510041067/legato_color_convert.o
 .text.rgb332_gs8
                0x23f02b24       0x54 build/default/debug/_ext/1510041067/legato_color_convert.o
 .text.leColorConvert
                0x23f02b78       0x28 build/default/debug/_ext/1510041067/legato_color_convert.o
                0x23f02b78                leColorConvert
 .text.leInput_Init
                0x23f02ba0       0x2c build/default/debug/_ext/92283465/legato_input.o
                0x23f02ba0                leInput_Init
 .text.leInput_InjectTouchDown
                0x23f02bcc       0xd8 build/default/debug/_ext/92283465/legato_input.o
                0x23f02bcc                leInput_InjectTouchDown
 .text.leInput_InjectTouchUp
                0x23f02ca4       0xb4 build/default/debug/_ext/92283465/legato_input.o
                0x23f02ca4                leInput_InjectTouchUp
 .text.leInput_InjectTouchMoved
                0x23f02d58      0x12c build/default/debug/_ext/92283465/legato_input.o
                0x23f02d58                leInput_InjectTouchMoved
 .text.handleTouchDown
                0x23f02e84      0x118 build/default/debug/_ext/92283465/legato_input.o
                0x23f02e84                handleTouchDown
 .text.handleTouchUp
                0x23f02f9c       0x70 build/default/debug/_ext/92283465/legato_input.o
                0x23f02f9c                handleTouchUp
 .text.handleTouchMoved
                0x23f0300c       0x70 build/default/debug/_ext/92283465/legato_input.o
                0x23f0300c                handleTouchMoved
 .text._leInput_HandleInputEvent
                0x23f0307c       0x40 build/default/debug/_ext/92283465/legato_input.o
                0x23f0307c                _leInput_HandleInputEvent
 .text.updateWidget
                0x23f030bc       0x4c build/default/debug/_ext/92283465/legato_state.o
 .text.leGetState
                0x23f03108        0xc build/default/debug/_ext/92283465/legato_state.o
                0x23f03108                leGetState
 .text.leAddLayer
                0x23f03114       0xb8 build/default/debug/_ext/92283465/legato_state.o
                0x23f03114                leAddLayer
 .text.leInitialize
                0x23f031cc       0x9c build/default/debug/_ext/92283465/legato_state.o
                0x23f031cc                leInitialize
 .text.leGetLayerState
                0x23f03268       0x50 build/default/debug/_ext/92283465/legato_state.o
                0x23f03268                leGetLayerState
 .text.leGetLayerColorMode
                0x23f032b8       0x54 build/default/debug/_ext/92283465/legato_state.o
                0x23f032b8                leGetLayerColorMode
 .text.leGetLayerRenderHorizontal
                0x23f0330c       0x54 build/default/debug/_ext/92283465/legato_state.o
                0x23f0330c                leGetLayerRenderHorizontal
 .text.leGetFocusWidget
                0x23f03360       0x10 build/default/debug/_ext/92283465/legato_state.o
                0x23f03360                leGetFocusWidget
 .text.leSetFocusWidget
                0x23f03370       0x84 build/default/debug/_ext/92283465/legato_state.o
                0x23f03370                leSetFocusWidget
 .text.leGetEditWidget
                0x23f033f4       0x10 build/default/debug/_ext/92283465/legato_state.o
                0x23f033f4                leGetEditWidget
 .text.leSetEditWidget
                0x23f03404       0x84 build/default/debug/_ext/92283465/legato_state.o
                0x23f03404                leSetEditWidget
 .text.leRedrawAll
                0x23f03488       0x50 build/default/debug/_ext/92283465/legato_state.o
                0x23f03488                leRedrawAll
 .text.leSetLayerColorMode
                0x23f034d8       0x74 build/default/debug/_ext/92283465/legato_state.o
                0x23f034d8                leSetLayerColorMode
 .text.leSetStringTable
                0x23f0354c       0x18 build/default/debug/_ext/92283465/legato_state.o
                0x23f0354c                leSetStringTable
 .text.leIsDrawing
                0x23f03564       0x14 build/default/debug/_ext/92283465/legato_state.o
                0x23f03564                leIsDrawing
 .text.leUpdate
                0x23f03578      0x114 build/default/debug/_ext/92283465/legato_state.o
                0x23f03578                leUpdate
 .text.leAddRootWidget
                0x23f0368c       0x68 build/default/debug/_ext/92283465/legato_state.o
                0x23f0368c                leAddRootWidget
 .text.leRemoveRootWidget
                0x23f036f4       0x74 build/default/debug/_ext/92283465/legato_state.o
                0x23f036f4                leRemoveRootWidget
 .text.leGetWidgetLayer
                0x23f03768       0x8c build/default/debug/_ext/92283465/legato_state.o
                0x23f03768                leGetWidgetLayer
 .text.leWidgetIsInScene
                0x23f037f4       0x14 build/default/debug/_ext/92283465/legato_state.o
                0x23f037f4                leWidgetIsInScene
 .text._leGetEventState
                0x23f03808        0xc build/default/debug/_ext/92283465/legato_event.o
                0x23f03808                _leGetEventState
 .text.leEvent_Init
                0x23f03814       0x20 build/default/debug/_ext/92283465/legato_event.o
                0x23f03814                leEvent_Init
 .text.leEvent_AddEvent
                0x23f03834       0x28 build/default/debug/_ext/92283465/legato_event.o
                0x23f03834                leEvent_AddEvent
 .text.leEvent_ProcessEvents
                0x23f0385c       0xb4 build/default/debug/_ext/92283465/legato_event.o
                0x23f0385c                leEvent_ProcessEvents
 .text.leWidgetEvent_Accept
                0x23f03910       0x14 build/default/debug/_ext/92283465/legato_event.o
                0x23f03910                leWidgetEvent_Accept
 .text.leScheme_GetRenderColor
                0x23f03924       0x38 build/default/debug/_ext/92283465/legato_scheme.o
                0x23f03924                leScheme_GetRenderColor
 .text._shuffleRight
                0x23f0395c       0x78 build/default/debug/_ext/2021927327/legato_array.o
 .text._shuffleLeft
                0x23f039d4       0x5c build/default/debug/_ext/2021927327/legato_array.o
 .text.leArray_Create
                0x23f03a30       0x1c build/default/debug/_ext/2021927327/legato_array.o
                0x23f03a30                leArray_Create
 .text.leArray_Resize
                0x23f03a4c       0x70 build/default/debug/_ext/2021927327/legato_array.o
                0x23f03a4c                leArray_Resize
 .text.leArray_PushBack
                0x23f03abc       0x60 build/default/debug/_ext/2021927327/legato_array.o
                0x23f03abc                leArray_PushBack
 .text.leArray_InsertAt
                0x23f03b1c       0x9c build/default/debug/_ext/2021927327/legato_array.o
                0x23f03b1c                leArray_InsertAt
 .text.leArray_RemoveAt
                0x23f03bb8       0x38 build/default/debug/_ext/2021927327/legato_array.o
                0x23f03bb8                leArray_RemoveAt
 .text.leArray_Get
                0x23f03bf0       0x18 build/default/debug/_ext/2021927327/legato_array.o
                0x23f03bf0                leArray_Get
 .text.leArray_Find
                0x23f03c08       0x68 build/default/debug/_ext/2021927327/legato_array.o
                0x23f03c08                leArray_Find
 .text.leArray_Remove
                0x23f03c70       0x58 build/default/debug/_ext/2021927327/legato_array.o
                0x23f03c70                leArray_Remove
 .text.leArray_Clear
                0x23f03cc8       0x38 build/default/debug/_ext/2021927327/legato_array.o
                0x23f03cc8                leArray_Clear
 .text._shuffleLeft
                0x23f03d00       0xac build/default/debug/_ext/2021927327/legato_rectarray.o
 .text.leRectArray_Create
                0x23f03dac       0x1c build/default/debug/_ext/2021927327/legato_rectarray.o
                0x23f03dac                leRectArray_Create
 .text.leRectArray_Resize
                0x23f03dc8       0x7c build/default/debug/_ext/2021927327/legato_rectarray.o
                0x23f03dc8                leRectArray_Resize
 .text.leRectArray_PushBack
                0x23f03e44       0x70 build/default/debug/_ext/2021927327/legato_rectarray.o
                0x23f03e44                leRectArray_PushBack
 .text.leRectArray_RemoveAt
                0x23f03eb4       0x38 build/default/debug/_ext/2021927327/legato_rectarray.o
                0x23f03eb4                leRectArray_RemoveAt
 .text.leRectArray_Copy
                0x23f03eec       0x74 build/default/debug/_ext/2021927327/legato_rectarray.o
                0x23f03eec                leRectArray_Copy
 .text.leRectArray_Clear
                0x23f03f60       0x14 build/default/debug/_ext/2021927327/legato_rectarray.o
                0x23f03f60                leRectArray_Clear
 .text.leRectArray_Destroy
                0x23f03f74       0x3c build/default/debug/_ext/2021927327/legato_rectarray.o
                0x23f03f74                leRectArray_Destroy
 .text.leRectArray_RemoveDuplicates
                0x23f03fb0       0x90 build/default/debug/_ext/2021927327/legato_rectarray.o
                0x23f03fb0                leRectArray_RemoveDuplicates
 .text.leRectArray_SortBySize
                0x23f04040       0xdc build/default/debug/_ext/2021927327/legato_rectarray.o
                0x23f04040                leRectArray_SortBySize
 .text.leRectArray_SortByX
                0x23f0411c       0xfc build/default/debug/_ext/2021927327/legato_rectarray.o
                0x23f0411c                leRectArray_SortByX
 .text.leRectArray_SortByY
                0x23f04218       0xf4 build/default/debug/_ext/2021927327/legato_rectarray.o
                0x23f04218                leRectArray_SortByY
 .text.leRectArray_MergeSimilar
                0x23f0430c       0x98 build/default/debug/_ext/2021927327/legato_rectarray.o
                0x23f0430c                leRectArray_MergeSimilar
 .text.leRectArray_RemoveOverlapping
                0x23f043a4       0x84 build/default/debug/_ext/2021927327/legato_rectarray.o
                0x23f043a4                leRectArray_RemoveOverlapping
 .text.leRectArray_PadRectangleWidth
                0x23f04428      0x120 build/default/debug/_ext/2021927327/legato_rectarray.o
                0x23f04428                leRectArray_PadRectangleWidth
 .text.leRectArray_CropToSizeY
                0x23f04548      0x130 build/default/debug/_ext/2021927327/legato_rectarray.o
                0x23f04548                leRectArray_CropToSizeY
 .text.leRectArray_CropToSizeX
                0x23f04678      0x130 build/default/debug/_ext/2021927327/legato_rectarray.o
                0x23f04678                leRectArray_CropToSizeX
 .text.leList_Create
                0x23f047a8       0x1c build/default/debug/_ext/2021927327/legato_list.o
                0x23f047a8                leList_Create
 .text.leList_PushBack
                0x23f047c4       0x68 build/default/debug/_ext/2021927327/legato_list.o
                0x23f047c4                leList_PushBack
 .text.leList_Get
                0x23f0482c       0x44 build/default/debug/_ext/2021927327/legato_list.o
                0x23f0482c                leList_Get
 .text.leList_Remove
                0x23f04870       0xbc build/default/debug/_ext/2021927327/legato_list.o
                0x23f04870                leList_Remove
 .text.leList_Destroy
                0x23f0492c       0x4c build/default/debug/_ext/2021927327/legato_list.o
                0x23f0492c                leList_Destroy
 .text.drawGlyphRow8bpp
                0x23f04978       0xf4 build/default/debug/_ext/92372729/legato_font.o
 .text.drawGlyphRow1bpp
                0x23f04a6c       0xd0 build/default/debug/_ext/92372729/legato_font.o
 .text.drawGlyphRow8bppMono
                0x23f04b3c       0x5c build/default/debug/_ext/92372729/legato_font.o
 .text.drawGlyphRow1bppMono
                0x23f04b98       0x64 build/default/debug/_ext/92372729/legato_font.o
 .text._drawUnknownGlyph
                0x23f04bfc       0xf4 build/default/debug/_ext/92372729/legato_font.o
 .text.leFont_GetGlyphInfo
                0x23f04cf0       0xdc build/default/debug/_ext/92372729/legato_font.o
                0x23f04cf0                leFont_GetGlyphInfo
 .text.leFont_DrawGlyphData
                0x23f04dcc      0x12c build/default/debug/_ext/92372729/legato_font.o
                0x23f04dcc                leFont_DrawGlyphData
 .text.leFont_DrawGlyphData_Lookup
                0x23f04ef8      0x300 build/default/debug/_ext/92372729/legato_font.o
                0x23f04ef8                leFont_DrawGlyphData_Lookup
 .text.leFont_DrawGlyph
                0x23f051f8       0xa4 build/default/debug/_ext/92372729/legato_font.o
                0x23f051f8                leFont_DrawGlyph
 .text.leFont_DrawGlyph_Lookup
                0x23f0529c       0xb4 build/default/debug/_ext/92372729/legato_font.o
                0x23f0529c                leFont_DrawGlyph_Lookup
 .text.screenInit_Screen0
                0x23f05350       0x28 build/default/debug/_ext/937247594/le_gen_screen_Screen0.o
                0x23f05350                screenInit_Screen0
 .text.screenShow_Screen0
                0x23f05378      0x8c4 build/default/debug/_ext/937247594/le_gen_screen_Screen0.o
                0x23f05378                screenShow_Screen0
 .text.screenUpdate_Screen0
                0x23f05c3c       0x28 build/default/debug/_ext/937247594/le_gen_screen_Screen0.o
                0x23f05c3c                screenUpdate_Screen0
 .text.screenHide_Screen0
                0x23f05c64       0xd4 build/default/debug/_ext/937247594/le_gen_screen_Screen0.o
                0x23f05c64                screenHide_Screen0
 .text.legato_showScreen
                0x23f05d38       0x1c build/default/debug/_ext/1626882341/le_gen_init.o
                0x23f05d38                legato_showScreen
 .text.legato_initializeScreenState
                0x23f05d54       0x40 build/default/debug/_ext/1626882341/le_gen_init.o
                0x23f05d54                legato_initializeScreenState
 .text.legato_updateScreenState
                0x23f05d94       0x98 build/default/debug/_ext/1626882341/le_gen_init.o
                0x23f05d94                legato_updateScreenState
 .text.initializeStrings
                0x23f05e2c       0xb8 build/default/debug/_ext/1626882341/le_gen_stringtable.o
                0x23f05e2c                initializeStrings
 .text.touchMoveHandler
                0x23f05ee4       0x18 build/default/debug/_ext/1626882341/le_gen_harmony.o
 .text.touchUpHandler
                0x23f05efc       0x18 build/default/debug/_ext/1626882341/le_gen_harmony.o
 .text.touchDownHandler
                0x23f05f14       0x18 build/default/debug/_ext/1626882341/le_gen_harmony.o
 .text.Legato_Initialize
                0x23f05f2c       0x90 build/default/debug/_ext/1626882341/le_gen_harmony.o
                0x23f05f2c                Legato_Initialize
 .text.Legato_Tasks
                0x23f05fbc       0x4c build/default/debug/_ext/1626882341/le_gen_harmony.o
                0x23f05fbc                Legato_Tasks
 .text._supportsImage
                0x23f06008       0x28 build/default/debug/_ext/1395618758/legato_imagedecoder_jpeg.o
 .text.internalMemoryRead
                0x23f06030       0x48 build/default/debug/_ext/1395618758/legato_imagedecoder_jpeg.o
 .text.exec     0x23f06078        0x8 build/default/debug/_ext/1395618758/legato_imagedecoder_jpeg.o
 .text._render  0x23f06080      0x1f8 build/default/debug/_ext/1395618758/legato_imagedecoder_jpeg.o
 .text._draw    0x23f06278      0x208 build/default/debug/_ext/1395618758/legato_imagedecoder_jpeg.o
 .text.blitToImage
                0x23f06480       0xa4 build/default/debug/_ext/1395618758/legato_imagedecoder_jpeg.o
 .text.blitToFrameBuffer
                0x23f06524       0x98 build/default/debug/_ext/1395618758/legato_imagedecoder_jpeg.o
 .text._leJPEGImageDecoder_Init
                0x23f065bc       0x5c build/default/debug/_ext/1395618758/legato_imagedecoder_jpeg.o
                0x23f065bc                _leJPEGImageDecoder_Init
 .text.jpeg_idct_islow_leg
                0x23f06618      0x51c build/default/debug/_ext/1395618758/jidctint.o
                0x23f06618                jpeg_idct_islow_leg
 .text.JPEG_wReadWord
                0x23f06b34       0x50 build/default/debug/_ext/1395618758/legato_imagedecoder_jpeg_common.o
 .text.JPEG_bReadByte
                0x23f06b84       0x2c build/default/debug/_ext/1395618758/legato_imagedecoder_jpeg_common.o
 .text.JPEG_bGet1Bit
                0x23f06bb0      0x154 build/default/debug/_ext/1395618758/legato_imagedecoder_jpeg_common.o
 .text.JPEG_wGetBits
                0x23f06d04       0x4c build/default/debug/_ext/1395618758/legato_imagedecoder_jpeg_common.o
 .text.JPEG_sGetBitsValue
                0x23f06d50       0x50 build/default/debug/_ext/1395618758/legato_imagedecoder_jpeg_common.o
 .text.JPEG_bGetNextHuffByte
                0x23f06da0       0x98 build/default/debug/_ext/1395618758/legato_imagedecoder_jpeg_common.o
 .text.JPEG_vResetDecoder
                0x23f06e38       0x20 build/default/debug/_ext/1395618758/legato_imagedecoder_jpeg_common.o
                0x23f06e38                JPEG_vResetDecoder
 .text.JPEG_bReadHeader
                0x23f06e58      0x7b8 build/default/debug/_ext/1395618758/legato_imagedecoder_jpeg_common.o
                0x23f06e58                JPEG_bReadHeader
 .text.JPEG_bGenerateHuffmanTables
                0x23f07610       0x90 build/default/debug/_ext/1395618758/legato_imagedecoder_jpeg_common.o
                0x23f07610                JPEG_bGenerateHuffmanTables
 .text.JPEG_bDecodeOneBlock
                0x23f076a0      0x26c build/default/debug/_ext/1395618758/legato_imagedecoder_jpeg_common.o
                0x23f076a0                JPEG_bDecodeOneBlock
 .text.JPEG_vInitDisplay
                0x23f0790c       0x10 build/default/debug/_ext/1395618758/legato_imagedecoder_jpeg_common.o
                0x23f0790c                JPEG_vInitDisplay
 .text.JPEG_bPaintOneBlock
                0x23f0791c      0x9a8 build/default/debug/_ext/1395618758/legato_imagedecoder_jpeg_common.o
                0x23f0791c                JPEG_bPaintOneBlock
 .text.stage_decode
                0x23f082c4       0x3c build/default/debug/_ext/1395707457/legato_imagedecoder_mono_read_internal.o
 .text._leMonoImageDecoder_ReadStage_Internal
                0x23f08300       0x30 build/default/debug/_ext/1395707457/legato_imagedecoder_mono_read_internal.o
                0x23f08300                _leMonoImageDecoder_ReadStage_Internal
 .text._supportsImage
                0x23f08330       0x14 build/default/debug/_ext/1395707457/legato_imagedecoder_mono.o
 .text._decoderCleanup
                0x23f08344       0x64 build/default/debug/_ext/1395707457/legato_imagedecoder_mono.o
 .text._decoderExec
                0x23f083a8       0x84 build/default/debug/_ext/1395707457/legato_imagedecoder_mono.o
 .text._decoderIsDone
                0x23f0842c       0x10 build/default/debug/_ext/1395707457/legato_imagedecoder_mono.o
 .text.stage_sourceIterateSetup
                0x23f0843c       0xb4 build/default/debug/_ext/1395707457/legato_imagedecoder_mono.o
 .text.stage_FrameBufferWrite
                0x23f084f0       0x20 build/default/debug/_ext/1395707457/legato_imagedecoder_mono.o
 .text.stage_ImageWrite
                0x23f08510       0x28 build/default/debug/_ext/1395707457/legato_imagedecoder_mono.o
 .text._leMonoImageDecoder_Init
                0x23f08538       0x84 build/default/debug/_ext/1395707457/legato_imagedecoder_mono.o
                0x23f08538                _leMonoImageDecoder_Init
 .text._leMonoImageDecoder_InjectStage
                0x23f085bc       0x38 build/default/debug/_ext/1395707457/legato_imagedecoder_mono.o
                0x23f085bc                _leMonoImageDecoder_InjectStage
 .text._leMonoImageDecoder_SourceIterateSetupStage
                0x23f085f4       0x38 build/default/debug/_ext/1395707457/legato_imagedecoder_mono.o
                0x23f085f4                _leMonoImageDecoder_SourceIterateSetupStage
 .text._leMonoImageDecoder_FrameBufferWriteStage
                0x23f0862c       0x30 build/default/debug/_ext/1395707457/legato_imagedecoder_mono.o
                0x23f0862c                _leMonoImageDecoder_FrameBufferWriteStage
 .text._draw    0x23f0865c      0x154 build/default/debug/_ext/1395707457/legato_imagedecoder_mono.o
 .text._leMonoImageDecoder_ImageWriteStage
                0x23f087b0       0x30 build/default/debug/_ext/1395707457/legato_imagedecoder_mono.o
                0x23f087b0                _leMonoImageDecoder_ImageWriteStage
 .text._copy    0x23f087e0      0x190 build/default/debug/_ext/1395707457/legato_imagedecoder_mono.o
 .text._supportsImage
                0x23f08970       0x28 build/default/debug/_ext/460667659/legato_imagedecoder_png.o
 .text._decoderCleanup
                0x23f08998        0x4 build/default/debug/_ext/460667659/legato_imagedecoder_png.o
 .text._decoderExec
                0x23f0899c        0x8 build/default/debug/_ext/460667659/legato_imagedecoder_png.o
 .text._decoderIsDone
                0x23f089a4        0x8 build/default/debug/_ext/460667659/legato_imagedecoder_png.o
 .text._render  0x23f089ac       0xf4 build/default/debug/_ext/460667659/legato_imagedecoder_png.o
 .text._draw    0x23f08aa0      0x1f0 build/default/debug/_ext/460667659/legato_imagedecoder_png.o
 .text._lePNGImageDecoder_Init
                0x23f08c90       0x6c build/default/debug/_ext/460667659/legato_imagedecoder_png.o
                0x23f08c90                _lePNGImageDecoder_Init
 .text.readBitsFromStream
                0x23f08cfc       0x50 build/default/debug/_ext/460667659/lodepng.o
 .text.huffmanDecodeSymbol
                0x23f08d4c       0x64 build/default/debug/_ext/460667659/lodepng.o
 .text.readBitFromReversedStream
                0x23f08db0       0x24 build/default/debug/_ext/460667659/lodepng.o
 .text.readBitsFromReversedStream
                0x23f08dd4       0x48 build/default/debug/_ext/460667659/lodepng.o
 .text.getNumColorChannels
                0x23f08e1c       0x50 build/default/debug/_ext/460667659/lodepng.o
 .text.lodepng_color_mode_equal
                0x23f08e6c      0x120 build/default/debug/_ext/460667659/lodepng.o
 .text.addColorBits
                0x23f08f8c       0x50 build/default/debug/_ext/460667659/lodepng.o
 .text.getPixelColorsRGBA8
                0x23f08fdc      0x51c build/default/debug/_ext/460667659/lodepng.o
 .text.Adam7_getpassvalues
                0x23f094f8      0x188 build/default/debug/_ext/460667659/lodepng.o
 .text.unfilter
                0x23f09680      0x400 build/default/debug/_ext/460667659/lodepng.o
 .text.removePaddingBits
                0x23f09a80       0xa4 build/default/debug/_ext/460667659/lodepng.o
 .text.ucvector_reserve
                0x23f09b24       0x58 build/default/debug/_ext/460667659/lodepng.o
 .text.ucvector_resize
                0x23f09b7c       0x20 build/default/debug/_ext/460667659/lodepng.o
 .text.ucvector_push_back
                0x23f09b9c       0x34 build/default/debug/_ext/460667659/lodepng.o
 .text.color_tree_cleanup
                0x23f09bd0       0x34 build/default/debug/_ext/460667659/lodepng.o
 .text.LodePNGIText_cleanup
                0x23f09c04       0x90 build/default/debug/_ext/460667659/lodepng.o
 .text.LodePNGText_cleanup
                0x23f09c94       0x60 build/default/debug/_ext/460667659/lodepng.o
 .text.HuffmanTree_cleanup
                0x23f09cf4       0x24 build/default/debug/_ext/460667659/lodepng.o
 .text.string_set
                0x23f09d18       0x68 build/default/debug/_ext/460667659/lodepng.o
 .text.string_init
                0x23f09d80       0x2c build/default/debug/_ext/460667659/lodepng.o
 .text.uivector_reserve
                0x23f09dac       0x58 build/default/debug/_ext/460667659/lodepng.o
 .text.HuffmanTree_makeFromLengths
                0x23f09e04      0x424 build/default/debug/_ext/460667659/lodepng.o
 .text.lodepng_read32bitInt
                0x23f0a228       0x24 build/default/debug/_ext/460667659/lodepng.o
                0x23f0a228                lodepng_read32bitInt
 .text.lodepng_inflate
                0x23f0a24c      0x990 build/default/debug/_ext/460667659/lodepng.o
                0x23f0a24c                lodepng_inflate
 .text.lodepng_zlib_decompress
                0x23f0abdc      0x198 build/default/debug/_ext/460667659/lodepng.o
                0x23f0abdc                lodepng_zlib_decompress
 .text.zlib_decompress
                0x23f0ad74       0x34 build/default/debug/_ext/460667659/lodepng.o
 .text.lodepng_crc32
                0x23f0ada8       0x4c build/default/debug/_ext/460667659/lodepng.o
                0x23f0ada8                lodepng_crc32
 .text.lodepng_chunk_type_equals
                0x23f0adf4       0x80 build/default/debug/_ext/460667659/lodepng.o
                0x23f0adf4                lodepng_chunk_type_equals
 .text.lodepng_chunk_check_crc
                0x23f0ae74       0x38 build/default/debug/_ext/460667659/lodepng.o
                0x23f0ae74                lodepng_chunk_check_crc
 .text.lodepng_chunk_next_const
                0x23f0aeac       0x18 build/default/debug/_ext/460667659/lodepng.o
                0x23f0aeac                lodepng_chunk_next_const
 .text.lodepng_chunk_append
                0x23f0aec4       0xa4 build/default/debug/_ext/460667659/lodepng.o
                0x23f0aec4                lodepng_chunk_append
 .text.lodepng_color_mode_init
                0x23f0af68       0x30 build/default/debug/_ext/460667659/lodepng.o
                0x23f0af68                lodepng_color_mode_init
 .text.lodepng_palette_clear
                0x23f0af98       0x28 build/default/debug/_ext/460667659/lodepng.o
                0x23f0af98                lodepng_palette_clear
 .text.lodepng_color_mode_copy
                0x23f0afc0       0x98 build/default/debug/_ext/460667659/lodepng.o
                0x23f0afc0                lodepng_color_mode_copy
 .text.lodepng_get_bpp
                0x23f0b058       0x1c build/default/debug/_ext/460667659/lodepng.o
                0x23f0b058                lodepng_get_bpp
 .text.lodepng_get_raw_size_idat
                0x23f0b074       0x34 build/default/debug/_ext/460667659/lodepng.o
 .text.lodepng_get_raw_size
                0x23f0b0a8       0x38 build/default/debug/_ext/460667659/lodepng.o
                0x23f0b0a8                lodepng_get_raw_size
 .text.lodepng_add_text
                0x23f0b0e0       0xcc build/default/debug/_ext/460667659/lodepng.o
                0x23f0b0e0                lodepng_add_text
 .text.lodepng_add_itext
                0x23f0b1ac      0x17c build/default/debug/_ext/460667659/lodepng.o
                0x23f0b1ac                lodepng_add_itext
 .text.lodepng_info_init
                0x23f0b328       0x74 build/default/debug/_ext/460667659/lodepng.o
                0x23f0b328                lodepng_info_init
 .text.lodepng_info_cleanup
                0x23f0b39c       0x3c build/default/debug/_ext/460667659/lodepng.o
                0x23f0b39c                lodepng_info_cleanup
 .text.lodepng_convert
                0x23f0b3d8      0xb88 build/default/debug/_ext/460667659/lodepng.o
                0x23f0b3d8                lodepng_convert
 .text.lodepng_inspect
                0x23f0bf60      0x290 build/default/debug/_ext/460667659/lodepng.o
                0x23f0bf60                lodepng_inspect
 .text.lodepng_decode
                0x23f0c1f0     0x171c build/default/debug/_ext/460667659/lodepng.o
                0x23f0c1f0                lodepng_decode
 .text.lodepng_decoder_settings_init
                0x23f0d90c       0x2c build/default/debug/_ext/460667659/lodepng.o
                0x23f0d90c                lodepng_decoder_settings_init
 .text.lodepng_state_init
                0x23f0d938       0x28 build/default/debug/_ext/460667659/lodepng.o
                0x23f0d938                lodepng_state_init
 .text.lodepng_state_cleanup
                0x23f0d960       0x1c build/default/debug/_ext/460667659/lodepng.o
                0x23f0d960                lodepng_state_cleanup
 .text.lodepng_decode_memory
                0x23f0d97c       0x68 build/default/debug/_ext/460667659/lodepng.o
                0x23f0d97c                lodepng_decode_memory
 .text.stage_sourceIterateSetup
                0x23f0d9e4       0xb4 build/default/debug/_ext/460669194/legato_imagedecoder_raw_setup.o
 .text.stage_targetIterateSetup
                0x23f0da98       0x94 build/default/debug/_ext/460669194/legato_imagedecoder_raw_setup.o
 .text._leRawImageDecoder_SourceIterateSetupStage
                0x23f0db2c       0x38 build/default/debug/_ext/460669194/legato_imagedecoder_raw_setup.o
                0x23f0db2c                _leRawImageDecoder_SourceIterateSetupStage
 .text._leRawImageDecoder_TargetIterateSetupStage
                0x23f0db64       0x38 build/default/debug/_ext/460669194/legato_imagedecoder_raw_setup.o
                0x23f0db64                _leRawImageDecoder_TargetIterateSetupStage
 .text.stage_postRead
                0x23f0db9c       0x14 build/default/debug/_ext/460669194/legato_imagedecoder_raw_scale.o
 .text.stage_scaledNearestNeighborPreRead
                0x23f0dbb0       0xc4 build/default/debug/_ext/460669194/legato_imagedecoder_raw_scale.o
 .text.stage_bilinearPreRead
                0x23f0dc74      0x164 build/default/debug/_ext/460669194/legato_imagedecoder_raw_scale.o
 .text.stage_scaledBilinearPostRead
                0x23f0ddd8       0x8c build/default/debug/_ext/460669194/legato_imagedecoder_raw_scale.o
 .text._leRawImageDecoder_ScaleNearestNeighborPreReadStage
                0x23f0de64       0x6c build/default/debug/_ext/460669194/legato_imagedecoder_raw_scale.o
                0x23f0de64                _leRawImageDecoder_ScaleNearestNeighborPreReadStage
 .text._leRawImageDecoder_ScaleBilinearPreReadStage
                0x23f0ded0       0x74 build/default/debug/_ext/460669194/legato_imagedecoder_raw_scale.o
                0x23f0ded0                _leRawImageDecoder_ScaleBilinearPreReadStage
 .text._leRawImageDecoder_PostReadStage
                0x23f0df44       0x30 build/default/debug/_ext/460669194/legato_imagedecoder_raw_scale.o
                0x23f0df44                _leRawImageDecoder_PostReadStage
 .text._leRawImageDecoder_ScaleBilinearPostReadStage
                0x23f0df74       0x30 build/default/debug/_ext/460669194/legato_imagedecoder_raw_scale.o
                0x23f0df74                _leRawImageDecoder_ScaleBilinearPostReadStage
 .text.stage_rotateNearestNeighborPreRead
                0x23f0dfa4      0x120 build/default/debug/_ext/460669194/legato_imagedecoder_raw_rotate.o
 .text.stage_bilinearPreRead
                0x23f0e0c4      0x20c build/default/debug/_ext/460669194/legato_imagedecoder_raw_rotate.o
 .text.stage_rotateBilinearPostRead
                0x23f0e2d0       0x60 build/default/debug/_ext/460669194/legato_imagedecoder_raw_rotate.o
 .text._leRawImageDecoder_RotateNearestNeighborPreReadStage
                0x23f0e330       0x30 build/default/debug/_ext/460669194/legato_imagedecoder_raw_rotate.o
                0x23f0e330                _leRawImageDecoder_RotateNearestNeighborPreReadStage
 .text._leRawImageDecoder_RotateBilinearPreReadStage
                0x23f0e360       0x38 build/default/debug/_ext/460669194/legato_imagedecoder_raw_rotate.o
                0x23f0e360                _leRawImageDecoder_RotateBilinearPreReadStage
 .text._leRawImageDecoder_RotateBilinearPostReadStage
                0x23f0e398       0x30 build/default/debug/_ext/460669194/legato_imagedecoder_raw_rotate.o
                0x23f0e398                _leRawImageDecoder_RotateBilinearPostReadStage
 .text.stage_decode
                0x23f0e3c8       0x74 build/default/debug/_ext/460669194/legato_imagedecoder_raw_read_internal.o
 .text.rleRandomDecode
                0x23f0e43c       0x54 build/default/debug/_ext/460669194/legato_imagedecoder_raw_read_internal.o
 .text.rleSequentialDecode
                0x23f0e490       0x48 build/default/debug/_ext/460669194/legato_imagedecoder_raw_read_internal.o
 .text.colorDecode
                0x23f0e4d8       0x34 build/default/debug/_ext/460669194/legato_imagedecoder_raw_read_internal.o
 .text.indexRLERandomDecode
                0x23f0e50c       0x80 build/default/debug/_ext/460669194/legato_imagedecoder_raw_read_internal.o
 .text.indexRLESequentialDecode
                0x23f0e58c       0x74 build/default/debug/_ext/460669194/legato_imagedecoder_raw_read_internal.o
 .text.indexDecode
                0x23f0e600       0x30 build/default/debug/_ext/460669194/legato_imagedecoder_raw_read_internal.o
 .text._leRawImageDecoder_ReadStage_Internal
                0x23f0e630      0x100 build/default/debug/_ext/460669194/legato_imagedecoder_raw_read_internal.o
                0x23f0e630                _leRawImageDecoder_ReadStage_Internal
 .text.stage_imageRenderPostLookup
                0x23f0e730       0x48 build/default/debug/_ext/460669194/legato_imagedecoder_raw_palette_internal.o
 .text.stage_lookup
                0x23f0e778       0x40 build/default/debug/_ext/460669194/legato_imagedecoder_raw_palette_internal.o
 .text._leRawImageDecoder_LookupStage_Internal
                0x23f0e7b8       0x54 build/default/debug/_ext/460669194/legato_imagedecoder_raw_palette_internal.o
                0x23f0e7b8                _leRawImageDecoder_LookupStage_Internal
 .text._leRawImageDecoder_ImageRenderPostLookupStage
                0x23f0e80c       0x38 build/default/debug/_ext/460669194/legato_imagedecoder_raw_palette_internal.o
                0x23f0e80c                _leRawImageDecoder_ImageRenderPostLookupStage
 .text.stage_BlendRGBA5551
                0x23f0e844       0x1c build/default/debug/_ext/460669194/legato_imagedecoder_raw_blend.o
 .text.stage_BlendARGB8888
                0x23f0e860       0x70 build/default/debug/_ext/460669194/legato_imagedecoder_raw_blend.o
 .text.stage_BlendRGBA8888
                0x23f0e8d0       0x70 build/default/debug/_ext/460669194/legato_imagedecoder_raw_blend.o
 .text._leRawImageDecoder_BlendStage_Internal
                0x23f0e940       0xb0 build/default/debug/_ext/460669194/legato_imagedecoder_raw_blend.o
                0x23f0e940                _leRawImageDecoder_BlendStage_Internal
 .text._supportsImage
                0x23f0e9f0       0x14 build/default/debug/_ext/460669194/legato_imagedecoder_raw.o
 .text._decoderCleanup
                0x23f0ea04       0x64 build/default/debug/_ext/460669194/legato_imagedecoder_raw.o
 .text._decoderExec
                0x23f0ea68       0x84 build/default/debug/_ext/460669194/legato_imagedecoder_raw.o
 .text._decoderIsDone
                0x23f0eaec       0x10 build/default/debug/_ext/460669194/legato_imagedecoder_raw.o
 .text._initReadStage
                0x23f0eafc       0x1c build/default/debug/_ext/460669194/legato_imagedecoder_raw.o
 .text._initMaskStage
                0x23f0eb18       0x24 build/default/debug/_ext/460669194/legato_imagedecoder_raw.o
 .text._initBlendStage
                0x23f0eb3c       0x44 build/default/debug/_ext/460669194/legato_imagedecoder_raw.o
 .text._initConvertStage
                0x23f0eb80       0x4c build/default/debug/_ext/460669194/legato_imagedecoder_raw.o
 .text._rotateDraw
                0x23f0ebcc      0x2b0 build/default/debug/_ext/460669194/legato_imagedecoder_raw.o
 .text._rotate  0x23f0ee7c      0x2f4 build/default/debug/_ext/460669194/legato_imagedecoder_raw.o
 .text._resizeDraw
                0x23f0f170      0x294 build/default/debug/_ext/460669194/legato_imagedecoder_raw.o
 .text._resize  0x23f0f404      0x238 build/default/debug/_ext/460669194/legato_imagedecoder_raw.o
 .text._copy    0x23f0f63c      0x1b8 build/default/debug/_ext/460669194/legato_imagedecoder_raw.o
 .text._initLookupStage
                0x23f0f7f4       0x4c build/default/debug/_ext/460669194/legato_imagedecoder_raw.o
 .text._render  0x23f0f840      0x260 build/default/debug/_ext/460669194/legato_imagedecoder_raw.o
 .text._draw    0x23f0faa0      0x2f4 build/default/debug/_ext/460669194/legato_imagedecoder_raw.o
 .text._leRawImageDecoder_Init
                0x23f0fd94       0xa8 build/default/debug/_ext/460669194/legato_imagedecoder_raw.o
                0x23f0fd94                _leRawImageDecoder_Init
 .text._leRawImageDecoder_InjectStage
                0x23f0fe3c       0x38 build/default/debug/_ext/460669194/legato_imagedecoder_raw.o
                0x23f0fe3c                _leRawImageDecoder_InjectStage
 .text.stage_convertColor
                0x23f0fe74       0x2c build/default/debug/_ext/460669194/legato_imagedecoder_raw_convert.o
 .text._leRawImageDecoder_ConvertStage
                0x23f0fea0       0x90 build/default/debug/_ext/460669194/legato_imagedecoder_raw_convert.o
                0x23f0fea0                _leRawImageDecoder_ConvertStage
 .text.stage_rejectMaskedColor
                0x23f0ff30       0x24 build/default/debug/_ext/460669194/legato_imagedecoder_raw_mask.o
 .text._leRawImageDecoder_MaskStage_Internal
                0x23f0ff54       0x30 build/default/debug/_ext/460669194/legato_imagedecoder_raw_mask.o
                0x23f0ff54                _leRawImageDecoder_MaskStage_Internal
 .text.stage_FrameBufferWrite
                0x23f0ff84       0x24 build/default/debug/_ext/460669194/legato_imagedecoder_raw_write.o
 .text.stage_ImageWrite
                0x23f0ffa8       0x28 build/default/debug/_ext/460669194/legato_imagedecoder_raw_write.o
 .text._leRawImageDecoder_FrameBufferWriteStage
                0x23f0ffd0       0x30 build/default/debug/_ext/460669194/legato_imagedecoder_raw_write.o
                0x23f0ffd0                _leRawImageDecoder_FrameBufferWriteStage
 .text._leRawImageDecoder_ImageWriteStage
                0x23f10000       0x30 build/default/debug/_ext/460669194/legato_imagedecoder_raw_write.o
                0x23f10000                _leRawImageDecoder_ImageWriteStage
 .text.leImage_InitDecoders
                0x23f10030       0x30 build/default/debug/_ext/1428714511/legato_image.o
                0x23f10030                leImage_InitDecoders
 .text.leImage_Create
                0x23f10060       0x94 build/default/debug/_ext/1428714511/legato_image.o
                0x23f10060                leImage_Create
 .text.leImage_Allocate
                0x23f100f4       0xb4 build/default/debug/_ext/1428714511/legato_image.o
                0x23f100f4                leImage_Allocate
 .text.leImage_Draw
                0x23f101a8       0xd4 build/default/debug/_ext/1428714511/legato_image.o
                0x23f101a8                leImage_Draw
 .text.getDiscreteValueAtIndex1
                0x23f1027c       0x18 build/default/debug/_ext/1428714511/legato_image_utils.o
 .text.getDiscreteValueAtIndex4
                0x23f10294       0x10 build/default/debug/_ext/1428714511/legato_image_utils.o
 .text.getDiscreteValueAtIndex8
                0x23f102a4        0x8 build/default/debug/_ext/1428714511/legato_image_utils.o
 .text.calcOffset1bpp
                0x23f102ac        0x8 build/default/debug/_ext/1428714511/legato_image_utils.o
 .text.calcOffset4bpp
                0x23f102b4        0x8 build/default/debug/_ext/1428714511/legato_image_utils.o
 .text.calcOffset8bpp
                0x23f102bc        0x4 build/default/debug/_ext/1428714511/legato_image_utils.o
 .text.calcOffset16bpp
                0x23f102c0        0x8 build/default/debug/_ext/1428714511/legato_image_utils.o
 .text.calcOffset24bpp
                0x23f102c8        0x8 build/default/debug/_ext/1428714511/legato_image_utils.o
 .text.calcOffset32bpp
                0x23f102d0        0x8 build/default/debug/_ext/1428714511/legato_image_utils.o
 .text.leGetRLEDataAtIndex
                0x23f102d8       0xd8 build/default/debug/_ext/1428714511/legato_image_utils.o
                0x23f102d8                leGetRLEDataAtIndex
 .text.leGetDiscreteValueAtIndex
                0x23f103b0       0x18 build/default/debug/_ext/1428714511/legato_image_utils.o
                0x23f103b0                leGetDiscreteValueAtIndex
 .text.leGetOffsetFromIndexAndBPP
                0x23f103c8       0x18 build/default/debug/_ext/1428714511/legato_image_utils.o
                0x23f103c8                leGetOffsetFromIndexAndBPP
 .text.leFixedHeap_Init
                0x23f103e0       0xb0 build/default/debug/_ext/1232982741/legato_fixedheap.o
                0x23f103e0                leFixedHeap_Init
 .text.leFixedHeap_Alloc
                0x23f10490       0x48 build/default/debug/_ext/1232982741/legato_fixedheap.o
                0x23f10490                leFixedHeap_Alloc
 .text.leFixedHeap_Free
                0x23f104d8       0x1c build/default/debug/_ext/1232982741/legato_fixedheap.o
                0x23f104d8                leFixedHeap_Free
 .text.leFixedHeap_Contains
                0x23f104f4       0x60 build/default/debug/_ext/1232982741/legato_fixedheap.o
                0x23f104f4                leFixedHeap_Contains
 .text._insertIntoList
                0x23f10554       0x84 build/default/debug/_ext/1232982741/legato_variableheap.o
 .text._removeFromList
                0x23f105d8       0x38 build/default/debug/_ext/1232982741/legato_variableheap.o
 .text._findPreviousBlock
                0x23f10610       0xa0 build/default/debug/_ext/1232982741/legato_variableheap.o
 .text._findNextBlock
                0x23f106b0       0x74 build/default/debug/_ext/1232982741/legato_variableheap.o
 .text._canSplit
                0x23f10724       0x3c build/default/debug/_ext/1232982741/legato_variableheap.o
 .text._combineFreeBlockNext
                0x23f10760       0x7c build/default/debug/_ext/1232982741/legato_variableheap.o
 .text._growAllocBlock
                0x23f107dc      0x104 build/default/debug/_ext/1232982741/legato_variableheap.o
 .text.leVariableHeap_Init
                0x23f108e0       0x58 build/default/debug/_ext/1232982741/legato_variableheap.o
                0x23f108e0                leVariableHeap_Init
 .text.leVariableHeap_Alloc
                0x23f10938      0x130 build/default/debug/_ext/1232982741/legato_variableheap.o
                0x23f10938                leVariableHeap_Alloc
 .text.leVariableHeap_Free
                0x23f10a68       0xd8 build/default/debug/_ext/1232982741/legato_variableheap.o
                0x23f10a68                leVariableHeap_Free
 .text.leVariableHeap_Realloc
                0x23f10b40      0x2a0 build/default/debug/_ext/1232982741/legato_variableheap.o
                0x23f10b40                leVariableHeap_Realloc
 .text.leVariableHeap_Contains
                0x23f10de0       0x20 build/default/debug/_ext/1232982741/legato_variableheap.o
                0x23f10de0                leVariableHeap_Contains
 .text.leVariableHeap_SizeOf
                0x23f10e00        0x8 build/default/debug/_ext/1232982741/legato_variableheap.o
                0x23f10e00                leVariableHeap_SizeOf
 .text.leVariableHeap_Validate
                0x23f10e08        0x8 build/default/debug/_ext/1232982741/legato_variableheap.o
                0x23f10e08                leVariableHeap_Validate
 .text._fixedHeapAlloc
                0x23f10e10       0x60 build/default/debug/_ext/1232982741/legato_memory.o
 .text._findFixedHeapForPointer
                0x23f10e70       0x5c build/default/debug/_ext/1232982741/legato_memory.o
 .text.leMemory_Init
                0x23f10ecc       0xb0 build/default/debug/_ext/1232982741/legato_memory.o
                0x23f10ecc                leMemory_Init
 .text.leMalloc
                0x23f10f7c       0x28 build/default/debug/_ext/1232982741/legato_memory.o
                0x23f10f7c                leMalloc
 .text.leFree   0x23f10fa4       0x6c build/default/debug/_ext/1232982741/legato_memory.o
                0x23f10fa4                leFree
 .text.leRealloc
                0x23f11010      0x25c build/default/debug/_ext/1232982741/legato_memory.o
                0x23f11010                leRealloc
 .text.drawQ1   0x23f1126c      0x1d0 build/default/debug/_ext/656756333/legato_draw_arc.o
 .text.drawQ2   0x23f1143c      0x1bc build/default/debug/_ext/656756333/legato_draw_arc.o
 .text.drawQ3   0x23f115f8      0x1c8 build/default/debug/_ext/656756333/legato_draw_arc.o
 .text.drawQ4   0x23f117c0      0x1d8 build/default/debug/_ext/656756333/legato_draw_arc.o
 .text.leRenderer_ArcFill
                0x23f11998      0x3e0 build/default/debug/_ext/656756333/legato_draw_arc.o
                0x23f11998                leRenderer_ArcFill
 .text.leRenderer_CircleFill
                0x23f11d78       0xc0 build/default/debug/_ext/656756333/legato_draw_arc.o
                0x23f11d78                leRenderer_CircleFill
 .text.findDirtyWidget
                0x23f11e38       0x90 build/default/debug/_ext/656756333/legato_renderer.o
 .text._nextRect
                0x23f11ec8       0x34 build/default/debug/_ext/656756333/legato_renderer.o
 .text.invalidateWidget
                0x23f11efc       0xe0 build/default/debug/_ext/656756333/legato_renderer.o
 .text.addDamageRectToList
                0x23f11fdc       0xb8 build/default/debug/_ext/656756333/legato_renderer.o
 .text.leRenderer_IsIdle
                0x23f12094       0x18 build/default/debug/_ext/656756333/legato_renderer.o
                0x23f12094                leRenderer_IsIdle
 .text.leGetRenderBuffer
                0x23f120ac       0x28 build/default/debug/_ext/656756333/legato_renderer.o
                0x23f120ac                leGetRenderBuffer
 .text.leRenderer_CurrentColorMode
                0x23f120d4       0x20 build/default/debug/_ext/656756333/legato_renderer.o
                0x23f120d4                leRenderer_CurrentColorMode
 .text.leRenderer_ConvertColor
                0x23f120f4       0x34 build/default/debug/_ext/656756333/legato_renderer.o
                0x23f120f4                leRenderer_ConvertColor
 .text.leRenderer_DisplaySize
                0x23f12128       0x40 build/default/debug/_ext/656756333/legato_renderer.o
                0x23f12128                leRenderer_DisplaySize
 .text.leRenderer_GetClipRect
                0x23f12168       0x18 build/default/debug/_ext/656756333/legato_renderer.o
                0x23f12168                leRenderer_GetClipRect
 .text.leRenderer_GetFrameRect
                0x23f12180       0x28 build/default/debug/_ext/656756333/legato_renderer.o
                0x23f12180                leRenderer_GetFrameRect
 .text.leRenderer_CullDrawRect
                0x23f121a8       0x20 build/default/debug/_ext/656756333/legato_renderer.o
                0x23f121a8                leRenderer_CullDrawRect
 .text.leRenderer_CullDrawXY
                0x23f121c8       0x30 build/default/debug/_ext/656756333/legato_renderer.o
                0x23f121c8                leRenderer_CullDrawXY
 .text.leRenderer_ClipDrawRect
                0x23f121f8       0x18 build/default/debug/_ext/656756333/legato_renderer.o
                0x23f121f8                leRenderer_ClipDrawRect
 .text.leRenderer_Initialize
                0x23f12210       0xb8 build/default/debug/_ext/656756333/legato_renderer.o
                0x23f12210                leRenderer_Initialize
 .text.leRenderer_DisplayInterface
                0x23f122c8       0x10 build/default/debug/_ext/656756333/legato_renderer.o
                0x23f122c8                leRenderer_DisplayInterface
 .text.leRenderer_GPUInterface
                0x23f122d8       0x10 build/default/debug/_ext/656756333/legato_renderer.o
                0x23f122d8                leRenderer_GPUInterface
 .text.leRenderer_DamageArea
                0x23f122e8       0xa8 build/default/debug/_ext/656756333/legato_renderer.o
                0x23f122e8                leRenderer_DamageArea
 .text.leRenderer_Paint
                0x23f12390      0x7c8 build/default/debug/_ext/656756333/legato_renderer.o
                0x23f12390                leRenderer_Paint
 .text._leRenderer_CreateLayerState
                0x23f12b58       0x48 build/default/debug/_ext/656756333/legato_renderer.o
                0x23f12b58                _leRenderer_CreateLayerState
 .text._convertColorMode
                0x23f12ba0        0xc build/default/debug/_ext/656756333/legato_gpu.o
 .text.leGPU_DrawLine
                0x23f12bac      0x1e4 build/default/debug/_ext/656756333/legato_gpu.o
                0x23f12bac                leGPU_DrawLine
 .text.leGPU_ClearBuffer
                0x23f12d90       0xa4 build/default/debug/_ext/656756333/legato_gpu.o
                0x23f12d90                leGPU_ClearBuffer
 .text.leGPU_FillRect
                0x23f12e34      0x178 build/default/debug/_ext/656756333/legato_gpu.o
                0x23f12e34                leGPU_FillRect
 .text.leGPU_BlitBuffer
                0x23f12fac      0x224 build/default/debug/_ext/656756333/legato_gpu.o
                0x23f12fac                leGPU_BlitBuffer
 .text.leGPU_BlitStretchBuffer
                0x23f131d0      0x200 build/default/debug/_ext/656756333/legato_gpu.o
                0x23f131d0                leGPU_BlitStretchBuffer
 .text.leRenderer_HorzLine
                0x23f133d0       0xe4 build/default/debug/_ext/656756333/legato_draw_line.o
                0x23f133d0                leRenderer_HorzLine
 .text.leRenderer_VertLine
                0x23f134b4       0xe4 build/default/debug/_ext/656756333/legato_draw_line.o
                0x23f134b4                leRenderer_VertLine
 .text.leRenderer_RectFill
                0x23f13598       0x6c build/default/debug/_ext/656756333/legato_draw_rect.o
                0x23f13598                leRenderer_RectFill
 .text._MonoFill
                0x23f13604       0x64 build/default/debug/_ext/656756333/legato_draw.o
 .text._MonoPutPixel
                0x23f13668       0x30 build/default/debug/_ext/656756333/legato_draw.o
 .text._RGBPutPixel
                0x23f13698       0x2c build/default/debug/_ext/656756333/legato_draw.o
 .text._RGBFill
                0x23f136c4       0x88 build/default/debug/_ext/656756333/legato_draw.o
 .text._RGBBlendPixel
                0x23f1374c      0x15c build/default/debug/_ext/656756333/legato_draw.o
 .text.leRenderer_GetPixel
                0x23f138a8       0x40 build/default/debug/_ext/656756333/legato_draw.o
                0x23f138a8                leRenderer_GetPixel
 .text.leRenderer_PutPixel
                0x23f138e8       0x4c build/default/debug/_ext/656756333/legato_draw.o
                0x23f138e8                leRenderer_PutPixel
 .text.leRenderer_BlendPixel
                0x23f13934       0x50 build/default/debug/_ext/656756333/legato_draw.o
                0x23f13934                leRenderer_BlendPixel
 .text.leRenderer_BlendPixel_Safe
                0x23f13984       0x64 build/default/debug/_ext/656756333/legato_draw.o
                0x23f13984                leRenderer_BlendPixel_Safe
 .text._RGBBlendFill
                0x23f139e8      0x140 build/default/debug/_ext/656756333/legato_draw.o
 .text.leRenderer_FillArea
                0x23f13b28       0x30 build/default/debug/_ext/656756333/legato_draw.o
                0x23f13b28                leRenderer_FillArea
 .text._leRenderer_InitDrawForMode
                0x23f13b58       0xa0 build/default/debug/_ext/656756333/legato_draw.o
                0x23f13b58                _leRenderer_InitDrawForMode
 .text._leDynamicString_GetFont
                0x23f13bf8        0x8 build/default/debug/_ext/1047211973/legato_dynamicstring.o
                0x23f13bf8                _leDynamicString_GetFont
 .text._leDynamicString_SetFont
                0x23f13c00       0x34 build/default/debug/_ext/1047211973/legato_dynamicstring.o
                0x23f13c00                _leDynamicString_SetFont
 .text._leDynamicString_GetCapacity
                0x23f13c34        0x8 build/default/debug/_ext/1047211973/legato_dynamicstring.o
                0x23f13c34                _leDynamicString_GetCapacity
 .text._leDynamicString_SetFromString
                0x23f13c3c       0xcc build/default/debug/_ext/1047211973/legato_dynamicstring.o
                0x23f13c3c                _leDynamicString_SetFromString
 .text._leDynamicString_SetFromChar
                0x23f13d08       0xa8 build/default/debug/_ext/1047211973/legato_dynamicstring.o
                0x23f13d08                _leDynamicString_SetFromChar
 .text._leDynamicString_Length
                0x23f13db0        0x8 build/default/debug/_ext/1047211973/legato_dynamicstring.o
                0x23f13db0                _leDynamicString_Length
 .text._leDynamicString_IsEmpty
                0x23f13db8       0x10 build/default/debug/_ext/1047211973/legato_dynamicstring.o
                0x23f13db8                _leDynamicString_IsEmpty
 .text._leDynamicString_CharAt
                0x23f13dc8       0x1c build/default/debug/_ext/1047211973/legato_dynamicstring.o
                0x23f13dc8                _leDynamicString_CharAt
 .text._leDynamicString_Compare
                0x23f13de4       0x8c build/default/debug/_ext/1047211973/legato_dynamicstring.o
                0x23f13de4                _leDynamicString_Compare
 .text._leDynamicString_Append
                0x23f13e70       0xec build/default/debug/_ext/1047211973/legato_dynamicstring.o
                0x23f13e70                _leDynamicString_Append
 .text._leDynamicString_Insert
                0x23f13f5c      0x184 build/default/debug/_ext/1047211973/legato_dynamicstring.o
                0x23f13f5c                _leDynamicString_Insert
 .text._leDynamicString_Remove
                0x23f140e0       0xc8 build/default/debug/_ext/1047211973/legato_dynamicstring.o
                0x23f140e0                _leDynamicString_Remove
 .text._leDynamicString_Clear
                0x23f141a8       0x30 build/default/debug/_ext/1047211973/legato_dynamicstring.o
                0x23f141a8                _leDynamicString_Clear
 .text._leDynamicString_Destructor
                0x23f141d8       0x38 build/default/debug/_ext/1047211973/legato_dynamicstring.o
                0x23f141d8                _leDynamicString_Destructor
 .text._leDynamicString_SetCapacity
                0x23f14210       0xac build/default/debug/_ext/1047211973/legato_dynamicstring.o
                0x23f14210                _leDynamicString_SetCapacity
 .text._leDynamicString_SetFromCStr
                0x23f142bc       0xa8 build/default/debug/_ext/1047211973/legato_dynamicstring.o
                0x23f142bc                _leDynamicString_SetFromCStr
 .text._leDynamicString_ToChar
                0x23f14364       0x50 build/default/debug/_ext/1047211973/legato_dynamicstring.o
                0x23f14364                _leDynamicString_ToChar
 .text.leDynamicString_Constructor
                0x23f143b4       0x34 build/default/debug/_ext/1047211973/legato_dynamicstring.o
                0x23f143b4                leDynamicString_Constructor
 .text.leDynamicString_New
                0x23f143e8       0x1c build/default/debug/_ext/1047211973/legato_dynamicstring.o
                0x23f143e8                leDynamicString_New
 .text.leStringRenderer_DrawString
                0x23f14404      0x290 build/default/debug/_ext/1047211973/legato_string_renderer.o
                0x23f14404                leStringRenderer_DrawString
 .text.leStringTable_GetStringOffset
                0x23f14694       0x64 build/default/debug/_ext/1047211973/legato_stringtable.o
                0x23f14694                leStringTable_GetStringOffset
 .text.leStringTable_GetStringFont
                0x23f146f8       0x60 build/default/debug/_ext/1047211973/legato_stringtable.o
                0x23f146f8                leStringTable_GetStringFont
 .text.leStringTable_StringLookup
                0x23f14758       0x60 build/default/debug/_ext/1047211973/legato_stringtable.o
                0x23f14758                leStringTable_StringLookup
 .text.leStringTable_GetStringLength
                0x23f147b8       0x84 build/default/debug/_ext/1047211973/legato_stringtable.o
                0x23f147b8                leStringTable_GetStringLength
 .text.leString_Delete
                0x23f1483c       0x28 build/default/debug/_ext/1047211973/legato_string.o
                0x23f1483c                leString_Delete
 .text._leString_Constructor
                0x23f14864       0x18 build/default/debug/_ext/1047211973/legato_string.o
                0x23f14864                _leString_Constructor
 .text._leString_Destructor
                0x23f1487c        0x4 build/default/debug/_ext/1047211973/legato_string.o
                0x23f1487c                _leString_Destructor
 .text._leString_GetRect
                0x23f14880       0xd8 build/default/debug/_ext/1047211973/legato_string.o
                0x23f14880                _leString_GetRect
 .text._leString_GetLineCount
                0x23f14958       0x58 build/default/debug/_ext/1047211973/legato_string.o
                0x23f14958                _leString_GetLineCount
 .text._leString_GetLineIndices
                0x23f149b0       0xbc build/default/debug/_ext/1047211973/legato_string.o
                0x23f149b0                _leString_GetLineIndices
 .text._leString_GetLineRect
                0x23f14a6c      0x118 build/default/debug/_ext/1047211973/legato_string.o
                0x23f14a6c                _leString_GetLineRect
 .text._leString_GetCharRect
                0x23f14b84      0x118 build/default/debug/_ext/1047211973/legato_string.o
                0x23f14b84                _leString_GetCharRect
 .text._leString_GetCharIndexAtPoint
                0x23f14c9c      0x128 build/default/debug/_ext/1047211973/legato_string.o
                0x23f14c9c                _leString_GetCharIndexAtPoint
 .text._leString_Draw
                0x23f14dc4       0x40 build/default/debug/_ext/1047211973/legato_string.o
                0x23f14dc4                _leString_Draw
 .text._leString_PreInvalidate
                0x23f14e04       0x1c build/default/debug/_ext/1047211973/legato_string.o
                0x23f14e04                _leString_PreInvalidate
 .text._leString_Invalidate
                0x23f14e20       0x1c build/default/debug/_ext/1047211973/legato_string.o
                0x23f14e20                _leString_Invalidate
 .text._leString_SetPreInvalidateCallback
                0x23f14e3c       0x18 build/default/debug/_ext/1047211973/legato_string.o
                0x23f14e3c                _leString_SetPreInvalidateCallback
 .text._leString_SetInvalidateCallback
                0x23f14e54       0x18 build/default/debug/_ext/1047211973/legato_string.o
                0x23f14e54                _leString_SetInvalidateCallback
 .text.decodeASCII
                0x23f14e6c       0x18 build/default/debug/_ext/1047211973/legato_stringutils.o
 .text.decodeUTF8
                0x23f14e84      0x1f8 build/default/debug/_ext/1047211973/legato_stringutils.o
 .text.decodeUTF16
                0x23f1507c       0x80 build/default/debug/_ext/1047211973/legato_stringutils.o
 .text.leDecodeCodePoint
                0x23f150fc       0x2c build/default/debug/_ext/1047211973/legato_stringutils.o
                0x23f150fc                leDecodeCodePoint
 .text.leStringUtils_KerningRect
                0x23f15128       0x44 build/default/debug/_ext/1047211973/legato_stringutils.o
                0x23f15128                leStringUtils_KerningRect
 .text._leFixedString_GetFont
                0x23f1516c        0x8 build/default/debug/_ext/1047211973/legato_fixedstring.o
                0x23f1516c                _leFixedString_GetFont
 .text._leFixedString_SetFont
                0x23f15174       0x34 build/default/debug/_ext/1047211973/legato_fixedstring.o
                0x23f15174                _leFixedString_SetFont
 .text._leFixedString_SetFromString
                0x23f151a8       0xc8 build/default/debug/_ext/1047211973/legato_fixedstring.o
                0x23f151a8                _leFixedString_SetFromString
 .text._leFixedString_SetFromChar
                0x23f15270       0xa0 build/default/debug/_ext/1047211973/legato_fixedstring.o
                0x23f15270                _leFixedString_SetFromChar
 .text._leFixedString_Length
                0x23f15310        0x8 build/default/debug/_ext/1047211973/legato_fixedstring.o
                0x23f15310                _leFixedString_Length
 .text._leFixedString_IsEmpty
                0x23f15318       0x10 build/default/debug/_ext/1047211973/legato_fixedstring.o
                0x23f15318                _leFixedString_IsEmpty
 .text._leFixedString_CharAt
                0x23f15328       0x1c build/default/debug/_ext/1047211973/legato_fixedstring.o
                0x23f15328                _leFixedString_CharAt
 .text._leFixedString_Compare
                0x23f15344       0xb0 build/default/debug/_ext/1047211973/legato_fixedstring.o
                0x23f15344                _leFixedString_Compare
 .text._leFixedString_Append
                0x23f153f4       0xdc build/default/debug/_ext/1047211973/legato_fixedstring.o
                0x23f153f4                _leFixedString_Append
 .text._leFixedString_Insert
                0x23f154d0      0x180 build/default/debug/_ext/1047211973/legato_fixedstring.o
                0x23f154d0                _leFixedString_Insert
 .text._leFixedString_Remove
                0x23f15650       0xd4 build/default/debug/_ext/1047211973/legato_fixedstring.o
                0x23f15650                _leFixedString_Remove
 .text._leFixedString_Clear
                0x23f15724       0x30 build/default/debug/_ext/1047211973/legato_fixedstring.o
                0x23f15724                _leFixedString_Clear
 .text._leFixedString_Destructor
                0x23f15754       0x20 build/default/debug/_ext/1047211973/legato_fixedstring.o
                0x23f15754                _leFixedString_Destructor
 .text._leFixedString_SetFromCStr
                0x23f15774       0xa8 build/default/debug/_ext/1047211973/legato_fixedstring.o
                0x23f15774                _leFixedString_SetFromCStr
 .text._leFixedString_ToChar
                0x23f1581c       0x50 build/default/debug/_ext/1047211973/legato_fixedstring.o
                0x23f1581c                _leFixedString_ToChar
 .text.leFixedString_Constructor
                0x23f1586c       0x40 build/default/debug/_ext/1047211973/legato_fixedstring.o
                0x23f1586c                leFixedString_Constructor
 .text._leTableString_SetFont
                0x23f158ac        0x8 build/default/debug/_ext/1047211973/legato_tablestring.o
                0x23f158ac                _leTableString_SetFont
 .text._leTableString_SetFromString
                0x23f158b4        0x8 build/default/debug/_ext/1047211973/legato_tablestring.o
                0x23f158b4                _leTableString_SetFromString
 .text._leTableString_SetFromChar
                0x23f158bc        0x8 build/default/debug/_ext/1047211973/legato_tablestring.o
                0x23f158bc                _leTableString_SetFromChar
 .text._leTableString_SetFromCStr
                0x23f158c4        0x8 build/default/debug/_ext/1047211973/legato_tablestring.o
                0x23f158c4                _leTableString_SetFromCStr
 .text._leTableString_Compare
                0x23f158cc       0xb8 build/default/debug/_ext/1047211973/legato_tablestring.o
                0x23f158cc                _leTableString_Compare
 .text._leTableString_Append
                0x23f15984        0x8 build/default/debug/_ext/1047211973/legato_tablestring.o
                0x23f15984                _leTableString_Append
 .text._leTableString_Insert
                0x23f1598c        0x8 build/default/debug/_ext/1047211973/legato_tablestring.o
                0x23f1598c                _leTableString_Insert
 .text._leTableString_Remove
                0x23f15994        0x8 build/default/debug/_ext/1047211973/legato_tablestring.o
                0x23f15994                _leTableString_Remove
 .text._leTableString_Clear
                0x23f1599c        0x4 build/default/debug/_ext/1047211973/legato_tablestring.o
                0x23f1599c                _leTableString_Clear
 .text._leTableString_GetID
                0x23f159a0        0x8 build/default/debug/_ext/1047211973/legato_tablestring.o
                0x23f159a0                _leTableString_GetID
 .text._leTableString_SetID
                0x23f159a8       0x34 build/default/debug/_ext/1047211973/legato_tablestring.o
                0x23f159a8                _leTableString_SetID
 .text._leTableString_Destructor
                0x23f159dc       0x14 build/default/debug/_ext/1047211973/legato_tablestring.o
                0x23f159dc                _leTableString_Destructor
 .text._leTableString_GetFont
                0x23f159f0       0x2c build/default/debug/_ext/1047211973/legato_tablestring.o
                0x23f159f0                _leTableString_GetFont
 .text._leTableString_Length
                0x23f15a1c       0x78 build/default/debug/_ext/1047211973/legato_tablestring.o
                0x23f15a1c                _leTableString_Length
 .text._leTableString_IsEmpty
                0x23f15a94       0x14 build/default/debug/_ext/1047211973/legato_tablestring.o
                0x23f15a94                _leTableString_IsEmpty
 .text._leTableString_CharAt
                0x23f15aa8       0xf8 build/default/debug/_ext/1047211973/legato_tablestring.o
                0x23f15aa8                _leTableString_CharAt
 .text.leTableString_Constructor
                0x23f15ba0       0x28 build/default/debug/_ext/1047211973/legato_tablestring.o
                0x23f15ba0                leTableString_Constructor
 .text.getToggleable
                0x23f15bc8        0x8 build/default/debug/_ext/1043708429/legato_widget_button.o
 .text.setToggleable
                0x23f15bd0       0x14 build/default/debug/_ext/1043708429/legato_widget_button.o
 .text.getPressed
                0x23f15be4       0x18 build/default/debug/_ext/1043708429/legato_widget_button.o
 .text.setPressed
                0x23f15bfc      0x110 build/default/debug/_ext/1043708429/legato_widget_button.o
 .text.getString
                0x23f15d0c        0x8 build/default/debug/_ext/1043708429/legato_widget_button.o
 .text.setString
                0x23f15d14       0xa0 build/default/debug/_ext/1043708429/legato_widget_button.o
 .text.getPressedImage