Archive member included to satisfy reference by file (symbol)

c:/program files/microchip/xc32/v4.35/bin/bin/../../lib/gcc/pic32c/8.3.1/arm/v5te/nofp\libgcc.a(_udivsi3.o)
                              build/default/debug/_ext/1510041067/legato_color_blend.o (__aeabi_uidiv)
c:/program files/microchip/xc32/v4.35/bin/bin/../../lib/gcc/pic32c/8.3.1/arm/v5te/nofp\libgcc.a(_divsi3.o)
                              build/default/debug/_ext/1510041067/legato_math.o (__aeabi_idiv)
c:/program files/microchip/xc32/v4.35/bin/bin/../../lib/gcc/pic32c/8.3.1/arm/v5te/nofp\libgcc.a(_dvmd_tls.o)
                              c:/program files/microchip/xc32/v4.35/bin/bin/../../lib/gcc/pic32c/8.3.1/arm/v5te/nofp\libgcc.a(_udivsi3.o) (__aeabi_idiv0)
c:/program files/microchip/xc32/v4.35/bin/bin/../../lib/gcc/pic32c/8.3.1/arm/v5te/nofp\libgcc.a(_arm_addsubsf3.o)
                              build/default/debug/_ext/1510041067/legato_math.o (__aeabi_fsub)
c:/program files/microchip/xc32/v4.35/bin/bin/../../lib/gcc/pic32c/8.3.1/arm/v5te/nofp\libgcc.a(_arm_muldivsf3.o)
                              build/default/debug/_ext/1319235455/gfx_driver.o (__aeabi_fmul)
c:/program files/microchip/xc32/v4.35/bin/bin/../../lib/gcc/pic32c/8.3.1/arm/v5te/nofp\libgcc.a(_arm_cmpsf2.o)
                              build/default/debug/_ext/1510041067/legato_math.o (__aeabi_fcmplt)
c:/program files/microchip/xc32/v4.35/bin/bin/../../lib/gcc/pic32c/8.3.1/arm/v5te/nofp\libgcc.a(_arm_fixsfsi.o)
                              build/default/debug/_ext/1319235455/gfx_driver.o (__aeabi_f2iz)
c:/program files/microchip/xc32/v4.35/bin/bin/../../lib/gcc/pic32c/8.3.1/arm/v5te/nofp\libgcc.a(_arm_fixunssfsi.o)
                              build/default/debug/_ext/1319235455/gfx_driver.o (__aeabi_f2uiz)
c:/program files/microchip/xc32/v4.35/bin/bin/../../lib/gcc/pic32c/8.3.1/arm/v5te/nofp\libgcc.a(_aeabi_uldivmod.o)
                              build/default/debug/_ext/101884895/sys_time.o (__aeabi_uldivmod)
c:/program files/microchip/xc32/v4.35/bin/bin/../../lib/gcc/pic32c/8.3.1/arm/v5te/nofp\libgcc.a(_udivmoddi4.o)
                              c:/program files/microchip/xc32/v4.35/bin/bin/../../lib/gcc/pic32c/8.3.1/arm/v5te/nofp\libgcc.a(_aeabi_uldivmod.o) (__udivmoddi4)
c:/program files/microchip/xc32/v4.35/bin/bin/../../lib/gcc/pic32c/8.3.1/../../../../pic32c/lib/arm/v5te/nofp\libm-musl.a(atan.o)
                              build/default/debug/_ext/1510041067/legato_math.o (atan)
c:/program files/microchip/xc32/v4.35/bin/bin/../../lib/gcc/pic32c/8.3.1/../../../../pic32c/lib/arm/v5te/nofp\libm-musl.a(fabs.o)
                              c:/program files/microchip/xc32/v4.35/bin/bin/../../lib/gcc/pic32c/8.3.1/../../../../pic32c/lib/arm/v5te/nofp\libm-musl.a(atan.o) (fabs)
c:/program files/microchip/xc32/v4.35/bin/bin/../../lib/gcc/pic32c/8.3.1/../../../../pic32c/lib/arm/v5te/nofp\libg-musl.a(__libc_start_main.o)
                              build/default/debug/_ext/1171490990/cstartup.o (__libc_init_array)
c:/program files/microchip/xc32/v4.35/bin/bin/../../lib/gcc/pic32c/8.3.1/../../../../pic32c/lib/arm/v5te/nofp\libg-musl.a(libc.o)
                              c:/program files/microchip/xc32/v4.35/bin/bin/../../lib/gcc/pic32c/8.3.1/../../../../pic32c/lib/arm/v5te/nofp\libg-musl.a(__libc_start_main.o) (__progname_full)
c:/program files/microchip/xc32/v4.35/bin/bin/../../lib/gcc/pic32c/8.3.1/../../../../pic32c/lib/arm/v5te/nofp\libg-musl.a(__sio_printf_npuxX.o)
                              (_printf_npuxX)
c:/program files/microchip/xc32/v4.35/bin/bin/../../lib/gcc/pic32c/8.3.1/../../../../pic32c/lib/arm/v5te/nofp\libg-musl.a(__fmt_u.o)
                              c:/program files/microchip/xc32/v4.35/bin/bin/../../lib/gcc/pic32c/8.3.1/../../../../pic32c/lib/arm/v5te/nofp\libg-musl.a(__sio_printf_npuxX.o) (__fmt_u_needed)
c:/program files/microchip/xc32/v4.35/bin/bin/../../lib/gcc/pic32c/8.3.1/../../../../pic32c/lib/arm/v5te/nofp\libg-musl.a(__fmt_x.o)
                              c:/program files/microchip/xc32/v4.35/bin/bin/../../lib/gcc/pic32c/8.3.1/../../../../pic32c/lib/arm/v5te/nofp\libg-musl.a(__sio_printf_npuxX.o) (__fmt_x_needed)
c:/program files/microchip/xc32/v4.35/bin/bin/../../lib/gcc/pic32c/8.3.1/../../../../pic32c/lib/arm/v5te/nofp\libg-musl.a(__pop_int.o)
                              c:/program files/microchip/xc32/v4.35/bin/bin/../../lib/gcc/pic32c/8.3.1/../../../../pic32c/lib/arm/v5te/nofp\libg-musl.a(__sio_printf_npuxX.o) (__pop_int_needed)
c:/program files/microchip/xc32/v4.35/bin/bin/../../lib/gcc/pic32c/8.3.1/../../../../pic32c/lib/arm/v5te/nofp\libg-musl.a(__pop_ptr.o)
                              c:/program files/microchip/xc32/v4.35/bin/bin/../../lib/gcc/pic32c/8.3.1/../../../../pic32c/lib/arm/v5te/nofp\libg-musl.a(__sio_printf_npuxX.o) (__pop_ptr_needed)
c:/program files/microchip/xc32/v4.35/bin/bin/../../lib/gcc/pic32c/8.3.1/../../../../pic32c/lib/arm/v5te/nofp\libg-musl.a(__printf_core.o)
[...]
Memory Configuration

Name             Origin             Length             Attributes
sram             0x00300000         0x00010000         xw
ram              0x21000000         0x0f000000         xwl !r
ram_nocache      0x20000000         0x01000000         !xrw
rom              0x00000000         0x00000000         xrl
*default*        0x00000000         0xffffffff

Linker script and memory map

LOAD c:/program files/microchip/xc32/v4.35/bin/bin/../../lib/gcc/pic32c/8.3.1/arm/v5te/nofp/crti.o
LOAD c:/program files/microchip/xc32/v4.35/bin/bin/../../lib/gcc/pic32c/8.3.1/arm/v5te/nofp/crtbegin.o
LOAD build/default/debug/_ext/1319235455/gfx_driver.o
LOAD build/default/debug/_ext/1510041067/legato_rect.o
LOAD build/default/debug/_ext/1510041067/legato_utils.o
LOAD build/default/debug/_ext/1510041067/legato_color_convert.o
LOAD build/default/debug/_ext/1510041067/legato_color_lerp.o
LOAD build/default/debug/_ext/1510041067/legato_color_value.o
LOAD build/default/debug/_ext/1510041067/legato_pixelbuffer.o
LOAD build/default/debug/_ext/1510041067/legato_error.o
LOAD build/default/debug/_ext/1510041067/legato_color_blend.o
LOAD build/default/debug/_ext/1510041067/legato_color.o
LOAD build/default/debug/_ext/1510041067/legato_math.o
LOAD build/default/debug/_ext/92283465/legato_stream.o
LOAD build/default/debug/_ext/92283465/legato_state.o
LOAD build/default/debug/_ext/92283465/legato_event.o
LOAD build/default/debug/_ext/92283465/legato_scheme.o
LOAD build/default/debug/_ext/92283465/legato_input.o
LOAD build/default/debug/_ext/2021927327/legato_rectarray.o
LOAD build/default/debug/_ext/2021927327/legato_list.o
LOAD build/default/debug/_ext/2021927327/legato_array.o
LOAD build/default/debug/_ext/92372729/legato_font.o
LOAD build/default/debug/_ext/92372729/legato_rasterfont_liberationmono8.o
LOAD build/default/debug/_ext/92372729/legato_rasterfont_stream.o
LOAD build/default/debug/_ext/92372729/legato_rasterfont_liberationmono1.o
LOAD build/default/debug/_ext/1494086919/le_gen_fonts.o
LOAD build/default/debug/_ext/930643953/le_gen_images.o
LOAD build/default/debug/_ext/937247594/le_gen_screen_Screen0.o
LOAD build/default/debug/_ext/1626882341/le_gen_harmony.o
LOAD build/default/debug/_ext/1626882341/le_gen_scheme.o
LOAD build/default/debug/_ext/1626882341/le_gen_globalpalette.o
LOAD build/default/debug/_ext/1626882341/le_gen_init.o
LOAD build/default/debug/_ext/1626882341/le_gen_stringtable.o
LOAD build/default/debug/_ext/1395618758/jidctint.o
LOAD build/default/debug/_ext/1395618758/legato_imagedecoder_jpeg.o
LOAD build/default/debug/_ext/1395618758/legato_imagedecoder_jpeg_common.o
LOAD build/default/debug/_ext/1395707457/legato_imagedecoder_mono_read_internal.o
LOAD build/default/debug/_ext/1395707457/legato_imagedecoder_mono_read_stream.o
LOAD build/default/debug/_ext/1395707457/legato_imagedecoder_mono.o
LOAD build/default/debug/_ext/460667659/legato_imagedecoder_png.o
LOAD build/default/debug/_ext/460667659/lodepng.o
LOAD build/default/debug/_ext/460669194/legato_imagedecoder_raw_scale.o
LOAD build/default/debug/_ext/460669194/legato_imagedecoder_raw_setup.o
LOAD build/default/debug/_ext/460669194/legato_imagedecoder_raw_rotate.o
LOAD build/default/debug/_ext/460669194/legato_imagedecoder_raw_write.o
LOAD build/default/debug/_ext/460669194/legato_imagedecoder_raw_read_stream_rleindex.o
LOAD build/default/debug/_ext/460669194/legato_imagedecoder_raw.o
LOAD build/default/debug/_ext/460669194/legato_imagedecoder_raw_blend.o
LOAD build/default/debug/_ext/460669194/legato_imagedecoder_raw_palette_internal.o
LOAD build/default/debug/_ext/460669194/legato_imagedecoder_raw_read_internal.o
LOAD build/default/debug/_ext/460669194/legato_imagedecoder_raw_convert.o
LOAD build/default/debug/_ext/460669194/legato_imagedecoder_raw_palette_stream.o
LOAD build/default/debug/_ext/460669194/legato_imagedecoder_raw_read_stream_index.o
LOAD build/default/debug/_ext/460669194/legato_imagedecoder_raw_read_stream_color.o
LOAD build/default/debug/_ext/460669194/legato_imagedecoder_raw_mask.o
LOAD build/default/debug/_ext/460669194/legato_imagedecoder_raw_read_stream_rlecolor.o
LOAD build/default/debug/_ext/1428714511/legato_image_utils.o
LOAD build/default/debug/_ext/1428714511/legato_palette.o
LOAD build/default/debug/_ext/1428714511/legato_image.o
LOAD build/default/debug/_ext/1232982741/legato_variableheap.o
LOAD build/default/debug/_ext/1232982741/legato_memory.o
LOAD build/default/debug/_ext/1232982741/legato_fixedheap.o
LOAD build/default/debug/_ext/656756333/legato_draw_rect.o
LOAD build/default/debug/_ext/656756333/legato_draw.o
LOAD build/default/debug/_ext/656756333/legato_draw_arc.o
LOAD build/default/debug/_ext/656756333/legato_draw_line.o
LOAD build/default/debug/_ext/656756333/legato_renderer.o
LOAD build/default/debug/_ext/656756333/legato_gpu.o
LOAD build/default/debug/_ext/1047211973/legato_stringutils.o
LOAD build/default/debug/_ext/1047211973/legato_string.o
LOAD build/default/debug/_ext/1047211973/legato_tablestring.o
LOAD build/default/debug/_ext/1047211973/legato_fixedstring.o
LOAD build/default/debug/_ext/1047211973/legato_string_renderer.o
LOAD build/default/debug/_ext/1047211973/legato_dynamicstring.o
LOAD build/default/debug/_ext/1047211973/legato_string_renderer_stream.o
LOAD build/default/debug/_ext/1047211973/legato_stringtable.o
LOAD build/default/debug/_ext/1720272079/legato_widget_arc_skin_classic.o
LOAD build/default/debug/_ext/1720272079/legato_widget_arc.o
LOAD build/default/debug/_ext/1379158940/legato_widget_bar_graph_skin_classic.o
LOAD build/default/debug/_ext/1379158940/legato_widget_bar_graph.o
LOAD build/default/debug/_ext/1043708429/legato_widget_button_skin_classic.o
LOAD build/default/debug/_ext/1043708429/legato_widget_button.o
LOAD build/default/debug/_ext/368479812/legato_widget_checkbox.o
LOAD build/default/debug/_ext/368479812/legato_widget_checkbox_skin_classic.o
LOAD build/default/debug/_ext/1026237551/legato_widget_circle_skin_classic.o
LOAD build/default/debug/_ext/1026237551/legato_widget_circle.o
LOAD build/default/debug/_ext/2143783897/legato_widget_circular_gauge_skin_classic.o
LOAD build/default/debug/_ext/2143783897/legato_widget_circular_gauge.o
LOAD build/default/debug/_ext/1908827647/legato_widget_circular_slider_skin_classic.o
LOAD build/default/debug/_ext/1908827647/legato_widget_circular_slider.o
LOAD build/default/debug/_ext/1828717368/legato_widget_drawsurface.o
LOAD build/default/debug/_ext/1828717368/legato_widget_drawsurface_skin_classic.o
LOAD build/default/debug/_ext/1078761039/legato_widget_gradient_skin_classic.o
LOAD build/default/debug/_ext/1078761039/legato_widget_gradient.o
LOAD build/default/debug/_ext/662047379/legato_widget_groupbox.o
LOAD build/default/debug/_ext/662047379/legato_widget_groupbox_skin_classic.o
LOAD build/default/debug/_ext/388181626/legato_widget_image_skin_classic.o
LOAD build/default/debug/_ext/388181626/legato_widget_image.o
LOAD build/default/debug/_ext/1310443605/legato_widget_imagerotate.o
LOAD build/default/debug/_ext/1310443605/legato_widget_imagerotate_skin_classic.o
LOAD build/default/debug/_ext/1012651792/legato_widget_imagescale.o
LOAD build/default/debug/_ext/1012651792/legato_widget_imagescale_skin_classic.o
LOAD build/default/debug/_ext/1994224581/legato_widget_imagesequence.o
LOAD build/default/debug/_ext/1994224581/legato_widget_imagesequence_skin_classic.o
LOAD build/default/debug/_ext/800677739/legato_widget_keypad_skin_classic.o
LOAD build/default/debug/_ext/800677739/legato_widget_keypad.o
LOAD build/default/debug/_ext/390595603/legato_widget_label.o
LOAD build/default/debug/_ext/390595603/legato_widget_label_skin_classic.o
LOAD build/default/debug/_ext/1788507403/legato_widget_line_skin_classic.o
LOAD build/default/debug/_ext/1788507403/legato_widget_line.o
LOAD build/default/debug/_ext/645187449/legato_widget_line_graph.o
LOAD build/default/debug/_ext/645187449/legato_widget_line_graph_skin_classic.o
LOAD build/default/debug/_ext/1788507233/legato_widget_list.o
LOAD build/default/debug/_ext/1788507233/legato_widget_list_skin_classic.o
LOAD build/default/debug/_ext/1231657756/legato_widget_listwheel_skin_classic.o
LOAD build/default/debug/_ext/1231657756/legato_widget_listwheel.o
LOAD build/default/debug/_ext/1857376173/legato_widget_pie_chart.o
LOAD build/default/debug/_ext/1857376173/legato_widget_pie_chart_skin_classic.o
LOAD build/default/debug/_ext/616308571/legato_widget_progressbar.o
LOAD build/default/debug/_ext/616308571/legato_widget_progressbar_skin_classic.o
LOAD build/default/debug/_ext/2046438975/legato_widget_radial_menu_skin_classic.o
LOAD build/default/debug/_ext/2046438975/legato_widget_radial_menu.o
LOAD build/default/debug/_ext/2046438975/legato_widget_radial_menu_state.o
LOAD build/default/debug/_ext/1723202356/legato_widget_radiobutton.o
LOAD build/default/debug/_ext/1723202356/legato_widget_radiobutton_skin_classic.o
LOAD build/default/debug/_ext/1723202356/legato_radiobutton_group.o
LOAD build/default/debug/_ext/739734770/legato_widget_rectangle_skin_classic.o
LOAD build/default/debug/_ext/739734770/legato_widget_rectangle.o
LOAD build/default/debug/_ext/1443241019/legato_widget_scrollbar_skin_classic.o
LOAD build/default/debug/_ext/1443241019/legato_widget_scrollbar.o
LOAD build/default/debug/_ext/565667934/legato_widget_slider_skin_classic.o
LOAD build/default/debug/_ext/565667934/legato_widget_slider.o
LOAD build/default/debug/_ext/1402498444/legato_widget_textfield.o
LOAD build/default/debug/_ext/1402498444/legato_widget_textfield_skin_classic.o
LOAD build/default/debug/_ext/1496299024/legato_widget_touchtest_skin_classic.o
LOAD build/default/debug/_ext/1496299024/legato_widget_touchtest.o
LOAD build/default/debug/_ext/453772623/legato_widget_window_skin_classic.o
LOAD build/default/debug/_ext/453772623/legato_widget_window.o
LOAD build/default/debug/_ext/943273362/legato_widget_skin_classic.o
LOAD build/default/debug/_ext/943273362/legato_editwidget.o
LOAD build/default/debug/_ext/943273362/legato_widget_skin_classic_common.o
LOAD build/default/debug/_ext/943273362/legato_widget.o
LOAD build/default/debug/_ext/1777736013/gfx_simulator.o
LOAD build/default/debug/_ext/60163497/plib_aic.o
LOAD build/default/debug/_ext/60165520/plib_clk.o
LOAD build/default/debug/_ext/60175171/plib_mmu.o
LOAD build/default/debug/_ext/60177924/plib_pio.o
LOAD build/default/debug/_ext/163028504/xc32_monitor.o
LOAD build/default/debug/_ext/1014039709/sys_cache.o
LOAD build/default/debug/_ext/1008098389/sys_input.o
LOAD build/default/debug/_ext/1008098389/sys_input_listener.o
LOAD build/default/debug/_ext/1881668453/sys_int.o
LOAD build/default/debug/_ext/101884895/sys_time.o
LOAD build/default/debug/_ext/1171490990/fault_handlers.o
LOAD build/default/debug/_ext/1171490990/tasks.o
LOAD build/default/debug/_ext/1171490990/interrupts.o
LOAD build/default/debug/_ext/1171490990/initialization.o
LOAD build/default/debug/_ext/1171490990/cstartup.o
LOAD build/default/debug/_ext/1360937237/app.o
LOAD build/default/debug/_ext/1360937237/main.o
                0x00000001                __MPLAB_BUILD = 0x1
                0x00001000                C_STACK_SIZE = 0x1000
                0x00000060                IRQ_STACK_SIZE = 0x60
                0x00000060                FIQ_STACK_SIZE = 0x60
                0x00001000                SVC_STACK_SIZE = 0x1000
                0x00000040                ABT_STACK_SIZE = 0x40
                0x00000040                UND_STACK_SIZE = 0x40

.text           0x23f00000    0x5bcc0
                0x23f00000                . = ALIGN (0x4)
                [!provide]                PROVIDE (_sfixed = .)
 *(.textEntry)
 .textEntry     0x23f00000      0x10c build/default/debug/_ext/1171490990/cstartup.o
                0x23f00000                entry
 *(.text .text.* .gnu.linkonce.t.*)
 .text          0x23f0010c       0x70 c:/program files/microchip/xc32/v4.35/bin/bin/../../lib/gcc/pic32c/8.3.1/arm/v5te/nofp/crtbegin.o
 .text.gfxPixelBuffer_IsLocked
                0x23f0017c       0x14 build/default/debug/_ext/1319235455/gfx_driver.o
                0x23f0017c                gfxPixelBuffer_IsLocked
 .text.leRectContainsPoint
                0x23f00190       0x60 build/default/debug/_ext/1510041067/legato_rect.o
                0x23f00190                leRectContainsPoint
 .text.leRectContainsRect
                0x23f001f0       0x70 build/default/debug/_ext/1510041067/legato_rect.o
                0x23f001f0                leRectContainsRect
 .text.leRectIntersects
                0x23f00260       0x70 build/default/debug/_ext/1510041067/legato_rect.o
                0x23f00260                leRectIntersects
 .text.leRectCombine
                0x23f002d0       0x88 build/default/debug/_ext/1510041067/legato_rect.o
                0x23f002d0                leRectCombine
 .text.leRectClipAdj
                0x23f00358      0x180 build/default/debug/_ext/1510041067/legato_rect.o
                0x23f00358                leRectClipAdj
 .text.leRectClip
                0x23f004d8       0xa0 build/default/debug/_ext/1510041067/legato_rect.o
                0x23f004d8                leRectClip
 .text.leRectCompare
                0x23f00578       0x60 build/default/debug/_ext/1510041067/legato_rect.o
                0x23f00578                leRectCompare
 .text.leRectsAreSimilar
                0x23f005d8       0xcc build/default/debug/_ext/1510041067/legato_rect.o
                0x23f005d8                leRectsAreSimilar
 .text.leUtils_PickFromWidget
                0x23f006a4       0xe0 build/default/debug/_ext/1510041067/legato_utils.o
                0x23f006a4                leUtils_PickFromWidget
 .text.leUtils_ClipRectToParent
                0x23f00784       0x84 build/default/debug/_ext/1510041067/legato_utils.o
                0x23f00784                leUtils_ClipRectToParent
 .text.leUtils_RectToScreenSpace
                0x23f00808       0x44 build/default/debug/_ext/1510041067/legato_utils.o
                0x23f00808                leUtils_RectToScreenSpace
 .text.leUtils_ClipRectToAncestors
                0x23f0084c       0x94 build/default/debug/_ext/1510041067/legato_utils.o
                0x23f0084c                leUtils_ClipRectToAncestors
 .text.leUtils_ArrangeRectangle
                0x23f008e0      0x280 build/default/debug/_ext/1510041067/legato_utils.o
                0x23f008e0                leUtils_ArrangeRectangle
 .text.leUtils_ArrangeRectangleRelative
                0x23f00b60      0x2b0 build/default/debug/_ext/1510041067/legato_utils.o
                0x23f00b60                leUtils_ArrangeRectangleRelative
 .text.leUtils_GetSchemeLookupTable
                0x23f00e10       0x64 build/default/debug/_ext/1510041067/legato_utils.o
                0x23f00e10                leUtils_GetSchemeLookupTable
 .text.no_conv  0x23f00e74        0x4 build/default/debug/_ext/1510041067/legato_color_convert.o
 .text.gs8_rgb332
                0x23f00e78       0x10 build/default/debug/_ext/1510041067/legato_color_convert.o
 .text.gs8_rgb565
                0x23f00e88       0x20 build/default/debug/_ext/1510041067/legato_color_convert.o
 .text.gs8_rgba5551
                0x23f00ea8       0x28 build/default/debug/_ext/1510041067/legato_color_convert.o
 .text.gs8_rgb888
                0x23f00ed0       0x10 build/default/debug/_ext/1510041067/legato_color_convert.o
 .text.gs8_rgba8888
                0x23f00ee0       0x14 build/default/debug/_ext/1510041067/legato_color_convert.o
 .text.gs8_argb8888
                0x23f00ef4       0x14 build/default/debug/_ext/1510041067/legato_color_convert.o
 .text.gs8_mono
                0x23f00f08       0x10 build/default/debug/_ext/1510041067/legato_color_convert.o
 .text.rgb332_rgb565
                0x23f00f18       0x2c build/default/debug/_ext/1510041067/legato_color_convert.o
 .text.rgb332_rgba5551
                0x23f00f44       0x2c build/default/debug/_ext/1510041067/legato_color_convert.o
 .text.rgb332_rgb888
                0x23f00f70       0x30 build/default/debug/_ext/1510041067/legato_color_convert.o
 .text.rgb332_rgba8888
                0x23f00fa0       0x2c build/default/debug/_ext/1510041067/legato_color_convert.o
 .text.rgb332_argb8888
                0x23f00fcc       0x30 build/default/debug/_ext/1510041067/legato_color_convert.o
 .text.rgb565_rgb332
                0x23f00ffc       0x20 build/default/debug/_ext/1510041067/legato_color_convert.o
 .text.rgb565_rgba5551
                0x23f0101c       0x20 build/default/debug/_ext/1510041067/legato_color_convert.o
 .text.rgb565_rgb888
                0x23f0103c       0x24 build/default/debug/_ext/1510041067/legato_color_convert.o
 .text.rgb565_rgba8888
                0x23f01060       0x24 build/default/debug/_ext/1510041067/legato_color_convert.o
 .text.rgb565_argb8888
                0x23f01084       0x28 build/default/debug/_ext/1510041067/legato_color_convert.o
 .text.rgba5551_gs8
                0x23f010ac        0x4 build/default/debug/_ext/1510041067/legato_color_convert.o
 .text.rgba5551_rgb332
                0x23f010b0       0x20 build/default/debug/_ext/1510041067/legato_color_convert.o
 .text.rgba5551_rgb565
                0x23f010d0       0x1c build/default/debug/_ext/1510041067/legato_color_convert.o
 .text.rgba5551_rgb888
                0x23f010ec       0x30 build/default/debug/_ext/1510041067/legato_color_convert.o
 .text.rgba5551_rgba8888
                0x23f0111c       0x40 build/default/debug/_ext/1510041067/legato_color_convert.o
 .text.rgba5551_argb8888
                0x23f0115c       0x40 build/default/debug/_ext/1510041067/legato_color_convert.o
 .text.rgb888_gs8
                0x23f0119c        0x4 build/default/debug/_ext/1510041067/legato_color_convert.o
 .text.rgb888_rgb332
                0x23f011a0       0x24 build/default/debug/_ext/1510041067/legato_color_convert.o
 .text.rgb888_rgb565
                0x23f011c4       0x20 build/default/debug/_ext/1510041067/legato_color_convert.o
 .text.rgb888_rgba5551
                0x23f011e4       0x28 build/default/debug/_ext/1510041067/legato_color_convert.o
 .text.rgb888_rgba8888
                0x23f0120c        0xc build/default/debug/_ext/1510041067/legato_color_convert.o
 .text.rgb888_argb8888
                0x23f01218        0x8 build/default/debug/_ext/1510041067/legato_color_convert.o
 .text.rgba8888_gs8
                0x23f01220        0x4 build/default/debug/_ext/1510041067/legato_color_convert.o
 .text.rgba8888_rgb332
                0x23f01224       0x20 build/default/debug/_ext/1510041067/legato_color_convert.o
 .text.rgba8888_rgb565
                0x23f01244       0x20 build/default/debug/_ext/1510041067/legato_color_convert.o
 .text.rgba8888_rgba5551
                0x23f01264       0x34 build/default/debug/_ext/1510041067/legato_color_convert.o
 .text.rgba8888_rgb888
                0x23f01298        0x8 build/default/debug/_ext/1510041067/legato_color_convert.o
 .text.rgba8888_argb8888
                0x23f012a0        0x8 build/default/debug/_ext/1510041067/legato_color_convert.o
 .text.argb8888_rgba5551
                0x23f012a8       0x34 build/default/debug/_ext/1510041067/legato_color_convert.o
 .text.argb8888_rgb888
                0x23f012dc        0x8 build/default/debug/_ext/1510041067/legato_color_convert.o
 .text.argb8888_rgba8888
                0x23f012e4        0x8 build/default/debug/_ext/1510041067/legato_color_convert.o
 .text.rgb565_gs8
                0x23f012ec       0x54 build/default/debug/_ext/1510041067/legato_color_convert.o
 .text.rgb332_gs8
                0x23f01340       0x54 build/default/debug/_ext/1510041067/legato_color_convert.o
 .text.leColorConvert
                0x23f01394       0x28 build/default/debug/_ext/1510041067/legato_color_convert.o
                0x23f01394                leColorConvert
 .text.lerp_argb8888
                0x23f013bc       0x78 build/default/debug/_ext/1510041067/legato_color_lerp.o
 .text.lerp_rgba8888
                0x23f01434       0x78 build/default/debug/_ext/1510041067/legato_color_lerp.o
 .text.lerp_rgb888
                0x23f014ac       0x60 build/default/debug/_ext/1510041067/legato_color_lerp.o
 .text.lerp_rgba5551
                0x23f0150c       0x74 build/default/debug/_ext/1510041067/legato_color_lerp.o
 .text.lerp_rgb565
                0x23f01580       0x60 build/default/debug/_ext/1510041067/legato_color_lerp.o
 .text.lerp_rgb332
                0x23f015e0       0x60 build/default/debug/_ext/1510041067/legato_color_lerp.o
 .text.lerp_gs8
                0x23f01640        0xc build/default/debug/_ext/1510041067/legato_color_lerp.o
 .text.leColorLerp
                0x23f0164c       0x40 build/default/debug/_ext/1510041067/legato_color_lerp.o
                0x23f0164c                leColorLerp
 .text.leColorBilerp
                0x23f0168c       0x5c build/default/debug/_ext/1510041067/legato_color_lerp.o
                0x23f0168c                leColorBilerp
 .text.indexGet1bpp
                0x23f016e8       0x20 build/default/debug/_ext/1510041067/legato_pixelbuffer.o
 .text.indexGet4bpp
                0x23f01708       0x18 build/default/debug/_ext/1510041067/legato_pixelbuffer.o
 .text.indexGet
                0x23f01720       0x64 build/default/debug/_ext/1510041067/legato_pixelbuffer.o
 .text.get1byte
                0x23f01784        0x8 build/default/debug/_ext/1510041067/legato_pixelbuffer.o
 .text.get2byte
                0x23f0178c        0x8 build/default/debug/_ext/1510041067/legato_pixelbuffer.o
 .text.get3byte
                0x23f01794       0x1c build/default/debug/_ext/1510041067/legato_pixelbuffer.o
 .text.get4byte
                0x23f017b0        0x8 build/default/debug/_ext/1510041067/legato_pixelbuffer.o
 .text.set1byte
                0x23f017b8        0xc build/default/debug/_ext/1510041067/legato_pixelbuffer.o
 .text.set2byte
                0x23f017c4        0xc build/default/debug/_ext/1510041067/legato_pixelbuffer.o
 .text.set3byte
                0x23f017d0       0x1c build/default/debug/_ext/1510041067/legato_pixelbuffer.o
 .text.set4byte
                0x23f017ec        0xc build/default/debug/_ext/1510041067/legato_pixelbuffer.o
 .text.lePixelBufferCreate
                0x23f017f8       0xd0 build/default/debug/_ext/1510041067/legato_pixelbuffer.o
                0x23f017f8                lePixelBufferCreate
 .text.lePixelBufferOffsetGet
                0x23f018c8       0x5c build/default/debug/_ext/1510041067/legato_pixelbuffer.o
                0x23f018c8                lePixelBufferOffsetGet
 .text.lePixelBufferOffsetGet_Unsafe
                0x23f01924       0x44 build/default/debug/_ext/1510041067/legato_pixelbuffer.o
                0x23f01924                lePixelBufferOffsetGet_Unsafe
 .text.lePixelBufferGet_Unsafe
                0x23f01968       0x64 build/default/debug/_ext/1510041067/legato_pixelbuffer.o
                0x23f01968                lePixelBufferGet_Unsafe
 .text.lePixelBufferGet
                0x23f019cc       0x34 build/default/debug/_ext/1510041067/legato_pixelbuffer.o
                0x23f019cc                lePixelBufferGet
 .text.lePixelBufferClipRect
                0x23f01a00       0x84 build/default/debug/_ext/1510041067/legato_pixelbuffer.o
                0x23f01a00                lePixelBufferClipRect
 .text.lePixelBufferGetIndex_Unsafe
                0x23f01a84       0x2c build/default/debug/_ext/1510041067/legato_pixelbuffer.o
                0x23f01a84                lePixelBufferGetIndex_Unsafe
 .text.lePixelBufferSet_Unsafe
                0x23f01ab0       0x7c build/default/debug/_ext/1510041067/legato_pixelbuffer.o
                0x23f01ab0                lePixelBufferSet_Unsafe
 .text.lePixelBufferSet
                0x23f01b2c       0x28 build/default/debug/_ext/1510041067/legato_pixelbuffer.o
                0x23f01b2c                lePixelBufferSet
 .text.lePixelBufferAreaFill_Unsafe
                0x23f01b54      0x118 build/default/debug/_ext/1510041067/legato_pixelbuffer.o
                0x23f01b54                lePixelBufferAreaFill_Unsafe
 .text.lePixelBufferAreaFill
                0x23f01c6c       0x70 build/default/debug/_ext/1510041067/legato_pixelbuffer.o
                0x23f01c6c                lePixelBufferAreaFill
 .text.lePixelBufferCopy
                0x23f01cdc       0xd8 build/default/debug/_ext/1510041067/legato_pixelbuffer.o
                0x23f01cdc                lePixelBufferCopy
 .text.leColorBlend_RGBA_8888
                0x23f01db4      0x168 build/default/debug/_ext/1510041067/legato_color_blend.o
                0x23f01db4                leColorBlend_RGBA_8888
 .text.leColorBlend_ARGB_8888
                0x23f01f1c      0x14c build/default/debug/_ext/1510041067/legato_color_blend.o
                0x23f01f1c                leColorBlend_ARGB_8888
 .text.leColorChannelAlpha
                0x23f02068       0x30 build/default/debug/_ext/1510041067/legato_color.o
                0x23f02068                leColorChannelAlpha
 .text.leColorSwap
                0x23f02098       0xa8 build/default/debug/_ext/1510041067/legato_color.o
                0x23f02098                leColorSwap
 .text.leQueryArcQuadrants
                0x23f02140      0x124 build/default/debug/_ext/1510041067/legato_math.o
 .text.leNormalizeAngle
                0x23f02264       0x30 build/default/debug/_ext/1510041067/legato_math.o
                0x23f02264                leNormalizeAngle
 .text.leSin    0x23f02294       0x80 build/default/debug/_ext/1510041067/legato_math.o
                0x23f02294                leSin
 .text.leCos    0x23f02314       0x78 build/default/debug/_ext/1510041067/legato_math.o
                0x23f02314                leCos
 .text.lePolarToXY
                0x23f0238c       0x60 build/default/debug/_ext/1510041067/legato_math.o
                0x23f0238c                lePolarToXY
 .text.leMini   0x23f023ec        0xc build/default/debug/_ext/1510041067/legato_math.o
                0x23f023ec                leMini
 .text.leMaxi   0x23f023f8        0xc build/default/debug/_ext/1510041067/legato_math.o
                0x23f023f8                leMaxi
 .text.leClampi
                0x23f02404       0x18 build/default/debug/_ext/1510041067/legato_math.o
                0x23f02404                leClampi
 .text.lePercent
                0x23f0241c       0x1c build/default/debug/_ext/1510041067/legato_math.o
                0x23f0241c                lePercent
 .text.lePercentWholeRounded
                0x23f02438       0x3c build/default/debug/_ext/1510041067/legato_math.o
                0x23f02438                lePercentWholeRounded
 .text.lePercentOf
                0x23f02474       0x58 build/default/debug/_ext/1510041067/legato_math.o
                0x23f02474                lePercentOf
 .text.leScaleInteger
                0x23f024cc       0x44 build/default/debug/_ext/1510041067/legato_math.o
                0x23f024cc                leScaleInteger
 .text.leLerp   0x23f02510       0x58 build/default/debug/_ext/1510041067/legato_math.o
                0x23f02510                leLerp
 .text.lePointOnLineSide
                0x23f02568       0x60 build/default/debug/_ext/1510041067/legato_math.o
                0x23f02568                lePointOnLineSide
 .text.leRotatePoint
                0x23f025c8       0xbc build/default/debug/_ext/1510041067/legato_math.o
                0x23f025c8                leRotatePoint
 .text.leRotatedRectBounds
                0x23f02684      0x14c build/default/debug/_ext/1510041067/legato_math.o
                0x23f02684                leRotatedRectBounds
 .text.leSqrt   0x23f027d0       0x58 build/default/debug/_ext/1510041067/legato_math.o
                0x23f027d0                leSqrt
 .text.lePointOnCircle
                0x23f02828       0x30 build/default/debug/_ext/1510041067/legato_math.o
                0x23f02828                lePointOnCircle
 .text.leResolveAngles
                0x23f02858      0x2a8 build/default/debug/_ext/1510041067/legato_math.o
                0x23f02858                leResolveAngles
 .text.leRound  0x23f02b00       0xa0 build/default/debug/_ext/1510041067/legato_math.o
                0x23f02b00                leRound
 .text.updateWidget
                0x23f02ba0       0x4c build/default/debug/_ext/92283465/legato_state.o
 .text.leGetState
                0x23f02bec        0xc build/default/debug/_ext/92283465/legato_state.o
                0x23f02bec                leGetState
 .text.leAddLayer
                0x23f02bf8       0xb8 build/default/debug/_ext/92283465/legato_state.o
                0x23f02bf8                leAddLayer
 .text.leInitialize
                0x23f02cb0       0x9c build/default/debug/_ext/92283465/legato_state.o
                0x23f02cb0                leInitialize
 .text.leGetLayerState
                0x23f02d4c       0x50 build/default/debug/_ext/92283465/legato_state.o
                0x23f02d4c                leGetLayerState
 .text.leGetLayerColorMode
                0x23f02d9c       0x54 build/default/debug/_ext/92283465/legato_state.o
                0x23f02d9c                leGetLayerColorMode
 .text.leGetLayerRenderHorizontal
                0x23f02df0       0x54 build/default/debug/_ext/92283465/legato_state.o
                0x23f02df0                leGetLayerRenderHorizontal
 .text.leGetFocusWidget
                0x23f02e44       0x10 build/default/debug/_ext/92283465/legato_state.o
                0x23f02e44                leGetFocusWidget
 .text.leSetFocusWidget
                0x23f02e54       0x84 build/default/debug/_ext/92283465/legato_state.o
                0x23f02e54                leSetFocusWidget
 .text.leGetEditWidget
                0x23f02ed8       0x10 build/default/debug/_ext/92283465/legato_state.o
                0x23f02ed8                leGetEditWidget
 .text.leSetEditWidget
                0x23f02ee8       0x84 build/default/debug/_ext/92283465/legato_state.o
                0x23f02ee8                leSetEditWidget
 .text.leRedrawAll
                0x23f02f6c       0x50 build/default/debug/_ext/92283465/legato_state.o
                0x23f02f6c                leRedrawAll
 .text.leSetLayerColorMode
                0x23f02fbc       0x74 build/default/debug/_ext/92283465/legato_state.o
                0x23f02fbc                leSetLayerColorMode
 .text.leSetStringTable
                0x23f03030       0x18 build/default/debug/_ext/92283465/legato_state.o
                0x23f03030                leSetStringTable
 .text.leIsDrawing
                0x23f03048       0x14 build/default/debug/_ext/92283465/legato_state.o
                0x23f03048                leIsDrawing
 .text.leUpdate
                0x23f0305c      0x114 build/default/debug/_ext/92283465/legato_state.o
                0x23f0305c                leUpdate
 .text.leAddRootWidget
                0x23f03170       0x68 build/default/debug/_ext/92283465/legato_state.o
                0x23f03170                leAddRootWidget
 .text.leRemoveRootWidget
                0x23f031d8       0x74 build/default/debug/_ext/92283465/legato_state.o
                0x23f031d8                leRemoveRootWidget
 .text.leGetWidgetLayer
                0x23f0324c       0x8c build/default/debug/_ext/92283465/legato_state.o
                0x23f0324c                leGetWidgetLayer
 .text.leWidgetIsInScene
                0x23f032d8       0x14 build/default/debug/_ext/92283465/legato_state.o
                0x23f032d8                leWidgetIsInScene
 .text._leGetEventState
                0x23f032ec        0xc build/default/debug/_ext/92283465/legato_event.o
                0x23f032ec                _leGetEventState
 .text.leEvent_Init
                0x23f032f8       0x20 build/default/debug/_ext/92283465/legato_event.o
                0x23f032f8                leEvent_Init
 .text.leEvent_AddEvent
                0x23f03318       0x28 build/default/debug/_ext/92283465/legato_event.o
                0x23f03318                leEvent_AddEvent
 .text.leEvent_ProcessEvents
                0x23f03340       0xb4 build/default/debug/_ext/92283465/legato_event.o
                0x23f03340                leEvent_ProcessEvents
 .text.leWidgetEvent_Accept
                0x23f033f4       0x14 build/default/debug/_ext/92283465/legato_event.o
                0x23f033f4                leWidgetEvent_Accept
 .text.leScheme_GetRenderColor
                0x23f03408       0x38 build/default/debug/_ext/92283465/legato_scheme.o
                0x23f03408                leScheme_GetRenderColor
 .text.leInput_Init
                0x23f03440       0x2c build/default/debug/_ext/92283465/legato_input.o
                0x23f03440                leInput_Init
 .text.leInput_InjectTouchDown
                0x23f0346c       0xd8 build/default/debug/_ext/92283465/legato_input.o
                0x23f0346c                leInput_InjectTouchDown
 .text.leInput_InjectTouchUp
                0x23f03544       0xb4 build/default/debug/_ext/92283465/legato_input.o
                0x23f03544                leInput_InjectTouchUp
 .text.leInput_InjectTouchMoved
                0x23f035f8      0x12c build/default/debug/_ext/92283465/legato_input.o
                0x23f035f8                leInput_InjectTouchMoved
 .text.handleTouchDown
                0x23f03724      0x118 build/default/debug/_ext/92283465/legato_input.o
                0x23f03724                handleTouchDown
 .text.handleTouchUp
                0x23f0383c       0x70 build/default/debug/_ext/92283465/legato_input.o
                0x23f0383c                handleTouchUp
 .text.handleTouchMoved
                0x23f038ac       0x70 build/default/debug/_ext/92283465/legato_input.o
                0x23f038ac                handleTouchMoved
 .text._leInput_HandleInputEvent
                0x23f0391c       0x40 build/default/debug/_ext/92283465/legato_input.o
                0x23f0391c                _leInput_HandleInputEvent
 .text._shuffleLeft
                0x23f0395c       0xac build/default/debug/_ext/2021927327/legato_rectarray.o
 .text.leRectArray_Create
                0x23f03a08       0x1c build/default/debug/_ext/2021927327/legato_rectarray.o
                0x23f03a08                leRectArray_Create
 .text.leRectArray_Resize
                0x23f03a24       0x7c build/default/debug/_ext/2021927327/legato_rectarray.o
                0x23f03a24                leRectArray_Resize
 .text.leRectArray_PushBack
                0x23f03aa0       0x70 build/default/debug/_ext/2021927327/legato_rectarray.o
                0x23f03aa0                leRectArray_PushBack
 .text.leRectArray_RemoveAt
                0x23f03b10       0x38 build/default/debug/_ext/2021927327/legato_rectarray.o
                0x23f03b10                leRectArray_RemoveAt
 .text.leRectArray_Copy
                0x23f03b48       0x74 build/default/debug/_ext/2021927327/legato_rectarray.o
                0x23f03b48                leRectArray_Copy
 .text.leRectArray_Clear
                0x23f03bbc       0x14 build/default/debug/_ext/2021927327/legato_rectarray.o
                0x23f03bbc                leRectArray_Clear
 .text.leRectArray_Destroy
                0x23f03bd0       0x3c build/default/debug/_ext/2021927327/legato_rectarray.o
                0x23f03bd0                leRectArray_Destroy
 .text.leRectArray_RemoveDuplicates
                0x23f03c0c       0x90 build/default/debug/_ext/2021927327/legato_rectarray.o
                0x23f03c0c                leRectArray_RemoveDuplicates
 .text.leRectArray_SortBySize
                0x23f03c9c       0xdc build/default/debug/_ext/2021927327/legato_rectarray.o
                0x23f03c9c                leRectArray_SortBySize
 .text.leRectArray_SortByX
                0x23f03d78       0xfc build/default/debug/_ext/2021927327/legato_rectarray.o
                0x23f03d78                leRectArray_SortByX
 .text.leRectArray_SortByY
                0x23f03e74       0xf4 build/default/debug/_ext/2021927327/legato_rectarray.o
                0x23f03e74                leRectArray_SortByY
 .text.leRectArray_MergeSimilar
                0x23f03f68       0x98 build/default/debug/_ext/2021927327/legato_rectarray.o
                0x23f03f68                leRectArray_MergeSimilar
 .text.leRectArray_RemoveOverlapping
                0x23f04000       0x84 build/default/debug/_ext/2021927327/legato_rectarray.o
                0x23f04000                leRectArray_RemoveOverlapping
 .text.leRectArray_PadRectangleWidth
                0x23f04084      0x120 build/default/debug/_ext/2021927327/legato_rectarray.o
                0x23f04084                leRectArray_PadRectangleWidth
 .text.leRectArray_CropToSizeY
                0x23f041a4      0x130 build/default/debug/_ext/2021927327/legato_rectarray.o
                0x23f041a4                leRectArray_CropToSizeY
 .text.leRectArray_CropToSizeX
                0x23f042d4      0x130 build/default/debug/_ext/2021927327/legato_rectarray.o
                0x23f042d4                leRectArray_CropToSizeX
 .text.leList_Create
                0x23f04404       0x1c build/default/debug/_ext/2021927327/legato_list.o
                0x23f04404                leList_Create
 .text.leList_PushBack
                0x23f04420       0x68 build/default/debug/_ext/2021927327/legato_list.o
                0x23f04420                leList_PushBack
 .text.leList_Get
                0x23f04488       0x44 build/default/debug/_ext/2021927327/legato_list.o
                0x23f04488                leList_Get
 .text.leList_Remove
                0x23f044cc       0xbc build/default/debug/_ext/2021927327/legato_list.o
                0x23f044cc                leList_Remove
 .text.leList_Destroy
                0x23f04588       0x4c build/default/debug/_ext/2021927327/legato_list.o
                0x23f04588                leList_Destroy
 .text._shuffleRight
                0x23f045d4       0x78 build/default/debug/_ext/2021927327/legato_array.o
 .text._shuffleLeft
                0x23f0464c       0x5c build/default/debug/_ext/2021927327/legato_array.o
 .text.leArray_Create
                0x23f046a8       0x1c build/default/debug/_ext/2021927327/legato_array.o
                0x23f046a8                leArray_Create
 .text.leArray_Resize
                0x23f046c4       0x70 build/default/debug/_ext/2021927327/legato_array.o
                0x23f046c4                leArray_Resize
 .text.leArray_PushBack
                0x23f04734       0x60 build/default/debug/_ext/2021927327/legato_array.o
                0x23f04734                leArray_PushBack
 .text.leArray_InsertAt
                0x23f04794       0x9c build/default/debug/_ext/2021927327/legato_array.o
                0x23f04794                leArray_InsertAt
 .text.leArray_RemoveAt
                0x23f04830       0x38 build/default/debug/_ext/2021927327/legato_array.o
                0x23f04830                leArray_RemoveAt
 .text.leArray_Get
                0x23f04868       0x18 build/default/debug/_ext/2021927327/legato_array.o
                0x23f04868                leArray_Get
 .text.leArray_Find
                0x23f04880       0x68 build/default/debug/_ext/2021927327/legato_array.o
                0x23f04880                leArray_Find
 .text.leArray_Remove
                0x23f048e8       0x58 build/default/debug/_ext/2021927327/legato_array.o
                0x23f048e8                leArray_Remove
 .text.leArray_Clear
                0x23f04940       0x38 build/default/debug/_ext/2021927327/legato_array.o
                0x23f04940                leArray_Clear
 .text.drawGlyphRow8bpp
                0x23f04978       0xf4 build/default/debug/_ext/92372729/legato_font.o
 .text.drawGlyphRow1bpp
                0x23f04a6c       0xd0 build/default/debug/_ext/92372729/legato_font.o
 .text.drawGlyphRow8bppMono
                0x23f04b3c       0x5c build/default/debug/_ext/92372729/legato_font.o
 .text.drawGlyphRow1bppMono
                0x23f04b98       0x64 build/default/debug/_ext/92372729/legato_font.o
 .text._drawUnknownGlyph
                0x23f04bfc       0xf4 build/default/debug/_ext/92372729/legato_font.o
 .text.leFont_GetGlyphInfo
                0x23f04cf0       0xdc build/default/debug/_ext/92372729/legato_font.o
                0x23f04cf0                leFont_GetGlyphInfo
 .text.leFont_DrawGlyphData
                0x23f04dcc      0x12c build/default/debug/_ext/92372729/legato_font.o
                0x23f04dcc                leFont_DrawGlyphData
 .text.leFont_DrawGlyphData_Lookup
                0x23f04ef8      0x300 build/default/debug/_ext/92372729/legato_font.o
                0x23f04ef8                leFont_DrawGlyphData_Lookup
 .text.leFont_DrawGlyph
                0x23f051f8       0xa4 build/default/debug/_ext/92372729/legato_font.o
                0x23f051f8                leFont_DrawGlyph
 .text.leFont_DrawGlyph_Lookup
                0x23f0529c       0xb4 build/default/debug/_ext/92372729/legato_font.o
                0x23f0529c                leFont_DrawGlyph_Lookup
 .text.screenInit_Screen0
                0x23f05350       0x28 build/default/debug/_ext/937247594/le_gen_screen_Screen0.o
                0x23f05350                screenInit_Screen0
 .text.screenShow_Screen0
                0x23f05378      0x444 build/default/debug/_ext/937247594/le_gen_screen_Screen0.o
                0x23f05378                screenShow_Screen0
 .text.screenUpdate_Screen0
                0x23f057bc       0x28 build/default/debug/_ext/937247594/le_gen_screen_Screen0.o
                0x23f057bc                screenUpdate_Screen0
 .text.screenHide_Screen0
                0x23f057e4       0x74 build/default/debug/_ext/937247594/le_gen_screen_Screen0.o
                0x23f057e4                screenHide_Screen0
 .text.touchMoveHandler
                0x23f05858       0x18 build/default/debug/_ext/1626882341/le_gen_harmony.o
 .text.touchUpHandler
                0x23f05870       0x18 build/default/debug/_ext/1626882341/le_gen_harmony.o
 .text.touchDownHandler
                0x23f05888       0x18 build/default/debug/_ext/1626882341/le_gen_harmony.o
 .text.Legato_Initialize
                0x23f058a0       0x90 build/default/debug/_ext/1626882341/le_gen_harmony.o
                0x23f058a0                Legato_Initialize
 .text.Legato_Tasks
                0x23f05930       0x4c build/default/debug/_ext/1626882341/le_gen_harmony.o
                0x23f05930                Legato_Tasks
 .text.legato_showScreen
                0x23f0597c       0x1c build/default/debug/_ext/1626882341/le_gen_init.o
                0x23f0597c                legato_showScreen
 .text.legato_initializeScreenState
                0x23f05998       0x40 build/default/debug/_ext/1626882341/le_gen_init.o
                0x23f05998                legato_initializeScreenState
 .text.legato_updateScreenState
                0x23f059d8       0x98 build/default/debug/_ext/1626882341/le_gen_init.o
                0x23f059d8                legato_updateScreenState
 .text.initializeStrings
                0x23f05a70       0x58 build/default/debug/_ext/1626882341/le_gen_stringtable.o
                0x23f05a70                initializeStrings
 .text.jpeg_idct_islow_leg
                0x23f05ac8      0x51c build/default/debug/_ext/1395618758/jidctint.o
                0x23f05ac8                jpeg_idct_islow_leg
 .text._supportsImage
                0x23f05fe4       0x28 build/default/debug/_ext/1395618758/legato_imagedecoder_jpeg.o
 .text.internalMemoryRead
                0x23f0600c       0x48 build/default/debug/_ext/1395618758/legato_imagedecoder_jpeg.o
 .text.exec     0x23f06054        0x8 build/default/debug/_ext/1395618758/legato_imagedecoder_jpeg.o
 .text._render  0x23f0605c      0x1f8 build/default/debug/_ext/1395618758/legato_imagedecoder_jpeg.o
 .text._draw    0x23f06254      0x208 build/default/debug/_ext/1395618758/legato_imagedecoder_jpeg.o
 .text.blitToImage
                0x23f0645c       0xa4 build/default/debug/_ext/1395618758/legato_imagedecoder_jpeg.o
 .text.blitToFrameBuffer
                0x23f06500       0x98 build/default/debug/_ext/1395618758/legato_imagedecoder_jpeg.o
 .text._leJPEGImageDecoder_Init
                0x23f06598       0x5c build/default/debug/_ext/1395618758/legato_imagedecoder_jpeg.o
                0x23f06598                _leJPEGImageDecoder_Init
 .text.JPEG_wReadWord
                0x23f065f4       0x50 build/default/debug/_ext/1395618758/legato_imagedecoder_jpeg_common.o
 .text.JPEG_bReadByte
                0x23f06644       0x2c build/default/debug/_ext/1395618758/legato_imagedecoder_jpeg_common.o
 .text.JPEG_bGet1Bit
                0x23f06670      0x154 build/default/debug/_ext/1395618758/legato_imagedecoder_jpeg_common.o
 .text.JPEG_wGetBits
                0x23f067c4       0x4c build/default/debug/_ext/1395618758/legato_imagedecoder_jpeg_common.o
 .text.JPEG_sGetBitsValue
                0x23f06810       0x50 build/default/debug/_ext/1395618758/legato_imagedecoder_jpeg_common.o
 .text.JPEG_bGetNextHuffByte
                0x23f06860       0x98 build/default/debug/_ext/1395618758/legato_imagedecoder_jpeg_common.o
 .text.JPEG_vResetDecoder
                0x23f068f8       0x20 build/default/debug/_ext/1395618758/legato_imagedecoder_jpeg_common.o
                0x23f068f8                JPEG_vResetDecoder
 .text.JPEG_bReadHeader
                0x23f06918      0x7b8 build/default/debug/_ext/1395618758/legato_imagedecoder_jpeg_common.o
                0x23f06918                JPEG_bReadHeader
 .text.JPEG_bGenerateHuffmanTables
                0x23f070d0       0x90 build/default/debug/_ext/1395618758/legato_imagedecoder_jpeg_common.o
                0x23f070d0                JPEG_bGenerateHuffmanTables
 .text.JPEG_bDecodeOneBlock
                0x23f07160      0x26c build/default/debug/_ext/1395618758/legato_imagedecoder_jpeg_common.o
                0x23f07160                JPEG_bDecodeOneBlock
 .text.JPEG_vInitDisplay
                0x23f073cc       0x10 build/default/debug/_ext/1395618758/legato_imagedecoder_jpeg_common.o
                0x23f073cc                JPEG_vInitDisplay
 .text.JPEG_bPaintOneBlock
                0x23f073dc      0x9a8 build/default/debug/_ext/1395618758/legato_imagedecoder_jpeg_common.o
                0x23f073dc                JPEG_bPaintOneBlock
 .text.stage_decode
                0x23f07d84       0x3c build/default/debug/_ext/1395707457/legato_imagedecoder_mono_read_internal.o
 .text._leMonoImageDecoder_ReadStage_Internal
                0x23f07dc0       0x30 build/default/debug/_ext/1395707457/legato_imagedecoder_mono_read_internal.o
                0x23f07dc0                _leMonoImageDecoder_ReadStage_Internal
 .text._supportsImage
                0x23f07df0       0x14 build/default/debug/_ext/1395707457/legato_imagedecoder_mono.o
 .text._decoderCleanup
                0x23f07e04       0x64 build/default/debug/_ext/1395707457/legato_imagedecoder_mono.o
 .text._decoderExec
                0x23f07e68       0x84 build/default/debug/_ext/1395707457/legato_imagedecoder_mono.o
 .text._decoderIsDone
                0x23f07eec       0x10 build/default/debug/_ext/1395707457/legato_imagedecoder_mono.o
 .text.stage_sourceIterateSetup
                0x23f07efc       0xb4 build/default/debug/_ext/1395707457/legato_imagedecoder_mono.o
 .text.stage_FrameBufferWrite
                0x23f07fb0       0x20 build/default/debug/_ext/1395707457/legato_imagedecoder_mono.o
 .text.stage_ImageWrite
                0x23f07fd0       0x28 build/default/debug/_ext/1395707457/legato_imagedecoder_mono.o
 .text._leMonoImageDecoder_Init
                0x23f07ff8       0x84 build/default/debug/_ext/1395707457/legato_imagedecoder_mono.o
                0x23f07ff8                _leMonoImageDecoder_Init
 .text._leMonoImageDecoder_InjectStage
                0x23f0807c       0x38 build/default/debug/_ext/1395707457/legato_imagedecoder_mono.o
                0x23f0807c                _leMonoImageDecoder_InjectStage
 .text._leMonoImageDecoder_SourceIterateSetupStage
                0x23f080b4       0x38 build/default/debug/_ext/1395707457/legato_imagedecoder_mono.o
                0x23f080b4                _leMonoImageDecoder_SourceIterateSetupStage
 .text._leMonoImageDecoder_FrameBufferWriteStage
                0x23f080ec       0x30 build/default/debug/_ext/1395707457/legato_imagedecoder_mono.o
                0x23f080ec                _leMonoImageDecoder_FrameBufferWriteStage
 .text._draw    0x23f0811c      0x154 build/default/debug/_ext/1395707457/legato_imagedecoder_mono.o
 .text._leMonoImageDecoder_ImageWriteStage
                0x23f08270       0x30 build/default/debug/_ext/1395707457/legato_imagedecoder_mono.o
                0x23f08270                _leMonoImageDecoder_ImageWriteStage
 .text._copy    0x23f082a0      0x190 build/default/debug/_ext/1395707457/legato_imagedecoder_mono.o
 .text._supportsImage
                0x23f08430       0x28 build/default/debug/_ext/460667659/legato_imagedecoder_png.o
 .text._decoderCleanup
                0x23f08458        0x4 build/default/debug/_ext/460667659/legato_imagedecoder_png.o
 .text._decoderExec
                0x23f0845c        0x8 build/default/debug/_ext/460667659/legato_imagedecoder_png.o
 .text._decoderIsDone
                0x23f08464        0x8 build/default/debug/_ext/460667659/legato_imagedecoder_png.o
 .text._render  0x23f0846c       0xf4 build/default/debug/_ext/460667659/legato_imagedecoder_png.o
 .text._draw    0x23f08560      0x1f0 build/default/debug/_ext/460667659/legato_imagedecoder_png.o
 .text._lePNGImageDecoder_Init
                0x23f08750       0x6c build/default/debug/_ext/460667659/legato_imagedecoder_png.o
                0x23f08750                _lePNGImageDecoder_Init
 .text.readBitsFromStream
                0x23f087bc       0x50 build/default/debug/_ext/460667659/lodepng.o
 .text.huffmanDecodeSymbol
                0x23f0880c       0x64 build/default/debug/_ext/460667659/lodepng.o
 .text.readBitFromReversedStream
                0x23f08870       0x24 build/default/debug/_ext/460667659/lodepng.o
 .text.readBitsFromReversedStream
                0x23f08894       0x48 build/default/debug/_ext/460667659/lodepng.o
 .text.getNumColorChannels
                0x23f088dc       0x50 build/default/debug/_ext/460667659/lodepng.o
 .text.lodepng_color_mode_equal
                0x23f0892c      0x120 build/default/debug/_ext/460667659/lodepng.o
 .text.addColorBits
                0x23f08a4c       0x50 build/default/debug/_ext/460667659/lodepng.o
 .text.getPixelColorsRGBA8
                0x23f08a9c      0x51c build/default/debug/_ext/460667659/lodepng.o
 .text.Adam7_getpassvalues
                0x23f08fb8      0x188 build/default/debug/_ext/460667659/lodepng.o
 .text.unfilter
                0x23f09140      0x400 build/default/debug/_ext/460667659/lodepng.o
 .text.removePaddingBits
                0x23f09540       0xa4 build/default/debug/_ext/460667659/lodepng.o
 .text.ucvector_reserve
                0x23f095e4       0x58 build/default/debug/_ext/460667659/lodepng.o
 .text.ucvector_resize
                0x23f0963c       0x20 build/default/debug/_ext/460667659/lodepng.o
 .text.ucvector_push_back
                0x23f0965c       0x34 build/default/debug/_ext/460667659/lodepng.o
 .text.color_tree_cleanup
                0x23f09690       0x34 build/default/debug/_ext/460667659/lodepng.o
 .text.LodePNGIText_cleanup
                0x23f096c4       0x90 build/default/debug/_ext/460667659/lodepng.o
 .text.LodePNGText_cleanup
                0x23f09754       0x60 build/default/debug/_ext/460667659/lodepng.o
 .text.HuffmanTree_cleanup
                0x23f097b4       0x24 build/default/debug/_ext/460667659/lodepng.o
 .text.string_set
                0x23f097d8       0x68 build/default/debug/_ext/460667659/lodepng.o
 .text.string_init
                0x23f09840       0x2c build/default/debug/_ext/460667659/lodepng.o
 .text.uivector_reserve
                0x23f0986c       0x58 build/default/debug/_ext/460667659/lodepng.o
 .text.HuffmanTree_makeFromLengths
                0x23f098c4      0x424 build/default/debug/_ext/460667659/lodepng.o
 .text.lodepng_read32bitInt
                0x23f09ce8       0x24 build/default/debug/_ext/460667659/lodepng.o
                0x23f09ce8                lodepng_read32bitInt
 .text.lodepng_inflate
                0x23f09d0c      0x990 build/default/debug/_ext/460667659/lodepng.o
                0x23f09d0c                lodepng_inflate
 .text.lodepng_zlib_decompress
                0x23f0a69c      0x198 build/default/debug/_ext/460667659/lodepng.o
                0x23f0a69c                lodepng_zlib_decompress
 .text.zlib_decompress
                0x23f0a834       0x34 build/default/debug/_ext/460667659/lodepng.o
 .text.lodepng_crc32
                0x23f0a868       0x4c build/default/debug/_ext/460667659/lodepng.o
                0x23f0a868                lodepng_crc32
 .text.lodepng_chunk_type_equals
                0x23f0a8b4       0x80 build/default/debug/_ext/460667659/lodepng.o
                0x23f0a8b4                lodepng_chunk_type_equals
 .text.lodepng_chunk_check_crc
                0x23f0a934       0x38 build/default/debug/_ext/460667659/lodepng.o
                0x23f0a934                lodepng_chunk_check_crc
 .text.lodepng_chunk_next_const
                0x23f0a96c       0x18 build/default/debug/_ext/460667659/lodepng.o
                0x23f0a96c                lodepng_chunk_next_const
 .text.lodepng_chunk_append
                0x23f0a984       0xa4 build/default/debug/_ext/460667659/lodepng.o
                0x23f0a984                lodepng_chunk_append
 .text.lodepng_color_mode_init
                0x23f0aa28       0x30 build/default/debug/_ext/460667659/lodepng.o
                0x23f0aa28                lodepng_color_mode_init
 .text.lodepng_palette_clear
                0x23f0aa58       0x28 build/default/debug/_ext/460667659/lodepng.o
                0x23f0aa58                lodepng_palette_clear
 .text.lodepng_color_mode_copy
                0x23f0aa80       0x98 build/default/debug/_ext/460667659/lodepng.o
                0x23f0aa80                lodepng_color_mode_copy
 .text.lodepng_get_bpp
                0x23f0ab18       0x1c build/default/debug/_ext/460667659/lodepng.o
                0x23f0ab18                lodepng_get_bpp
 .text.lodepng_get_raw_size_idat
                0x23f0ab34       0x34 build/default/debug/_ext/460667659/lodepng.o
 .text.lodepng_get_raw_size
                0x23f0ab68       0x38 build/default/debug/_ext/460667659/lodepng.o
                0x23f0ab68                lodepng_get_raw_size
 .text.lodepng_add_text
                0x23f0aba0       0xcc build/default/debug/_ext/460667659/lodepng.o
                0x23f0aba0                lodepng_add_text
 .text.lodepng_add_itext
                0x23f0ac6c      0x17c build/default/debug/_ext/460667659/lodepng.o
                0x23f0ac6c                lodepng_add_itext
 .text.lodepng_info_init
                0x23f0ade8       0x74 build/default/debug/_ext/460667659/lodepng.o
                0x23f0ade8                lodepng_info_init
 .text.lodepng_info_cleanup
                0x23f0ae5c       0x3c build/default/debug/_ext/460667659/lodepng.o
                0x23f0ae5c                lodepng_info_cleanup
 .text.lodepng_convert
                0x23f0ae98      0xb88 build/default/debug/_ext/460667659/lodepng.o
                0x23f0ae98                lodepng_convert
 .text.lodepng_inspect
                0x23f0ba20      0x290 build/default/debug/_ext/460667659/lodepng.o
                0x23f0ba20                lodepng_inspect
 .text.lodepng_decode
                0x23f0bcb0     0x171c build/default/debug/_ext/460667659/lodepng.o
                0x23f0bcb0                lodepng_decode
 .text.lodepng_decoder_settings_init
                0x23f0d3cc       0x2c build/default/debug/_ext/460667659/lodepng.o
                0x23f0d3cc                lodepng_decoder_settings_init
 .text.lodepng_state_init
                0x23f0d3f8       0x28 build/default/debug/_ext/460667659/lodepng.o
                0x23f0d3f8                lodepng_state_init
 .text.lodepng_state_cleanup
                0x23f0d420       0x1c build/default/debug/_ext/460667659/lodepng.o
                0x23f0d420                lodepng_state_cleanup
 .text.lodepng_decode_memory
                0x23f0d43c       0x68 build/default/debug/_ext/460667659/lodepng.o
                0x23f0d43c                lodepng_decode_memory
 .text.stage_postRead
                0x23f0d4a4       0x14 build/default/debug/_ext/460669194/legato_imagedecoder_raw_scale.o
 .text.stage_scaledNearestNeighborPreRead
                0x23f0d4b8       0xc4 build/default/debug/_ext/460669194/legato_imagedecoder_raw_scale.o
 .text.stage_bilinearPreRead
                0x23f0d57c      0x164 build/default/debug/_ext/460669194/legato_imagedecoder_raw_scale.o
 .text.stage_scaledBilinearPostRead
                0x23f0d6e0       0x8c build/default/debug/_ext/460669194/legato_imagedecoder_raw_scale.o
 .text._leRawImageDecoder_ScaleNearestNeighborPreReadStage
                0x23f0d76c       0x6c build/default/debug/_ext/460669194/legato_imagedecoder_raw_scale.o
                0x23f0d76c                _leRawImageDecoder_ScaleNearestNeighborPreReadStage
 .text._leRawImageDecoder_ScaleBilinearPreReadStage
                0x23f0d7d8       0x74 build/default/debug/_ext/460669194/legato_imagedecoder_raw_scale.o
                0x23f0d7d8                _leRawImageDecoder_ScaleBilinearPreReadStage
 .text._leRawImageDecoder_PostReadStage
                0x23f0d84c       0x30 build/default/debug/_ext/460669194/legato_imagedecoder_raw_scale.o
                0x23f0d84c                _leRawImageDecoder_PostReadStage
 .text._leRawImageDecoder_ScaleBilinearPostReadStage
                0x23f0d87c       0x30 build/default/debug/_ext/460669194/legato_imagedecoder_raw_scale.o
                0x23f0d87c                _leRawImageDecoder_ScaleBilinearPostReadStage
 .text.stage_sourceIterateSetup
                0x23f0d8ac       0xb4 build/default/debug/_ext/460669194/legato_imagedecoder_raw_setup.o
 .text.stage_targetIterateSetup
                0x23f0d960       0x94 build/default/debug/_ext/460669194/legato_imagedecoder_raw_setup.o
 .text._leRawImageDecoder_SourceIterateSetupStage
                0x23f0d9f4       0x38 build/default/debug/_ext/460669194/legato_imagedecoder_raw_setup.o
                0x23f0d9f4                _leRawImageDecoder_SourceIterateSetupStage
 .text._leRawImageDecoder_TargetIterateSetupStage
                0x23f0da2c       0x38 build/default/debug/_ext/460669194/legato_imagedecoder_raw_setup.o
                0x23f0da2c                _leRawImageDecoder_TargetIterateSetupStage
 .text.stage_rotateNearestNeighborPreRead
                0x23f0da64      0x120 build/default/debug/_ext/460669194/legato_imagedecoder_raw_rotate.o
 .text.stage_bilinearPreRead
                0x23f0db84      0x20c build/default/debug/_ext/460669194/legato_imagedecoder_raw_rotate.o
 .text.stage_rotateBilinearPostRead
                0x23f0dd90       0x60 build/default/debug/_ext/460669194/legato_imagedecoder_raw_rotate.o
 .text._leRawImageDecoder_RotateNearestNeighborPreReadStage
                0x23f0ddf0       0x30 build/default/debug/_ext/460669194/legato_imagedecoder_raw_rotate.o
                0x23f0ddf0                _leRawImageDecoder_RotateNearestNeighborPreReadStage
 .text._leRawImageDecoder_RotateBilinearPreReadStage
                0x23f0de20       0x38 build/default/debug/_ext/460669194/legato_imagedecoder_raw_rotate.o
                0x23f0de20                _leRawImageDecoder_RotateBilinearPreReadStage
 .text._leRawImageDecoder_RotateBilinearPostReadStage
                0x23f0de58       0x30 build/default/debug/_ext/460669194/legato_imagedecoder_raw_rotate.o
                0x23f0de58                _leRawImageDecoder_RotateBilinearPostReadStage
 .text.stage_FrameBufferWrite
                0x23f0de88       0x24 build/default/debug/_ext/460669194/legato_imagedecoder_raw_write.o
 .text.stage_ImageWrite
                0x23f0deac       0x28 build/default/debug/_ext/460669194/legato_imagedecoder_raw_write.o
 .text._leRawImageDecoder_FrameBufferWriteStage
                0x23f0ded4       0x30 build/default/debug/_ext/460669194/legato_imagedecoder_raw_write.o
                0x23f0ded4                _leRawImageDecoder_FrameBufferWriteStage
 .text._leRawImageDecoder_ImageWriteStage
                0x23f0df04       0x30 build/default/debug/_ext/460669194/legato_imagedecoder_raw_write.o
                0x23f0df04                _leRawImageDecoder_ImageWriteStage
 .text._supportsImage
                0x23f0df34       0x14 build/default/debug/_ext/460669194/legato_imagedecoder_raw.o
 .text._decoderCleanup
                0x23f0df48       0x64 build/default/debug/_ext/460669194/legato_imagedecoder_raw.o
 .text._decoderExec
                0x23f0dfac       0x84 build/default/debug/_ext/460669194/legato_imagedecoder_raw.o
 .text._decoderIsDone
                0x23f0e030       0x10 build/default/debug/_ext/460669194/legato_imagedecoder_raw.o
 .text._initReadStage
                0x23f0e040       0x1c build/default/debug/_ext/460669194/legato_imagedecoder_raw.o
 .text._initMaskStage
                0x23f0e05c       0x24 build/default/debug/_ext/460669194/legato_imagedecoder_raw.o
 .text._initBlendStage
                0x23f0e080       0x44 build/default/debug/_ext/460669194/legato_imagedecoder_raw.o
 .text._initConvertStage
                0x23f0e0c4       0x4c build/default/debug/_ext/460669194/legato_imagedecoder_raw.o
 .text._rotateDraw
                0x23f0e110      0x2b0 build/default/debug/_ext/460669194/legato_imagedecoder_raw.o
 .text._rotate  0x23f0e3c0      0x2f4 build/default/debug/_ext/460669194/legato_imagedecoder_raw.o
 .text._resizeDraw
                0x23f0e6b4      0x294 build/default/debug/_ext/460669194/legato_imagedecoder_raw.o
 .text._resize  0x23f0e948      0x238 build/default/debug/_ext/460669194/legato_imagedecoder_raw.o
 .text._copy    0x23f0eb80      0x1b8 build/default/debug/_ext/460669194/legato_imagedecoder_raw.o
 .text._initLookupStage
                0x23f0ed38       0x4c build/default/debug/_ext/460669194/legato_imagedecoder_raw.o
 .text._render  0x23f0ed84      0x260 build/default/debug/_ext/460669194/legato_imagedecoder_raw.o
 .text._draw    0x23f0efe4      0x2f4 build/default/debug/_ext/460669194/legato_imagedecoder_raw.o
 .text._leRawImageDecoder_Init
                0x23f0f2d8       0xa8 build/default/debug/_ext/460669194/legato_imagedecoder_raw.o
                0x23f0f2d8                _leRawImageDecoder_Init
 .text._leRawImageDecoder_InjectStage
                0x23f0f380       0x38 build/default/debug/_ext/460669194/legato_imagedecoder_raw.o
                0x23f0f380                _leRawImageDecoder_InjectStage
 .text.stage_BlendRGBA5551
                0x23f0f3b8       0x1c build/default/debug/_ext/460669194/legato_imagedecoder_raw_blend.o
 .text.stage_BlendARGB8888
                0x23f0f3d4       0x70 build/default/debug/_ext/460669194/legato_imagedecoder_raw_blend.o
 .text.stage_BlendRGBA8888
                0x23f0f444       0x70 build/default/debug/_ext/460669194/legato_imagedecoder_raw_blend.o
 .text._leRawImageDecoder_BlendStage_Internal
                0x23f0f4b4       0xb0 build/default/debug/_ext/460669194/legato_imagedecoder_raw_blend.o
                0x23f0f4b4                _leRawImageDecoder_BlendStage_Internal
 .text.stage_imageRenderPostLookup
                0x23f0f564       0x48 build/default/debug/_ext/460669194/legato_imagedecoder_raw_palette_internal.o
 .text.stage_lookup
                0x23f0f5ac       0x40 build/default/debug/_ext/460669194/legato_imagedecoder_raw_palette_internal.o
 .text._leRawImageDecoder_LookupStage_Internal
                0x23f0f5ec       0x54 build/default/debug/_ext/460669194/legato_imagedecoder_raw_palette_internal.o
                0x23f0f5ec                _leRawImageDecoder_LookupStage_Internal
 .text._leRawImageDecoder_ImageRenderPostLookupStage
                0x23f0f640       0x38 build/default/debug/_ext/460669194/legato_imagedecoder_raw_palette_internal.o
                0x23f0f640                _leRawImageDecoder_ImageRenderPostLookupStage
 .text.stage_decode
                0x23f0f678       0x74 build/default/debug/_ext/460669194/legato_imagedecoder_raw_read_internal.o
 .text.rleRandomDecode
                0x23f0f6ec       0x54 build/default/debug/_ext/460669194/legato_imagedecoder_raw_read_internal.o
 .text.rleSequentialDecode
                0x23f0f740       0x48 build/default/debug/_ext/460669194/legato_imagedecoder_raw_read_internal.o
 .text.colorDecode
                0x23f0f788       0x34 build/default/debug/_ext/460669194/legato_imagedecoder_raw_read_internal.o
 .text.indexRLERandomDecode
                0x23f0f7bc       0x80 build/default/debug/_ext/460669194/legato_imagedecoder_raw_read_internal.o
 .text.indexRLESequentialDecode
                0x23f0f83c       0x74 build/default/debug/_ext/460669194/legato_imagedecoder_raw_read_internal.o
 .text.indexDecode
                0x23f0f8b0       0x30 build/default/debug/_ext/460669194/legato_imagedecoder_raw_read_internal.o
 .text._leRawImageDecoder_ReadStage_Internal
                0x23f0f8e0      0x100 build/default/debug/_ext/460669194/legato_imagedecoder_raw_read_internal.o
                0x23f0f8e0                _leRawImageDecoder_ReadStage_Internal
 .text.stage_convertColor
                0x23f0f9e0       0x2c build/default/debug/_ext/460669194/legato_imagedecoder_raw_convert.o
 .text._leRawImageDecoder_ConvertStage
                0x23f0fa0c       0x90 build/default/debug/_ext/460669194/legato_imagedecoder_raw_convert.o
                0x23f0fa0c                _leRawImageDecoder_ConvertStage
 .text.stage_rejectMaskedColor
                0x23f0fa9c       0x24 build/default/debug/_ext/460669194/legato_imagedecoder_raw_mask.o
 .text._leRawImageDecoder_MaskStage_Internal
                0x23f0fac0       0x30 build/default/debug/_ext/460669194/legato_imagedecoder_raw_mask.o
                0x23f0fac0                _leRawImageDecoder_MaskStage_Internal
 .text.getDiscreteValueAtIndex1
                0x23f0faf0       0x18 build/default/debug/_ext/1428714511/legato_image_utils.o
 .text.getDiscreteValueAtIndex4
                0x23f0fb08       0x10 build/default/debug/_ext/1428714511/legato_image_utils.o
 .text.getDiscreteValueAtIndex8
                0x23f0fb18        0x8 build/default/debug/_ext/1428714511/legato_image_utils.o
 .text.calcOffset1bpp
                0x23f0fb20        0x8 build/default/debug/_ext/1428714511/legato_image_utils.o
 .text.calcOffset4bpp
                0x23f0fb28        0x8 build/default/debug/_ext/1428714511/legato_image_utils.o
 .text.calcOffset8bpp
                0x23f0fb30        0x4 build/default/debug/_ext/1428714511/legato_image_utils.o
 .text.calcOffset16bpp
                0x23f0fb34        0x8 build/default/debug/_ext/1428714511/legato_image_utils.o
 .text.calcOffset24bpp
                0x23f0fb3c        0x8 build/default/debug/_ext/1428714511/legato_image_utils.o
 .text.calcOffset32bpp
                0x23f0fb44        0x8 build/default/debug/_ext/1428714511/legato_image_utils.o
 .text.leGetRLEDataAtIndex
                0x23f0fb4c       0xd8 build/default/debug/_ext/1428714511/legato_image_utils.o
                0x23f0fb4c                leGetRLEDataAtIndex
 .text.leGetDiscreteValueAtIndex
                0x23f0fc24       0x18 build/default/debug/_ext/1428714511/legato_image_utils.o
                0x23f0fc24                leGetDiscreteValueAtIndex
 .text.leGetOffsetFromIndexAndBPP
                0x23f0fc3c       0x18 build/default/debug/_ext/1428714511/legato_image_utils.o
                0x23f0fc3c                leGetOffsetFromIndexAndBPP
 .text.leImage_InitDecoders
                0x23f0fc54       0x30 build/default/debug/_ext/1428714511/legato_image.o
                0x23f0fc54                leImage_InitDecoders
 .text.leImage_Create
                0x23f0fc84       0x94 build/default/debug/_ext/1428714511/legato_image.o
                0x23f0fc84                leImage_Create
 .text.leImage_Allocate
                0x23f0fd18       0xb4 build/default/debug/_ext/1428714511/legato_image.o
                0x23f0fd18                leImage_Allocate
 .text.leImage_Draw
                0x23f0fdcc       0xd4 build/default/debug/_ext/1428714511/legato_image.o
                0x23f0fdcc                leImage_Draw
 .text._insertIntoList
                0x23f0fea0       0x84 build/default/debug/_ext/1232982741/legato_variableheap.o
 .text._removeFromList
                0x23f0ff24       0x38 build/default/debug/_ext/1232982741/legato_variableheap.o
 .text._findPreviousBlock
                0x23f0ff5c       0xa0 build/default/debug/_ext/1232982741/legato_variableheap.o
 .text._findNextBlock
                0x23f0fffc       0x74 build/default/debug/_ext/1232982741/legato_variableheap.o
 .text._canSplit
                0x23f10070       0x3c build/default/debug/_ext/1232982741/legato_variableheap.o
 .text._combineFreeBlockNext
                0x23f100ac       0x7c build/default/debug/_ext/1232982741/legato_variableheap.o
 .text._growAllocBlock
                0x23f10128      0x104 build/default/debug/_ext/1232982741/legato_variableheap.o
 .text.leVariableHeap_Init
                0x23f1022c       0x58 build/default/debug/_ext/1232982741/legato_variableheap.o
                0x23f1022c                leVariableHeap_Init
 .text.leVariableHeap_Alloc
                0x23f10284      0x130 build/default/debug/_ext/1232982741/legato_variableheap.o
                0x23f10284                leVariableHeap_Alloc
 .text.leVariableHeap_Free
                0x23f103b4       0xd8 build/default/debug/_ext/1232982741/legato_variableheap.o
                0x23f103b4                leVariableHeap_Free
 .text.leVariableHeap_Realloc
                0x23f1048c      0x2a0 build/default/debug/_ext/1232982741/legato_variableheap.o
                0x23f1048c                leVariableHeap_Realloc
 .text.leVariableHeap_Contains
                0x23f1072c       0x20 build/default/debug/_ext/1232982741/legato_variableheap.o
                0x23f1072c                leVariableHeap_Contains
 .text.leVariableHeap_SizeOf
                0x23f1074c        0x8 build/default/debug/_ext/1232982741/legato_variableheap.o
                0x23f1074c                leVariableHeap_SizeOf
 .text.leVariableHeap_Validate
                0x23f10754        0x8 build/default/debug/_ext/1232982741/legato_variableheap.o
                0x23f10754                leVariableHeap_Validate
 .text._fixedHeapAlloc
                0x23f1075c       0x60 build/default/debug/_ext/1232982741/legato_memory.o
 .text._findFixedHeapForPointer
                0x23f107bc       0x5c build/default/debug/_ext/1232982741/legato_memory.o
 .text.leMemory_Init
                0x23f10818       0xb0 build/default/debug/_ext/1232982741/legato_memory.o
                0x23f10818                leMemory_Init
 .text.leMalloc
                0x23f108c8       0x28 build/default/debug/_ext/1232982741/legato_memory.o
                0x23f108c8                leMalloc
 .text.leFree   0x23f108f0       0x6c build/default/debug/_ext/1232982741/legato_memory.o
                0x23f108f0                leFree
 .text.leRealloc
                0x23f1095c      0x25c build/default/debug/_ext/1232982741/legato_memory.o
                0x23f1095c                leRealloc
 .text.leFixedHeap_Init
                0x23f10bb8       0xb0 build/default/debug/_ext/1232982741/legato_fixedheap.o
                0x23f10bb8                leFixedHeap_Init
 .text.leFixedHeap_Alloc
                0x23f10c68       0x48 build/default/debug/_ext/1232982741/legato_fixedheap.o
                0x23f10c68                leFixedHeap_Alloc
 .text.leFixedHeap_Free
                0x23f10cb0       0x1c build/default/debug/_ext/1232982741/legato_fixedheap.o
                0x23f10cb0                leFixedHeap_Free
 .text.leFixedHeap_Contains
                0x23f10ccc       0x60 build/default/debug/_ext/1232982741/legato_fixedheap.o
                0x23f10ccc                leFixedHeap_Contains
 .text.leRenderer_RectFill
                0x23f10d2c       0x6c build/default/debug/_ext/656756333/legato_draw_rect.o
                0x23f10d2c                leRenderer_RectFill
 .text._MonoFill
                0x23f10d98       0x64 build/default/debug/_ext/656756333/legato_draw.o
 .text._MonoPutPixel
                0x23f10dfc       0x30 build/default/debug/_ext/656756333/legato_draw.o
 .text._RGBPutPixel
                0x23f10e2c       0x2c build/default/debug/_ext/656756333/legato_draw.o
 .text._RGBFill
                0x23f10e58       0x88 build/default/debug/_ext/656756333/legato_draw.o
 .text._RGBBlendPixel
                0x23f10ee0      0x15c build/default/debug/_ext/656756333/legato_draw.o
 .text.leRenderer_GetPixel
                0x23f1103c       0x40 build/default/debug/_ext/656756333/legato_draw.o
                0x23f1103c                leRenderer_GetPixel
 .text.leRenderer_PutPixel
                0x23f1107c       0x4c build/default/debug/_ext/656756333/legato_draw.o
                0x23f1107c                leRenderer_PutPixel
 .text.leRenderer_BlendPixel
                0x23f110c8       0x50 build/default/debug/_ext/656756333/legato_draw.o
                0x23f110c8                leRenderer_BlendPixel
 .text.leRenderer_BlendPixel_Safe
                0x23f11118       0x64 build/default/debug/_ext/656756333/legato_draw.o
                0x23f11118                leRenderer_BlendPixel_Safe
 .text._RGBBlendFill
                0x23f1117c      0x140 build/default/debug/_ext/656756333/legato_draw.o
 .text.leRenderer_FillArea
                0x23f112bc       0x30 build/default/debug/_ext/656756333/legato_draw.o
                0x23f112bc                leRenderer_FillArea
 .text._leRenderer_InitDrawForMode
                0x23f112ec       0xa0 build/default/debug/_ext/656756333/legato_draw.o
                0x23f112ec                _leRenderer_InitDrawForMode
 .text.drawQ1   0x23f1138c      0x1d0 build/default/debug/_ext/656756333/legato_draw_arc.o
 .text.drawQ2   0x23f1155c      0x1bc build/default/debug/_ext/656756333/legato_draw_arc.o
 .text.drawQ3   0x23f11718      0x1c8 build/default/debug/_ext/656756333/legato_draw_arc.o
 .text.drawQ4   0x23f118e0      0x1d8 build/default/debug/_ext/656756333/legato_draw_arc.o
 .text.leRenderer_ArcFill
                0x23f11ab8      0x3e0 build/default/debug/_ext/656756333/legato_draw_arc.o
                0x23f11ab8                leRenderer_ArcFill
 .text.leRenderer_CircleFill
                0x23f11e98       0xc0 build/default/debug/_ext/656756333/legato_draw_arc.o
                0x23f11e98                leRenderer_CircleFill
 .text.leRenderer_HorzLine
                0x23f11f58       0xe4 build/default/debug/_ext/656756333/legato_draw_line.o
                0x23f11f58                leRenderer_HorzLine
 .text.leRenderer_VertLine
                0x23f1203c       0xe4 build/default/debug/_ext/656756333/legato_draw_line.o
                0x23f1203c                leRenderer_VertLine
 .text.findDirtyWidget
                0x23f12120       0x90 build/default/debug/_ext/656756333/legato_renderer.o
 .text._nextRect
                0x23f121b0       0x34 build/default/debug/_ext/656756333/legato_renderer.o
 .text.invalidateWidget
                0x23f121e4       0xe0 build/default/debug/_ext/656756333/legato_renderer.o
 .text.addDamageRectToList
                0x23f122c4       0xb8 build/default/debug/_ext/656756333/legato_renderer.o
 .text.leRenderer_IsIdle
                0x23f1237c       0x18 build/default/debug/_ext/656756333/legato_renderer.o
                0x23f1237c                leRenderer_IsIdle
 .text.leGetRenderBuffer
                0x23f12394       0x28 build/default/debug/_ext/656756333/legato_renderer.o
                0x23f12394                leGetRenderBuffer
 .text.leRenderer_CurrentColorMode
                0x23f123bc       0x20 build/default/debug/_ext/656756333/legato_renderer.o
                0x23f123bc                leRenderer_CurrentColorMode
 .text.leRenderer_ConvertColor
                0x23f123dc       0x34 build/default/debug/_ext/656756333/legato_renderer.o
                0x23f123dc                leRenderer_ConvertColor
 .text.leRenderer_DisplaySize
                0x23f12410       0x40 build/default/debug/_ext/656756333/legato_renderer.o
                0x23f12410                leRenderer_DisplaySize
 .text.leRenderer_GetClipRect
                0x23f12450       0x18 build/default/debug/_ext/656756333/legato_renderer.o
                0x23f12450                leRenderer_GetClipRect
 .text.leRenderer_GetFrameRect
                0x23f12468       0x28 build/default/debug/_ext/656756333/legato_renderer.o
                0x23f12468                leRenderer_GetFrameRect
 .text.leRenderer_CullDrawRect
                0x23f12490       0x20 build/default/debug/_ext/656756333/legato_renderer.o
                0x23f12490                leRenderer_CullDrawRect
 .text.leRenderer_CullDrawXY
                0x23f124b0       0x30 build/default/debug/_ext/656756333/legato_renderer.o
                0x23f124b0                leRenderer_CullDrawXY
 .text.leRenderer_ClipDrawRect
                0x23f124e0       0x18 build/default/debug/_ext/656756333/legato_renderer.o
                0x23f124e0                leRenderer_ClipDrawRect
 .text.leRenderer_Initialize
                0x23f124f8       0xb8 build/default/debug/_ext/656756333/legato_renderer.o
                0x23f124f8                leRenderer_Initialize
 .text.leRenderer_DisplayInterface
                0x23f125b0       0x10 build/default/debug/_ext/656756333/legato_renderer.o
                0x23f125b0                leRenderer_DisplayInterface
 .text.leRenderer_GPUInterface
                0x23f125c0       0x10 build/default/debug/_ext/656756333/legato_renderer.o
                0x23f125c0                leRenderer_GPUInterface
 .text.leRenderer_DamageArea
                0x23f125d0       0xa8 build/default/debug/_ext/656756333/legato_renderer.o
                0x23f125d0                leRenderer_DamageArea
 .text.leRenderer_Paint
                0x23f12678      0x7c8 build/default/debug/_ext/656756333/legato_renderer.o
                0x23f12678                leRenderer_Paint
 .text._leRenderer_CreateLayerState
                0x23f12e40       0x48 build/default/debug/_ext/656756333/legato_renderer.o
                0x23f12e40                _leRenderer_CreateLayerState
 .text._convertColorMode
                0x23f12e88        0xc build/default/debug/_ext/656756333/legato_gpu.o
 .text.leGPU_DrawLine
                0x23f12e94      0x1e4 build/default/debug/_ext/656756333/legato_gpu.o
                0x23f12e94                leGPU_DrawLine
 .text.leGPU_ClearBuffer
                0x23f13078       0xa4 build/default/debug/_ext/656756333/legato_gpu.o
                0x23f13078                leGPU_ClearBuffer
 .text.leGPU_FillRect
                0x23f1311c      0x178 build/default/debug/_ext/656756333/legato_gpu.o
                0x23f1311c                leGPU_FillRect
 .text.leGPU_BlitBuffer
                0x23f13294      0x224 build/default/debug/_ext/656756333/legato_gpu.o
                0x23f13294                leGPU_BlitBuffer
 .text.leGPU_BlitStretchBuffer
                0x23f134b8      0x200 build/default/debug/_ext/656756333/legato_gpu.o
                0x23f134b8                leGPU_BlitStretchBuffer
 .text.decodeASCII
                0x23f136b8       0x18 build/default/debug/_ext/1047211973/legato_stringutils.o
 .text.decodeUTF8
                0x23f136d0      0x1f8 build/default/debug/_ext/1047211973/legato_stringutils.o
 .text.decodeUTF16
                0x23f138c8       0x80 build/default/debug/_ext/1047211973/legato_stringutils.o
 .text.leDecodeCodePoint
                0x23f13948       0x2c build/default/debug/_ext/1047211973/legato_stringutils.o
                0x23f13948                leDecodeCodePoint
 .text.leStringUtils_KerningRect
                0x23f13974       0x44 build/default/debug/_ext/1047211973/legato_stringutils.o
                0x23f13974                leStringUtils_KerningRect
 .text._leString_Constructor
                0x23f139b8       0x18 build/default/debug/_ext/1047211973/legato_string.o
                0x23f139b8                _leString_Constructor
 .text._leString_Destructor
                0x23f139d0        0x4 build/default/debug/_ext/1047211973/legato_string.o
                0x23f139d0                _leString_Destructor
 .text._leString_GetRect
                0x23f139d4       0xd8 build/default/debug/_ext/1047211973/legato_string.o
                0x23f139d4                _leString_GetRect
 .text._leString_GetLineCount
                0x23f13aac       0x58 build/default/debug/_ext/1047211973/legato_string.o
                0x23f13aac                _leString_GetLineCount
 .text._leString_GetLineIndices
                0x23f13b04       0xbc build/default/debug/_ext/1047211973/legato_string.o
                0x23f13b04                _leString_GetLineIndices
 .text._leString_GetLineRect
                0x23f13bc0      0x118 build/default/debug/_ext/1047211973/legato_string.o
                0x23f13bc0                _leString_GetLineRect
 .text._leString_GetCharRect
                0x23f13cd8      0x118 build/default/debug/_ext/1047211973/legato_string.o
                0x23f13cd8                _leString_GetCharRect
 .text._leString_GetCharIndexAtPoint
                0x23f13df0      0x128 build/default/debug/_ext/1047211973/legato_string.o
                0x23f13df0                _leString_GetCharIndexAtPoint
 .text._leString_Draw
                0x23f13f18       0x40 build/default/debug/_ext/1047211973/legato_string.o
                0x23f13f18                _leString_Draw
 .text._leString_PreInvalidate
                0x23f13f58       0x1c build/default/debug/_ext/1047211973/legato_string.o
                0x23f13f58                _leString_PreInvalidate
 .text._leString_Invalidate
                0x23f13f74       0x1c build/default/debug/_ext/1047211973/legato_string.o
                0x23f13f74                _leString_Invalidate
 .text._leString_SetPreInvalidateCallback
                0x23f13f90       0x18 build/default/debug/_ext/1047211973/legato_string.o
                0x23f13f90                _leString_SetPreInvalidateCallback
 .text._leString_SetInvalidateCallback
                0x23f13fa8       0x18 build/default/debug/_ext/1047211973/legato_string.o
                0x23f13fa8                _leString_SetInvalidateCallback
 .text._leTableString_SetFont
                0x23f13fc0        0x8 build/default/debug/_ext/1047211973/legato_tablestring.o
                0x23f13fc0                _leTableString_SetFont
 .text._leTableString_SetFromString
                0x23f13fc8        0x8 build/default/debug/_ext/1047211973/legato_tablestring.o
                0x23f13fc8                _leTableString_SetFromString
 .text._leTableString_SetFromChar
                0x23f13fd0        0x8 build/default/debug/_ext/1047211973/legato_tablestring.o
                0x23f13fd0                _leTableString_SetFromChar
 .text._leTableString_SetFromCStr
                0x23f13fd8        0x8 build/default/debug/_ext/1047211973/legato_tablestring.o
                0x23f13fd8                _leTableString_SetFromCStr
 .text._leTableString_Compare
                0x23f13fe0       0xb8 build/default/debug/_ext/1047211973/legato_tablestring.o
                0x23f13fe0                _leTableString_Compare
 .text._leTableString_Append
                0x23f14098        0x8 build/default/debug/_ext/1047211973/legato_tablestring.o
                0x23f14098                _leTableString_Append
 .text._leTableString_Insert
                0x23f140a0        0x8 build/default/debug/_ext/1047211973/legato_tablestring.o
                0x23f140a0                _leTableString_Insert
 .text._leTableString_Remove
                0x23f140a8        0x8 build/default/debug/_ext/1047211973/legato_tablestring.o
                0x23f140a8                _leTableString_Remove
 .text._leTableString_Clear
                0x23f140b0        0x4 build/default/debug/_ext/1047211973/legato_tablestring.o
                0x23f140b0                _leTableString_Clear
 .text._leTableString_GetID
                0x23f140b4        0x8 build/default/debug/_ext/1047211973/legato_tablestring.o
                0x23f140b4                _leTableString_GetID
 .text._leTableString_SetID
                0x23f140bc       0x34 build/default/debug/_ext/1047211973/legato_tablestring.o
                0x23f140bc                _leTableString_SetID
 .text._leTableString_Destructor
                0x23f140f0       0x14 build/default/debug/_ext/1047211973/legato_tablestring.o
                0x23f140f0                _leTableString_Destructor
 .text._leTableString_GetFont
                0x23f14104       0x2c build/default/debug/_ext/1047211973/legato_tablestring.o
                0x23f14104                _leTableString_GetFont
 .text._leTableString_Length
                0x23f14130       0x78 build/default/debug/_ext/1047211973/legato_tablestring.o
                0x23f14130                _leTableString_Length
 .text._leTableString_IsEmpty
                0x23f141a8       0x14 build/default/debug/_ext/1047211973/legato_tablestring.o
                0x23f141a8                _leTableString_IsEmpty
 .text._leTableString_CharAt
                0x23f141bc       0xf8 build/default/debug/_ext/1047211973/legato_tablestring.o
                0x23f141bc                _leTableString_CharAt
 .text.leTableString_Constructor
                0x23f142b4       0x28 build/default/debug/_ext/1047211973/legato_tablestring.o
                0x23f142b4                leTableString_Constructor
 .text.leStringRenderer_DrawString
                0x23f142dc      0x290 build/default/debug/_ext/1047211973/legato_string_renderer.o
                0x23f142dc                leStringRenderer_DrawString
 .text.leStringTable_GetStringOffset
                0x23f1456c       0x64 build/default/debug/_ext/1047211973/legato_stringtable.o
                0x23f1456c                leStringTable_GetStringOffset
 .text.leStringTable_GetStringFont
                0x23f145d0       0x60 build/default/debug/_ext/1047211973/legato_stringtable.o
                0x23f145d0                leStringTable_GetStringFont
 .text.leStringTable_StringLookup
                0x23f14630       0x60 build/default/debug/_ext/1047211973/legato_stringtable.o
                0x23f14630                leStringTable_StringLookup
 .text.leStringTable_GetStringLength
                0x23f14690       0x84 build/default/debug/_ext/1047211973/legato_stringtable.o
                0x23f14690                leStringTable_GetStringLength
 .text.nextState
                0x23f14714      0x140 build/default/debug/_ext/1043708429/legato_widget_button_skin_classic.o
 .text.drawBorder
                0x23f14854       0x68 build/default/debug/_ext/1043708429/legato_widget_button_skin_classic.o
 .text.drawBackground
                0x23f148bc       0x54 build/default/debug/_ext/1043708429/legato_widget_button_skin_classic.o
 .text._leButtonWidget_GetImageRect
                0x23f14910      0x160 build/default/debug/_ext/1043708429/legato_widget_button_skin_classic.o
                0x23f14910                _leButtonWidget_GetImageRect
 .text.drawImage
                0x23f14a70       0x5c build/default/debug/_ext/1043708429/legato_widget_button_skin_classic.o
 .text._leButtonWidget_GetTextRects
                0x23f14acc      0x184 build/default/debug/_ext/1043708429/legato_widget_button_skin_classic.o
                0x23f14acc                _leButtonWidget_GetTextRects
 .text.drawString
                0x23f14c50       0xa0 build/default/debug/_ext/1043708429/legato_widget_button_skin_classic.o
 .text._leButtonWidget_InvalidateBorderAreas
                0x23f14cf0      0x1a4 build/default/debug/_ext/1043708429/legato_widget_button_skin_classic.o
                0x23f14cf0                _leButtonWidget_InvalidateBorderAreas
 .text._leButtonWidget_Paint
                0x23f14e94       0x44 build/default/debug/_ext/1043708429/legato_widget_button_skin_classic.o
                0x23f14e94                _leButtonWidget_Paint
 .text.getToggleable
                0x23f14ed8        0x8 build/default/debug/_ext/1043708429/legato_widget_button.o
 .text.setToggleable
                0x23f14ee0       0x14 build/default/debug/_ext/1043708429/legato_widget_button.o
 .text.getPressed
                0x23f14ef4       0x18 build/default/debug/_ext/1043708429/legato_widget_button.o
 .text.setPressed
                0x23f14f0c      0x110 build/default/debug/_ext/1043708429/legato_widget_button.o
 .text.getString
                0x23f1501c        0x8 build/default/debug/_ext/1043708429/legato_widget_button.o
 .text.setString
                0x23f15024       0xa0 build/default/debug/_ext/1043708429/legato_widget_button.o
 .text.getPressedImage
                0x23f150c4        0x8 build/default/debug/_ext/1043708429/legato_widget_button.o
 .text.setPressedImage
                0x23f150cc       0x1c build/default/debug/_ext/1043708429/legato_widget_button.o
 .text.getReleasedImage
                0x23f150e8        0x8 build/default/debug/_ext/1043708429/legato_widget_button.o
 .text.setReleasedImage
                0x23f150f0       0x1c build/default/debug/_ext/1043708429/legato_widget_button.o
 .text.getImagePosition
                0x23f1510c        0x8 build/default/debug/_ext/1043708429/legato_widget_button.o
 .text.setImagePosition
                0x23f15114       0x48 build/default/debug/_ext/1043708429/legato_widget_button.o
 .text.getImageMargin
                0x23f1515c        0x8 build/default/debug/_ext/1043708429/legato_widget_button.o
 .text.setImageMargin
                0x23f15164       0x48 build/default/debug/_ext/1043708429/legato_widget_button.o
 .text.getPressedOffset
                0x23f151ac        0x8 build/default/debug/_ext/1043708429/legato_widget_button.o
 .text.setPressedOffset
                0x23f151b4       0x60 build/default/debug/_ext/1043708429/legato_widget_button.o
 .text.getPressedEventCallback
                0x23f15214        0x8 build/default/debug/_ext/1043708429/legato_widget_button.o
 .text.setPressedEventCallback
                0x23f1521c        0xc build/default/debug/_ext/1043708429/legato_widget_button.o
 .text.getReleasedEventCallback
                0x23f15228        0x8 build/default/debug/_ext/1043708429/legato_widget_button.o
 .text.setReleasedEventCallback
                0x23f15230        0xc build/default/debug/_ext/1043708429/legato_widget_button.o
 .text.languageChanging
                0x23f1523c       0x20 build/default/debug/_ext/1043708429/legato_widget_button.o
 .text.invalidateTextRect
                0x23f1525c       0x34 build/default/debug/_ext/1043708429/legato_widget_button.o
 .text.stringInvalidate
                0x23f15290       0x10 build/default/debug/_ext/1043708429/legato_widget_button.o
 .text.stringPreinvalidate
                0x23f152a0       0x10 build/default/debug/_ext/1043708429/legato_widget_button.o
 .text.touchDown
                0x23f152b0       0xac build/default/debug/_ext/1043708429/legato_widget_button.o
 .text.touchMoved
                0x23f1535c      0x168 build/default/debug/_ext/1043708429/legato_widget_button.o
 .text.touchUp  0x23f154c4      0x158 build/default/debug/_ext/1043708429/legato_widget_button.o
 .text.invalidateContents
                0x23f1561c       0x8c build/default/debug/_ext/1043708429/legato_widget_button.o
 .text._leButtonWidget_Destructor
                0x23f156a8       0x1c build/default/debug/_ext/1043708429/legato_widget_button.o
                0x23f156a8                _leButtonWidget_Destructor
 .text.leButtonWidget_Constructor
                0x23f156c4       0x70 build/default/debug/_ext/1043708429/legato_widget_button.o
                0x23f156c4                leButtonWidget_Constructor
 .text.leButtonWidget_New
                0x23f15734       0x24 build/default/debug/_ext/1043708429/legato_widget_button.o
                0x23f15734                leButtonWidget_New
 .text.handleLanguageChangeEvent
                0x23f15758       0x20 build/default/debug/_ext/390595603/legato_widget_label.o
 .text.getString
                0x23f15778        0x8 build/default/debug/_ext/390595603/legato_widget_label.o
 .text._leLabelWidget_Destructor
                0x23f15780       0x14 build/default/debug/_ext/390595603/legato_widget_label.o
 .text.invalidateContents
                0x23f15794       0x40 build/default/debug/_ext/390595603/legato_widget_label.o
 .text.setString
                0x23f157d4       0xb0 build/default/debug/_ext/390595603/legato_widget_label.o
 .text.stringInvalidate
                0x23f15884       0x10 build/default/debug/_ext/390595603/legato_widget_label.o
 .text.stringPreinvalidate
                0x23f15894       0x10 build/default/debug/_ext/390595603/legato_widget_label.o
 .text.leLabelWidget_Constructor
                0x23f158a4       0x48 build/default/debug/_ext/390595603/legato_widget_label.o
                0x23f158a4                leLabelWidget_Constructor
 .text.leLabelWidget_New
                0x23f158ec       0x1c build/default/debug/_ext/390595603/legato_widget_label.o
                0x23f158ec                leLabelWidget_New
 .text.nextState
                0x23f15908      0x100 build/default/debug/_ext/390595603/legato_widget_label_skin_classic.o
 .text.drawBorder
                0x23f15a08       0x4c build/default/debug/_ext/390595603/legato_widget_label_skin_classic.o
 .text.drawBackground
                0x23f15a54       0x24 build/default/debug/_ext/390595603/legato_widget_label_skin_classic.o
 .text._leLabelWidget_GetTextRects
                0x23f15a78      0x110 build/default/debug/_ext/390595603/legato_widget_label_skin_classic.o
                0x23f15a78                _leLabelWidget_GetTextRects
 .text.drawString
                0x23f15b88       0x98 build/default/debug/_ext/390595603/legato_widget_label_skin_classic.o
 .text._leLabelWidget_Paint
                0x23f15c20       0x44 build/default/debug/_ext/390595603/legato_widget_label_skin_classic.o
                0x23f15c20                _leLabelWidget_Paint
 .text.drawBorder