Archive member included to satisfy reference by file (symbol)

c:/program files/microchip/xc32/v4.35/bin/bin/../../lib/gcc/pic32c/8.3.1/arm/v5te/nofp\libgcc.a(_udivsi3.o)
                              build/default/debug/_ext/460667659/lodepng.o (__aeabi_uidiv)
c:/program files/microchip/xc32/v4.35/bin/bin/../../lib/gcc/pic32c/8.3.1/arm/v5te/nofp\libgcc.a(_divsi3.o)
                              build/default/debug/_ext/1510041067/legato_math.o (__aeabi_idiv)
c:/program files/microchip/xc32/v4.35/bin/bin/../../lib/gcc/pic32c/8.3.1/arm/v5te/nofp\libgcc.a(_dvmd_tls.o)
                              c:/program files/microchip/xc32/v4.35/bin/bin/../../lib/gcc/pic32c/8.3.1/arm/v5te/nofp\libgcc.a(_udivsi3.o) (__aeabi_idiv0)
c:/program files/microchip/xc32/v4.35/bin/bin/../../lib/gcc/pic32c/8.3.1/arm/v5te/nofp\libgcc.a(_arm_addsubsf3.o)
                              build/default/debug/_ext/1908827647/legato_widget_circular_slider.o (__aeabi_fsub)
c:/program files/microchip/xc32/v4.35/bin/bin/../../lib/gcc/pic32c/8.3.1/arm/v5te/nofp\libgcc.a(_arm_muldivsf3.o)
                              build/default/debug/_ext/1908827647/legato_widget_circular_slider.o (__aeabi_fmul)
c:/program files/microchip/xc32/v4.35/bin/bin/../../lib/gcc/pic32c/8.3.1/arm/v5te/nofp\libgcc.a(_arm_cmpsf2.o)
                              build/default/debug/_ext/1510041067/legato_math.o (__aeabi_fcmplt)
c:/program files/microchip/xc32/v4.35/bin/bin/../../lib/gcc/pic32c/8.3.1/arm/v5te/nofp\libgcc.a(_arm_fixsfsi.o)
                              build/default/debug/_ext/1908827647/legato_widget_circular_slider.o (__aeabi_f2iz)
c:/program files/microchip/xc32/v4.35/bin/bin/../../lib/gcc/pic32c/8.3.1/arm/v5te/nofp\libgcc.a(_arm_fixunssfsi.o)
                              build/default/debug/_ext/1319235455/gfx_driver.o (__aeabi_f2uiz)
c:/program files/microchip/xc32/v4.35/bin/bin/../../lib/gcc/pic32c/8.3.1/../../../../pic32c/lib/arm/v5te/nofp\libm-musl.a(atan.o)
                              build/default/debug/_ext/1510041067/legato_math.o (atan)
c:/program files/microchip/xc32/v4.35/bin/bin/../../lib/gcc/pic32c/8.3.1/../../../../pic32c/lib/arm/v5te/nofp\libm-musl.a(atan2f.o)
                              build/default/debug/_ext/1908827647/legato_widget_circular_slider.o (atan2f)
c:/program files/microchip/xc32/v4.35/bin/bin/../../lib/gcc/pic32c/8.3.1/../../../../pic32c/lib/arm/v5te/nofp\libm-musl.a(atanf.o)
                              c:/program files/microchip/xc32/v4.35/bin/bin/../../lib/gcc/pic32c/8.3.1/../../../../pic32c/lib/arm/v5te/nofp\libm-musl.a(atan2f.o) (atanf)
c:/program files/microchip/xc32/v4.35/bin/bin/../../lib/gcc/pic32c/8.3.1/../../../../pic32c/lib/arm/v5te/nofp\libm-musl.a(fabs.o)
                              c:/program files/microchip/xc32/v4.35/bin/bin/../../lib/gcc/pic32c/8.3.1/../../../../pic32c/lib/arm/v5te/nofp\libm-musl.a(atan.o) (fabs)
c:/program files/microchip/xc32/v4.35/bin/bin/../../lib/gcc/pic32c/8.3.1/../../../../pic32c/lib/arm/v5te/nofp\libm-musl.a(fabsf.o)
                              c:/program files/microchip/xc32/v4.35/bin/bin/../../lib/gcc/pic32c/8.3.1/../../../../pic32c/lib/arm/v5te/nofp\libm-musl.a(atan2f.o) (fabsf)
c:/program files/microchip/xc32/v4.35/bin/bin/../../lib/gcc/pic32c/8.3.1/../../../../pic32c/lib/arm/v5te/nofp\libg-musl.a(__libc_start_main.o)
                              build/default/debug/_ext/1171490990/cstartup.o (__libc_init_array)
c:/program files/microchip/xc32/v4.35/bin/bin/../../lib/gcc/pic32c/8.3.1/../../../../pic32c/lib/arm/v5te/nofp\libg-musl.a(libc.o)
                              c:/program files/microchip/xc32/v4.35/bin/bin/../../lib/gcc/pic32c/8.3.1/../../../../pic32c/lib/arm/v5te/nofp\libg-musl.a(__libc_start_main.o) (__progname_full)
c:/program files/microchip/xc32/v4.35/bin/bin/../../lib/gcc/pic32c/8.3.1/../../../../pic32c/lib/arm/v5te/nofp\libg-musl.a(__sio_printf_dnpuxX.o)
                              (_printf_dnpuxX)
c:/program files/microchip/xc32/v4.35/bin/bin/../../lib/gcc/pic32c/8.3.1/../../../../pic32c/lib/arm/v5te/nofp\libg-musl.a(__sio_sprintf_dnpuxX.o)
                              (_sprintf_dnpuxX)
c:/program files/microchip/xc32/v4.35/bin/bin/../../lib/gcc/pic32c/8.3.1/../../../../pic32c/lib/arm/v5te/nofp\libg-musl.a(__fmt_d.o)
                              c:/program files/microchip/xc32/v4.35/bin/bin/../../lib/gcc/pic32c/8.3.1/../../../../pic32c/lib/arm/v5te/nofp\libg-musl.a(__sio_printf_dnpuxX.o) (__fmt_d_needed)
c:/program files/microchip/xc32/v4.35/bin/bin/../../lib/gcc/pic32c/8.3.1/../../../../pic32c/lib/arm/v5te/nofp\libg-musl.a(__fmt_u.o)
                              c:/program files/microchip/xc32/v4.35/bin/bin/../../lib/gcc/pic32c/8.3.1/../../../../pic32c/lib/arm/v5te/nofp\libg-musl.a(__sio_printf_dnpuxX.o) (__fmt_u_needed)
c:/program files/microchip/xc32/v4.35/bin/bin/../../lib/gcc/pic32c/8.3.1/../../../../pic32c/lib/arm/v5te/nofp\libg-musl.a(__fmt_x.o)
[...]
Memory Configuration

Name             Origin             Length             Attributes
sram             0x00300000         0x00010000         xw
ram              0x21000000         0x0f000000         xwl !r
ram_nocache      0x20000000         0x01000000         !xrw
rom              0x00000000         0x00000000         xrl
*default*        0x00000000         0xffffffff

Linker script and memory map

LOAD c:/program files/microchip/xc32/v4.35/bin/bin/../../lib/gcc/pic32c/8.3.1/arm/v5te/nofp/crti.o
LOAD c:/program files/microchip/xc32/v4.35/bin/bin/../../lib/gcc/pic32c/8.3.1/arm/v5te/nofp/crtbegin.o
LOAD build/default/debug/_ext/2021927327/legato_array.o
LOAD build/default/debug/_ext/1626882341/le_gen_scheme.o
LOAD build/default/debug/_ext/1402498444/legato_widget_textfield_skin_classic.o
LOAD build/default/debug/_ext/616308571/legato_widget_progressbar.o
LOAD build/default/debug/_ext/943273362/legato_widget.o
LOAD build/default/debug/_ext/1510041067/legato_pixelbuffer.o
LOAD build/default/debug/_ext/460669194/legato_imagedecoder_raw_read_stream_rlecolor.o
LOAD build/default/debug/_ext/662047379/legato_widget_groupbox_skin_classic.o
LOAD build/default/debug/_ext/1395618758/legato_imagedecoder_jpeg_common.o
LOAD build/default/debug/_ext/1788507233/legato_widget_list.o
LOAD build/default/debug/_ext/2046438975/legato_widget_radial_menu_state.o
LOAD build/default/debug/_ext/2046438975/legato_widget_radial_menu.o
LOAD build/default/debug/_ext/1171490990/interrupts.o
LOAD build/default/debug/_ext/390595603/legato_widget_label_skin_classic.o
LOAD build/default/debug/_ext/1510041067/legato_utils.o
LOAD build/default/debug/_ext/943273362/legato_editwidget.o
LOAD build/default/debug/_ext/92372729/legato_rasterfont_liberationmono1.o
LOAD build/default/debug/_ext/1720272079/legato_widget_arc.o
LOAD build/default/debug/_ext/368479812/legato_widget_checkbox_skin_classic.o
LOAD build/default/debug/_ext/1428714511/legato_image.o
LOAD build/default/debug/_ext/1857376173/legato_widget_pie_chart_skin_classic.o
LOAD build/default/debug/_ext/1828717368/legato_widget_drawsurface_skin_classic.o
LOAD build/default/debug/_ext/460669194/legato_imagedecoder_raw_blend.o
LOAD build/default/debug/_ext/1231657756/legato_widget_listwheel_skin_classic.o
LOAD build/default/debug/_ext/1510041067/legato_color_convert.o
LOAD build/default/debug/_ext/1994224581/legato_widget_imagesequence_skin_classic.o
LOAD build/default/debug/_ext/60163497/plib_aic.o
LOAD build/default/debug/_ext/1723202356/legato_widget_radiobutton.o
LOAD build/default/debug/_ext/92283465/legato_stream.o
LOAD build/default/debug/_ext/460669194/legato_imagedecoder_raw_rotate.o
LOAD build/default/debug/_ext/943273362/legato_widget_skin_classic_common.o
LOAD build/default/debug/_ext/92372729/legato_rasterfont_stream.o
LOAD build/default/debug/_ext/1047211973/legato_tablestring.o
LOAD build/default/debug/_ext/1626882341/le_gen_globalpalette.o
LOAD build/default/debug/_ext/2143783897/legato_widget_circular_gauge_skin_classic.o
LOAD build/default/debug/_ext/460669194/legato_imagedecoder_raw_read_stream_index.o
LOAD build/default/debug/_ext/1720272079/legato_widget_arc_skin_classic.o
LOAD build/default/debug/_ext/388181626/legato_widget_image.o
LOAD build/default/debug/_ext/460667659/lodepng.o
LOAD build/default/debug/_ext/1379158940/legato_widget_bar_graph_skin_classic.o
LOAD build/default/debug/_ext/1047211973/legato_dynamicstring.o
LOAD build/default/debug/_ext/1232982741/legato_variableheap.o
LOAD build/default/debug/_ext/1626882341/le_gen_harmony.o
LOAD build/default/debug/_ext/1395707457/legato_imagedecoder_mono_read_stream.o
LOAD build/default/debug/_ext/656756333/legato_gpu.o
LOAD build/default/debug/_ext/1510041067/legato_color_value.o
LOAD build/default/debug/_ext/1395618758/jidctint.o
LOAD build/default/debug/_ext/1788507233/legato_widget_list_skin_classic.o
LOAD build/default/debug/_ext/1047211973/legato_string.o
LOAD build/default/debug/_ext/656756333/legato_draw_rect.o
LOAD build/default/debug/_ext/1043708429/legato_widget_button.o
LOAD build/default/debug/_ext/1908827647/legato_widget_circular_slider.o
LOAD build/default/debug/_ext/368479812/legato_widget_checkbox.o
LOAD build/default/debug/_ext/656756333/legato_draw_line.o
LOAD build/default/debug/_ext/1231657756/legato_widget_listwheel.o
LOAD build/default/debug/_ext/656756333/legato_draw.o
LOAD build/default/debug/_ext/1078761039/legato_widget_gradient_skin_classic.o
LOAD build/default/debug/_ext/1510041067/legato_error.o
LOAD build/default/debug/_ext/92372729/legato_font.o
LOAD build/default/debug/_ext/1881668453/sys_int.o
LOAD build/default/debug/_ext/1510041067/legato_color_lerp.o
LOAD build/default/debug/_ext/1232982741/legato_fixedheap.o
LOAD build/default/debug/_ext/388181626/legato_widget_image_skin_classic.o
LOAD build/default/debug/_ext/1723202356/legato_radiobutton_group.o
LOAD build/default/debug/_ext/1310443605/legato_widget_imagerotate_skin_classic.o
LOAD build/default/debug/_ext/1777736013/gfx_simulator.o
LOAD build/default/debug/_ext/453772623/legato_widget_window_skin_classic.o
LOAD build/default/debug/_ext/60165520/plib_clk.o
LOAD build/default/debug/_ext/92283465/legato_scheme.o
LOAD build/default/debug/_ext/460669194/legato_imagedecoder_raw_read_stream_rleindex.o
LOAD build/default/debug/_ext/1496299024/legato_widget_touchtest.o
LOAD build/default/debug/_ext/1310443605/legato_widget_imagerotate.o
LOAD build/default/debug/_ext/1047211973/legato_stringutils.o
LOAD build/default/debug/_ext/943273362/legato_widget_skin_classic.o
LOAD build/default/debug/_ext/1171490990/fault_handlers.o
LOAD build/default/debug/_ext/60175171/plib_mmu.o
LOAD build/default/debug/_ext/1395618758/legato_imagedecoder_jpeg.o
LOAD build/default/debug/_ext/92283465/legato_state.o
LOAD build/default/debug/_ext/1626882341/le_gen_init.o
LOAD build/default/debug/_ext/937247594/le_gen_screen_Screen0.o
LOAD build/default/debug/_ext/1908827647/legato_widget_circular_slider_skin_classic.o
LOAD build/default/debug/_ext/1078761039/legato_widget_gradient.o
LOAD build/default/debug/_ext/616308571/legato_widget_progressbar_skin_classic.o
LOAD build/default/debug/_ext/1510041067/legato_color.o
LOAD build/default/debug/_ext/1026237551/legato_widget_circle.o
LOAD build/default/debug/_ext/800677739/legato_widget_keypad.o
LOAD build/default/debug/_ext/1171490990/cstartup.o
LOAD build/default/debug/_ext/1402498444/legato_widget_textfield.o
LOAD build/default/debug/_ext/1047211973/legato_fixedstring.o
LOAD build/default/debug/_ext/1443241019/legato_widget_scrollbar_skin_classic.o
LOAD build/default/debug/_ext/60177924/plib_pio.o
LOAD build/default/debug/_ext/460669194/legato_imagedecoder_raw_write.o
LOAD build/default/debug/_ext/1395707457/legato_imagedecoder_mono_read_internal.o
LOAD build/default/debug/_ext/1428714511/legato_image_utils.o
LOAD build/default/debug/_ext/1232982741/legato_memory.o
LOAD build/default/debug/_ext/1510041067/legato_color_blend.o
LOAD build/default/debug/_ext/1379158940/legato_widget_bar_graph.o
LOAD build/default/debug/_ext/2046438975/legato_widget_radial_menu_skin_classic.o
LOAD build/default/debug/_ext/460669194/legato_imagedecoder_raw_palette_internal.o
LOAD build/default/debug/_ext/800677739/legato_widget_keypad_skin_classic.o
LOAD build/default/debug/_ext/1047211973/legato_string_renderer_stream.o
LOAD build/default/debug/_ext/1014039709/sys_cache.o
LOAD build/default/debug/_ext/1008098389/sys_input.o
LOAD build/default/debug/_ext/92372729/legato_rasterfont_liberationmono8.o
LOAD build/default/debug/_ext/460669194/legato_imagedecoder_raw_scale.o
LOAD build/default/debug/_ext/645187449/legato_widget_line_graph_skin_classic.o
LOAD build/default/debug/_ext/1171490990/initialization.o
LOAD build/default/debug/_ext/656756333/legato_draw_arc.o
LOAD build/default/debug/_ext/390595603/legato_widget_label.o
LOAD build/default/debug/_ext/460669194/legato_imagedecoder_raw_palette_stream.o
LOAD build/default/debug/_ext/656756333/legato_renderer.o
LOAD build/default/debug/_ext/1723202356/legato_widget_radiobutton_skin_classic.o
LOAD build/default/debug/_ext/1428714511/legato_palette.o
LOAD build/default/debug/_ext/1319235455/gfx_driver.o
LOAD build/default/debug/_ext/1043708429/legato_widget_button_skin_classic.o
LOAD build/default/debug/_ext/1510041067/legato_rect.o
LOAD build/default/debug/_ext/92283465/legato_event.o
LOAD build/default/debug/_ext/1012651792/legato_widget_imagescale.o
LOAD build/default/debug/_ext/645187449/legato_widget_line_graph.o
LOAD build/default/debug/_ext/739734770/legato_widget_rectangle.o
LOAD build/default/debug/_ext/1496299024/legato_widget_touchtest_skin_classic.o
LOAD build/default/debug/_ext/163028504/xc32_monitor.o
LOAD build/default/debug/_ext/460669194/legato_imagedecoder_raw_convert.o
LOAD build/default/debug/_ext/460669194/legato_imagedecoder_raw_mask.o
LOAD build/default/debug/_ext/1626882341/le_gen_stringtable.o
LOAD build/default/debug/_ext/460667659/legato_imagedecoder_png.o
LOAD build/default/debug/_ext/565667934/legato_widget_slider_skin_classic.o
LOAD build/default/debug/_ext/1857376173/legato_widget_pie_chart.o
LOAD build/default/debug/_ext/1360937237/main.o
LOAD build/default/debug/_ext/1171490990/tasks.o
LOAD build/default/debug/_ext/1788507403/legato_widget_line.o
LOAD build/default/debug/_ext/565667934/legato_widget_slider.o
LOAD build/default/debug/_ext/1026237551/legato_widget_circle_skin_classic.o
LOAD build/default/debug/_ext/2021927327/legato_list.o
LOAD build/default/debug/_ext/662047379/legato_widget_groupbox.o
LOAD build/default/debug/_ext/92283465/legato_input.o
LOAD build/default/debug/_ext/1443241019/legato_widget_scrollbar.o
LOAD build/default/debug/_ext/1828717368/legato_widget_drawsurface.o
LOAD build/default/debug/_ext/1510041067/legato_math.o
LOAD build/default/debug/_ext/1494086919/le_gen_fonts.o
LOAD build/default/debug/_ext/1012651792/legato_widget_imagescale_skin_classic.o
LOAD build/default/debug/_ext/2021927327/legato_rectarray.o
LOAD build/default/debug/_ext/460669194/legato_imagedecoder_raw_setup.o
LOAD build/default/debug/_ext/460669194/legato_imagedecoder_raw_read_stream_color.o
LOAD build/default/debug/_ext/453772623/legato_widget_window.o
LOAD build/default/debug/_ext/739734770/legato_widget_rectangle_skin_classic.o
LOAD build/default/debug/_ext/930643953/le_gen_images.o
LOAD build/default/debug/_ext/1008098389/sys_input_listener.o
LOAD build/default/debug/_ext/2143783897/legato_widget_circular_gauge.o
LOAD build/default/debug/_ext/460669194/legato_imagedecoder_raw.o
LOAD build/default/debug/_ext/1788507403/legato_widget_line_skin_classic.o
LOAD build/default/debug/_ext/1047211973/legato_stringtable.o
LOAD build/default/debug/_ext/1360937237/app.o
LOAD build/default/debug/_ext/1047211973/legato_string_renderer.o
LOAD build/default/debug/_ext/460669194/legato_imagedecoder_raw_read_internal.o
LOAD build/default/debug/_ext/1395707457/legato_imagedecoder_mono.o
LOAD build/default/debug/_ext/1994224581/legato_widget_imagesequence.o
                0x00000001                __MPLAB_BUILD = 0x1
                0x00001000                C_STACK_SIZE = 0x1000
                0x00000060                IRQ_STACK_SIZE = 0x60
                0x00000060                FIQ_STACK_SIZE = 0x60
                0x00001000                SVC_STACK_SIZE = 0x1000
                0x00000040                ABT_STACK_SIZE = 0x40
                0x00000040                UND_STACK_SIZE = 0x40

.text           0x23f00000   0x2421bc
                0x23f00000                . = ALIGN (0x4)
                [!provide]                PROVIDE (_sfixed = .)
 *(.textEntry)
 .textEntry     0x23f00000      0x10c build/default/debug/_ext/1171490990/cstartup.o
                0x23f00000                entry
 *(.text .text.* .gnu.linkonce.t.*)
 .text          0x23f0010c       0x70 c:/program files/microchip/xc32/v4.35/bin/bin/../../lib/gcc/pic32c/8.3.1/arm/v5te/nofp/crtbegin.o
 .text._shuffleRight
                0x23f0017c       0x78 build/default/debug/_ext/2021927327/legato_array.o
 .text._shuffleLeft
                0x23f001f4       0x5c build/default/debug/_ext/2021927327/legato_array.o
 .text.leArray_Create
                0x23f00250       0x1c build/default/debug/_ext/2021927327/legato_array.o
                0x23f00250                leArray_Create
 .text.leArray_Resize
                0x23f0026c       0x70 build/default/debug/_ext/2021927327/legato_array.o
                0x23f0026c                leArray_Resize
 .text.leArray_PushBack
                0x23f002dc       0x60 build/default/debug/_ext/2021927327/legato_array.o
                0x23f002dc                leArray_PushBack
 .text.leArray_InsertAt
                0x23f0033c       0x9c build/default/debug/_ext/2021927327/legato_array.o
                0x23f0033c                leArray_InsertAt
 .text.leArray_RemoveAt
                0x23f003d8       0x38 build/default/debug/_ext/2021927327/legato_array.o
                0x23f003d8                leArray_RemoveAt
 .text.leArray_Get
                0x23f00410       0x18 build/default/debug/_ext/2021927327/legato_array.o
                0x23f00410                leArray_Get
 .text.leArray_Find
                0x23f00428       0x68 build/default/debug/_ext/2021927327/legato_array.o
                0x23f00428                leArray_Find
 .text.leArray_Remove
                0x23f00490       0x58 build/default/debug/_ext/2021927327/legato_array.o
                0x23f00490                leArray_Remove
 .text.leArray_Clear
                0x23f004e8       0x38 build/default/debug/_ext/2021927327/legato_array.o
                0x23f004e8                leArray_Clear
 .text._leWidget_GetType
                0x23f00520        0x8 build/default/debug/_ext/943273362/legato_widget.o
                0x23f00520                _leWidget_GetType
 .text._leWidget_GetX
                0x23f00528        0x8 build/default/debug/_ext/943273362/legato_widget.o
                0x23f00528                _leWidget_GetX
 .text._leWidget_SetX
                0x23f00530       0x80 build/default/debug/_ext/943273362/legato_widget.o
                0x23f00530                _leWidget_SetX
 .text._leWidget_GetY
                0x23f005b0        0x8 build/default/debug/_ext/943273362/legato_widget.o
                0x23f005b0                _leWidget_GetY
 .text._leWidget_SetY
                0x23f005b8       0x80 build/default/debug/_ext/943273362/legato_widget.o
                0x23f005b8                _leWidget_SetY
 .text._leWidget_SetPosition
                0x23f00638       0xd0 build/default/debug/_ext/943273362/legato_widget.o
                0x23f00638                _leWidget_SetPosition
 .text._leWidget_Translate
                0x23f00708       0xcc build/default/debug/_ext/943273362/legato_widget.o
                0x23f00708                _leWidget_Translate
 .text._leWidget_GetWidth
                0x23f007d4        0x8 build/default/debug/_ext/943273362/legato_widget.o
                0x23f007d4                _leWidget_GetWidth
 .text._leWidget_SetWidth
                0x23f007dc       0xb8 build/default/debug/_ext/943273362/legato_widget.o
                0x23f007dc                _leWidget_SetWidth
 .text._leWidget_GetHeight
                0x23f00894        0x8 build/default/debug/_ext/943273362/legato_widget.o
                0x23f00894                _leWidget_GetHeight
 .text._leWidget_SetHeight
                0x23f0089c       0xb8 build/default/debug/_ext/943273362/legato_widget.o
                0x23f0089c                _leWidget_SetHeight
 .text._leWidget_SetSize
                0x23f00954       0xe8 build/default/debug/_ext/943273362/legato_widget.o
                0x23f00954                _leWidget_SetSize
 .text._leWidget_GetAlphaEnabled
                0x23f00a3c       0x10 build/default/debug/_ext/943273362/legato_widget.o
                0x23f00a3c                _leWidget_GetAlphaEnabled
 .text._leWidget_GetCumulativeAlphaEnabled
                0x23f00a4c       0x44 build/default/debug/_ext/943273362/legato_widget.o
                0x23f00a4c                _leWidget_GetCumulativeAlphaEnabled
 .text._leWidget_SetAlphaEnabled
                0x23f00a90       0x44 build/default/debug/_ext/943273362/legato_widget.o
                0x23f00a90                _leWidget_SetAlphaEnabled
 .text._leWidget_GetAlphaAmount
                0x23f00ad4        0x8 build/default/debug/_ext/943273362/legato_widget.o
                0x23f00ad4                _leWidget_GetAlphaAmount
 .text._leWidget_SetAlphaAmount
                0x23f00adc       0x38 build/default/debug/_ext/943273362/legato_widget.o
                0x23f00adc                _leWidget_SetAlphaAmount
 .text._leWidget_IsOpaque
                0x23f00b14       0x4c build/default/debug/_ext/943273362/legato_widget.o
                0x23f00b14                _leWidget_IsOpaque
 .text._leWidget_GetEnabled
                0x23f00b60        0xc build/default/debug/_ext/943273362/legato_widget.o
                0x23f00b60                _leWidget_GetEnabled
 .text._leWidget_SetEnabled
                0x23f00b6c       0x40 build/default/debug/_ext/943273362/legato_widget.o
                0x23f00b6c                _leWidget_SetEnabled
 .text._leWidget_GetVisible
                0x23f00bac       0x10 build/default/debug/_ext/943273362/legato_widget.o
                0x23f00bac                _leWidget_GetVisible
 .text._leWidget_SetVisible
                0x23f00bbc       0x44 build/default/debug/_ext/943273362/legato_widget.o
                0x23f00bbc                _leWidget_SetVisible
 .text._leWidget_LocalRect
                0x23f00c00       0x28 build/default/debug/_ext/943273362/legato_widget.o
                0x23f00c00                _leWidget_LocalRect
 .text._leWidget_RectToParentSpace
                0x23f00c28       0x40 build/default/debug/_ext/943273362/legato_widget.o
                0x23f00c28                _leWidget_RectToParentSpace
 .text.isAncestorOf
                0x23f00c68       0x44 build/default/debug/_ext/943273362/legato_widget.o
 .text._leWidget_GetRootWidget
                0x23f00cac       0x24 build/default/debug/_ext/943273362/legato_widget.o
                0x23f00cac                _leWidget_GetRootWidget
 .text._leWidget_SetParent
                0x23f00cd0       0x4c build/default/debug/_ext/943273362/legato_widget.o
                0x23f00cd0                _leWidget_SetParent
 .text._leWidget_GetChildCount
                0x23f00d1c        0x8 build/default/debug/_ext/943273362/legato_widget.o
                0x23f00d1c                _leWidget_GetChildCount
 .text._leWidget_GetChildAtIndex
                0x23f00d24       0x20 build/default/debug/_ext/943273362/legato_widget.o
                0x23f00d24                _leWidget_GetChildAtIndex
 .text._leWidget_ContainsDescendant
                0x23f00d44       0x84 build/default/debug/_ext/943273362/legato_widget.o
                0x23f00d44                _leWidget_ContainsDescendant
 .text._leWidget_GetScheme
                0x23f00dc8        0x8 build/default/debug/_ext/943273362/legato_widget.o
                0x23f00dc8                _leWidget_GetScheme
 .text._leWidget_SetScheme
                0x23f00dd0       0x30 build/default/debug/_ext/943273362/legato_widget.o
                0x23f00dd0                _leWidget_SetScheme
 .text._leWidget_GetBorderType
                0x23f00e00        0x8 build/default/debug/_ext/943273362/legato_widget.o
                0x23f00e00                _leWidget_GetBorderType
 .text._leWidget_SetBorderType
                0x23f00e08       0x30 build/default/debug/_ext/943273362/legato_widget.o
                0x23f00e08                _leWidget_SetBorderType
 .text._leWidget_GetBackgroundType
                0x23f00e38        0x8 build/default/debug/_ext/943273362/legato_widget.o
                0x23f00e38                _leWidget_GetBackgroundType
 .text._leWidget_SetBackgroundType
                0x23f00e40       0x30 build/default/debug/_ext/943273362/legato_widget.o
                0x23f00e40                _leWidget_SetBackgroundType
 .text._leWidget_GetHAlignment
                0x23f00e70        0x8 build/default/debug/_ext/943273362/legato_widget.o
                0x23f00e70                _leWidget_GetHAlignment
 .text._leWidget_SetHAlignment
                0x23f00e78       0x48 build/default/debug/_ext/943273362/legato_widget.o
                0x23f00e78                _leWidget_SetHAlignment
 .text._leWidget_GetVAlignment
                0x23f00ec0        0x8 build/default/debug/_ext/943273362/legato_widget.o
                0x23f00ec0                _leWidget_GetVAlignment
 .text._leWidget_SetVAlignment
                0x23f00ec8       0x48 build/default/debug/_ext/943273362/legato_widget.o
                0x23f00ec8                _leWidget_SetVAlignment
 .text._leWidget_GetMargins
                0x23f00f10       0x2c build/default/debug/_ext/943273362/legato_widget.o
                0x23f00f10                _leWidget_GetMargins
 .text._leWidget_SetMargins
                0x23f00f3c       0x64 build/default/debug/_ext/943273362/legato_widget.o
                0x23f00f3c                _leWidget_SetMargins
 .text._leWidget_GetCornerRadius
                0x23f00fa0        0x8 build/default/debug/_ext/943273362/legato_widget.o
                0x23f00fa0                _leWidget_GetCornerRadius
 .text._leWidget_SetCornerRadius
                0x23f00fa8       0x44 build/default/debug/_ext/943273362/legato_widget.o
                0x23f00fa8                _leWidget_SetCornerRadius
 .text._leWidget_Invalidate
                0x23f00fec       0x38 build/default/debug/_ext/943273362/legato_widget.o
                0x23f00fec                _leWidget_Invalidate
 .text._leWidget_InvalidateContents
                0x23f01024        0x4 build/default/debug/_ext/943273362/legato_widget.o
                0x23f01024                _leWidget_InvalidateContents
 .text._leWidget_InstallEventFilter
                0x23f01028       0x68 build/default/debug/_ext/943273362/legato_widget.o
                0x23f01028                _leWidget_InstallEventFilter
 .text._leWidget_RemoveEventFilter
                0x23f01090       0x60 build/default/debug/_ext/943273362/legato_widget.o
                0x23f01090                _leWidget_RemoveEventFilter
 .text._leWidget_TouchDownEvent
                0x23f010f0        0x4 build/default/debug/_ext/943273362/legato_widget.o
                0x23f010f0                _leWidget_TouchDownEvent
 .text._leWidget_TouchUpEvent
                0x23f010f4        0x4 build/default/debug/_ext/943273362/legato_widget.o
                0x23f010f4                _leWidget_TouchUpEvent
 .text._leWidget_TouchMoveEvent
                0x23f010f8        0x4 build/default/debug/_ext/943273362/legato_widget.o
                0x23f010f8                _leWidget_TouchMoveEvent
 .text._leWidget_MoveEvent
                0x23f010fc        0x4 build/default/debug/_ext/943273362/legato_widget.o
                0x23f010fc                _leWidget_MoveEvent
 .text._leWidget_ResizeEvent
                0x23f01100        0x4 build/default/debug/_ext/943273362/legato_widget.o
                0x23f01100                _leWidget_ResizeEvent
 .text._leWidget_FocusLostEvent
                0x23f01104        0x4 build/default/debug/_ext/943273362/legato_widget.o
                0x23f01104                _leWidget_FocusLostEvent
 .text._leWidget_FocusGainedEvent
                0x23f01108        0x4 build/default/debug/_ext/943273362/legato_widget.o
                0x23f01108                _leWidget_FocusGainedEvent
 .text._leWidget_LanguageChangeEvent
                0x23f0110c        0x4 build/default/debug/_ext/943273362/legato_widget.o
                0x23f0110c                _leWidget_LanguageChangeEvent
 .text.filterEvent
                0x23f01110       0x54 build/default/debug/_ext/943273362/legato_widget.o
 .text._leWidget_HandleEvent
                0x23f01164      0x1a0 build/default/debug/_ext/943273362/legato_widget.o
                0x23f01164                _leWidget_HandleEvent
 .text._leWidget_ValidateChildren
                0x23f01304       0x54 build/default/debug/_ext/943273362/legato_widget.o
                0x23f01304                _leWidget_ValidateChildren
 .text._leWidget_IncreaseDirtyState
                0x23f01358       0x10 build/default/debug/_ext/943273362/legato_widget.o
                0x23f01358                _leWidget_IncreaseDirtyState
 .text._leWidget_SetDirtyState
                0x23f01368        0x8 build/default/debug/_ext/943273362/legato_widget.o
                0x23f01368                _leWidget_SetDirtyState
 .text._leWidget_ClearDirtyState
                0x23f01370        0xc build/default/debug/_ext/943273362/legato_widget.o
                0x23f01370                _leWidget_ClearDirtyState
 .text._leWidget_Update
                0x23f0137c        0x4 build/default/debug/_ext/943273362/legato_widget.o
                0x23f0137c                _leWidget_Update
 .text._leWidget_HasFocus
                0x23f01380       0x20 build/default/debug/_ext/943273362/legato_widget.o
                0x23f01380                _leWidget_HasFocus
 .text._leWidget_SetFocus
                0x23f013a0        0xc build/default/debug/_ext/943273362/legato_widget.o
                0x23f013a0                _leWidget_SetFocus
 .text._leWidget_Destructor
                0x23f013ac       0x98 build/default/debug/_ext/943273362/legato_widget.o
                0x23f013ac                _leWidget_Destructor
 .text._leWidget_RemoveAllChildren
                0x23f01444       0x74 build/default/debug/_ext/943273362/legato_widget.o
                0x23f01444                _leWidget_RemoveAllChildren
 .text._leWidget_Resize
                0x23f014b8      0x104 build/default/debug/_ext/943273362/legato_widget.o
                0x23f014b8                _leWidget_Resize
 .text._leWidget_RectToScreenSpace
                0x23f015bc       0x4c build/default/debug/_ext/943273362/legato_widget.o
                0x23f015bc                _leWidget_RectToScreenSpace
 .text._leWidget_GetCumulativeAlphaAmount
                0x23f01608       0x94 build/default/debug/_ext/943273362/legato_widget.o
                0x23f01608                _leWidget_GetCumulativeAlphaAmount
 .text._leWidget_AddChild
                0x23f0169c       0x8c build/default/debug/_ext/943273362/legato_widget.o
                0x23f0169c                _leWidget_AddChild
 .text._leWidget_InsertChild
                0x23f01728       0x94 build/default/debug/_ext/943273362/legato_widget.o
                0x23f01728                _leWidget_InsertChild
 .text._leWidget_RemoveChild
                0x23f017bc       0x58 build/default/debug/_ext/943273362/legato_widget.o
                0x23f017bc                _leWidget_RemoveChild
 .text._leWidget_SetChildIndex
                0x23f01814       0x44 build/default/debug/_ext/943273362/legato_widget.o
                0x23f01814                _leWidget_SetChildIndex
 .text._leWidget_RemoveChildAt
                0x23f01858       0x58 build/default/debug/_ext/943273362/legato_widget.o
                0x23f01858                _leWidget_RemoveChildAt
 .text._leWidget_GetIndexOfChild
                0x23f018b0       0x24 build/default/debug/_ext/943273362/legato_widget.o
                0x23f018b0                _leWidget_GetIndexOfChild
 .text._leWidget_InvalidateBorderAreas
                0x23f018d4        0xc build/default/debug/_ext/943273362/legato_widget.o
                0x23f018d4                _leWidget_InvalidateBorderAreas
 .text._leWidget_DamageArea
                0x23f018e0       0x30 build/default/debug/_ext/943273362/legato_widget.o
                0x23f018e0                _leWidget_DamageArea
 .text.leWidget_Constructor
                0x23f01910       0xb8 build/default/debug/_ext/943273362/legato_widget.o
                0x23f01910                leWidget_Constructor
 .text.leWidget_New
                0x23f019c8       0x24 build/default/debug/_ext/943273362/legato_widget.o
                0x23f019c8                leWidget_New
 .text.leWidget_Delete
                0x23f019ec       0x28 build/default/debug/_ext/943273362/legato_widget.o
                0x23f019ec                leWidget_Delete
 .text.indexGet1bpp
                0x23f01a14       0x20 build/default/debug/_ext/1510041067/legato_pixelbuffer.o
 .text.indexGet4bpp
                0x23f01a34       0x18 build/default/debug/_ext/1510041067/legato_pixelbuffer.o
 .text.indexGet
                0x23f01a4c       0x64 build/default/debug/_ext/1510041067/legato_pixelbuffer.o
 .text.get1byte
                0x23f01ab0        0x8 build/default/debug/_ext/1510041067/legato_pixelbuffer.o
 .text.get2byte
                0x23f01ab8        0x8 build/default/debug/_ext/1510041067/legato_pixelbuffer.o
 .text.get3byte
                0x23f01ac0       0x1c build/default/debug/_ext/1510041067/legato_pixelbuffer.o
 .text.get4byte
                0x23f01adc        0x8 build/default/debug/_ext/1510041067/legato_pixelbuffer.o
 .text.set1byte
                0x23f01ae4        0xc build/default/debug/_ext/1510041067/legato_pixelbuffer.o
 .text.set2byte
                0x23f01af0        0xc build/default/debug/_ext/1510041067/legato_pixelbuffer.o
 .text.set3byte
                0x23f01afc       0x1c build/default/debug/_ext/1510041067/legato_pixelbuffer.o
 .text.set4byte
                0x23f01b18        0xc build/default/debug/_ext/1510041067/legato_pixelbuffer.o
 .text.lePixelBufferCreate
                0x23f01b24       0xd0 build/default/debug/_ext/1510041067/legato_pixelbuffer.o
                0x23f01b24                lePixelBufferCreate
 .text.lePixelBufferOffsetGet
                0x23f01bf4       0x5c build/default/debug/_ext/1510041067/legato_pixelbuffer.o
                0x23f01bf4                lePixelBufferOffsetGet
 .text.lePixelBufferOffsetGet_Unsafe
                0x23f01c50       0x44 build/default/debug/_ext/1510041067/legato_pixelbuffer.o
                0x23f01c50                lePixelBufferOffsetGet_Unsafe
 .text.lePixelBufferGet_Unsafe
                0x23f01c94       0x64 build/default/debug/_ext/1510041067/legato_pixelbuffer.o
                0x23f01c94                lePixelBufferGet_Unsafe
 .text.lePixelBufferGet
                0x23f01cf8       0x34 build/default/debug/_ext/1510041067/legato_pixelbuffer.o
                0x23f01cf8                lePixelBufferGet
 .text.lePixelBufferClipRect
                0x23f01d2c       0x84 build/default/debug/_ext/1510041067/legato_pixelbuffer.o
                0x23f01d2c                lePixelBufferClipRect
 .text.lePixelBufferGetIndex_Unsafe
                0x23f01db0       0x2c build/default/debug/_ext/1510041067/legato_pixelbuffer.o
                0x23f01db0                lePixelBufferGetIndex_Unsafe
 .text.lePixelBufferSet_Unsafe
                0x23f01ddc       0x7c build/default/debug/_ext/1510041067/legato_pixelbuffer.o
                0x23f01ddc                lePixelBufferSet_Unsafe
 .text.lePixelBufferSet
                0x23f01e58       0x28 build/default/debug/_ext/1510041067/legato_pixelbuffer.o
                0x23f01e58                lePixelBufferSet
 .text.lePixelBufferAreaFill_Unsafe
                0x23f01e80      0x118 build/default/debug/_ext/1510041067/legato_pixelbuffer.o
                0x23f01e80                lePixelBufferAreaFill_Unsafe
 .text.lePixelBufferAreaFill
                0x23f01f98       0x70 build/default/debug/_ext/1510041067/legato_pixelbuffer.o
                0x23f01f98                lePixelBufferAreaFill
 .text.lePixelBufferCopy
                0x23f02008       0xd8 build/default/debug/_ext/1510041067/legato_pixelbuffer.o
                0x23f02008                lePixelBufferCopy
 .text.JPEG_wReadWord
                0x23f020e0       0x50 build/default/debug/_ext/1395618758/legato_imagedecoder_jpeg_common.o
 .text.JPEG_bReadByte
                0x23f02130       0x2c build/default/debug/_ext/1395618758/legato_imagedecoder_jpeg_common.o
 .text.JPEG_bGet1Bit
                0x23f0215c      0x154 build/default/debug/_ext/1395618758/legato_imagedecoder_jpeg_common.o
 .text.JPEG_wGetBits
                0x23f022b0       0x4c build/default/debug/_ext/1395618758/legato_imagedecoder_jpeg_common.o
 .text.JPEG_sGetBitsValue
                0x23f022fc       0x50 build/default/debug/_ext/1395618758/legato_imagedecoder_jpeg_common.o
 .text.JPEG_bGetNextHuffByte
                0x23f0234c       0x98 build/default/debug/_ext/1395618758/legato_imagedecoder_jpeg_common.o
 .text.JPEG_vResetDecoder
                0x23f023e4       0x20 build/default/debug/_ext/1395618758/legato_imagedecoder_jpeg_common.o
                0x23f023e4                JPEG_vResetDecoder
 .text.JPEG_bReadHeader
                0x23f02404      0x7b8 build/default/debug/_ext/1395618758/legato_imagedecoder_jpeg_common.o
                0x23f02404                JPEG_bReadHeader
 .text.JPEG_bGenerateHuffmanTables
                0x23f02bbc       0x90 build/default/debug/_ext/1395618758/legato_imagedecoder_jpeg_common.o
                0x23f02bbc                JPEG_bGenerateHuffmanTables
 .text.JPEG_bDecodeOneBlock
                0x23f02c4c      0x26c build/default/debug/_ext/1395618758/legato_imagedecoder_jpeg_common.o
                0x23f02c4c                JPEG_bDecodeOneBlock
 .text.JPEG_vInitDisplay
                0x23f02eb8       0x10 build/default/debug/_ext/1395618758/legato_imagedecoder_jpeg_common.o
                0x23f02eb8                JPEG_vInitDisplay
 .text.JPEG_bPaintOneBlock
                0x23f02ec8      0x9a8 build/default/debug/_ext/1395618758/legato_imagedecoder_jpeg_common.o
                0x23f02ec8                JPEG_bPaintOneBlock
 .text.nextState
                0x23f03870      0x100 build/default/debug/_ext/390595603/legato_widget_label_skin_classic.o
 .text.drawBorder
                0x23f03970       0x4c build/default/debug/_ext/390595603/legato_widget_label_skin_classic.o
 .text.drawBackground
                0x23f039bc       0x24 build/default/debug/_ext/390595603/legato_widget_label_skin_classic.o
 .text._leLabelWidget_GetTextRects
                0x23f039e0      0x110 build/default/debug/_ext/390595603/legato_widget_label_skin_classic.o
                0x23f039e0                _leLabelWidget_GetTextRects
 .text.drawString
                0x23f03af0       0x98 build/default/debug/_ext/390595603/legato_widget_label_skin_classic.o
 .text._leLabelWidget_Paint
                0x23f03b88       0x44 build/default/debug/_ext/390595603/legato_widget_label_skin_classic.o
                0x23f03b88                _leLabelWidget_Paint
 .text.leUtils_PickFromWidget
                0x23f03bcc       0xe0 build/default/debug/_ext/1510041067/legato_utils.o
                0x23f03bcc                leUtils_PickFromWidget
 .text.leUtils_PointScreenToLocalSpace
                0x23f03cac       0x70 build/default/debug/_ext/1510041067/legato_utils.o
                0x23f03cac                leUtils_PointScreenToLocalSpace
 .text.leUtils_RectToScreenSpace
                0x23f03d1c       0x44 build/default/debug/_ext/1510041067/legato_utils.o
                0x23f03d1c                leUtils_RectToScreenSpace
 .text.leUtils_ClipRectToAncestors
                0x23f03d60       0x94 build/default/debug/_ext/1510041067/legato_utils.o
                0x23f03d60                leUtils_ClipRectToAncestors
 .text.leUtils_ArrangeRectangle
                0x23f03df4      0x280 build/default/debug/_ext/1510041067/legato_utils.o
                0x23f03df4                leUtils_ArrangeRectangle
 .text.leUtils_ArrangeRectangleRelative
                0x23f04074      0x2b0 build/default/debug/_ext/1510041067/legato_utils.o
                0x23f04074                leUtils_ArrangeRectangleRelative
 .text.leUtils_GetSchemeLookupTable
                0x23f04324       0x64 build/default/debug/_ext/1510041067/legato_utils.o
                0x23f04324                leUtils_GetSchemeLookupTable
 .text.leImage_InitDecoders
                0x23f04388       0x30 build/default/debug/_ext/1428714511/legato_image.o
                0x23f04388                leImage_InitDecoders
 .text.leImage_Create
                0x23f043b8       0x94 build/default/debug/_ext/1428714511/legato_image.o
                0x23f043b8                leImage_Create
 .text.leImage_Allocate
                0x23f0444c       0xb4 build/default/debug/_ext/1428714511/legato_image.o
                0x23f0444c                leImage_Allocate
 .text.leImage_Draw
                0x23f04500       0xd4 build/default/debug/_ext/1428714511/legato_image.o
                0x23f04500                leImage_Draw
 .text.stage_BlendRGBA5551
                0x23f045d4       0x1c build/default/debug/_ext/460669194/legato_imagedecoder_raw_blend.o
 .text.stage_BlendARGB8888
                0x23f045f0       0x70 build/default/debug/_ext/460669194/legato_imagedecoder_raw_blend.o
 .text.stage_BlendRGBA8888
                0x23f04660       0x70 build/default/debug/_ext/460669194/legato_imagedecoder_raw_blend.o
 .text._leRawImageDecoder_BlendStage_Internal
                0x23f046d0       0xb0 build/default/debug/_ext/460669194/legato_imagedecoder_raw_blend.o
                0x23f046d0                _leRawImageDecoder_BlendStage_Internal
 .text.no_conv  0x23f04780        0x4 build/default/debug/_ext/1510041067/legato_color_convert.o
 .text.gs8_rgb332
                0x23f04784       0x10 build/default/debug/_ext/1510041067/legato_color_convert.o
 .text.gs8_rgb565
                0x23f04794       0x20 build/default/debug/_ext/1510041067/legato_color_convert.o
 .text.gs8_rgba5551
                0x23f047b4       0x28 build/default/debug/_ext/1510041067/legato_color_convert.o
 .text.gs8_rgb888
                0x23f047dc       0x10 build/default/debug/_ext/1510041067/legato_color_convert.o
 .text.gs8_rgba8888
                0x23f047ec       0x14 build/default/debug/_ext/1510041067/legato_color_convert.o
 .text.gs8_argb8888
                0x23f04800       0x14 build/default/debug/_ext/1510041067/legato_color_convert.o
 .text.gs8_mono
                0x23f04814       0x10 build/default/debug/_ext/1510041067/legato_color_convert.o
 .text.rgb332_rgb565
                0x23f04824       0x2c build/default/debug/_ext/1510041067/legato_color_convert.o
 .text.rgb332_rgba5551
                0x23f04850       0x2c build/default/debug/_ext/1510041067/legato_color_convert.o
 .text.rgb332_rgb888
                0x23f0487c       0x30 build/default/debug/_ext/1510041067/legato_color_convert.o
 .text.rgb332_rgba8888
                0x23f048ac       0x2c build/default/debug/_ext/1510041067/legato_color_convert.o
 .text.rgb332_argb8888
                0x23f048d8       0x30 build/default/debug/_ext/1510041067/legato_color_convert.o
 .text.rgb565_rgb332
                0x23f04908       0x20 build/default/debug/_ext/1510041067/legato_color_convert.o
 .text.rgb565_rgba5551
                0x23f04928       0x20 build/default/debug/_ext/1510041067/legato_color_convert.o
 .text.rgb565_rgb888
                0x23f04948       0x24 build/default/debug/_ext/1510041067/legato_color_convert.o
 .text.rgb565_rgba8888
                0x23f0496c       0x24 build/default/debug/_ext/1510041067/legato_color_convert.o
 .text.rgb565_argb8888
                0x23f04990       0x28 build/default/debug/_ext/1510041067/legato_color_convert.o
 .text.rgba5551_gs8
                0x23f049b8        0x4 build/default/debug/_ext/1510041067/legato_color_convert.o
 .text.rgba5551_rgb332
                0x23f049bc       0x20 build/default/debug/_ext/1510041067/legato_color_convert.o
 .text.rgba5551_rgb565
                0x23f049dc       0x1c build/default/debug/_ext/1510041067/legato_color_convert.o
 .text.rgba5551_rgb888
                0x23f049f8       0x30 build/default/debug/_ext/1510041067/legato_color_convert.o
 .text.rgba5551_rgba8888
                0x23f04a28       0x40 build/default/debug/_ext/1510041067/legato_color_convert.o
 .text.rgba5551_argb8888
                0x23f04a68       0x40 build/default/debug/_ext/1510041067/legato_color_convert.o
 .text.rgb888_gs8
                0x23f04aa8        0x4 build/default/debug/_ext/1510041067/legato_color_convert.o
 .text.rgb888_rgb332
                0x23f04aac       0x24 build/default/debug/_ext/1510041067/legato_color_convert.o
 .text.rgb888_rgb565
                0x23f04ad0       0x20 build/default/debug/_ext/1510041067/legato_color_convert.o
 .text.rgb888_rgba5551
                0x23f04af0       0x28 build/default/debug/_ext/1510041067/legato_color_convert.o
 .text.rgb888_rgba8888
                0x23f04b18        0xc build/default/debug/_ext/1510041067/legato_color_convert.o
 .text.rgb888_argb8888
                0x23f04b24        0x8 build/default/debug/_ext/1510041067/legato_color_convert.o
 .text.rgba8888_gs8
                0x23f04b2c        0x4 build/default/debug/_ext/1510041067/legato_color_convert.o
 .text.rgba8888_rgb332
                0x23f04b30       0x20 build/default/debug/_ext/1510041067/legato_color_convert.o
 .text.rgba8888_rgb565
                0x23f04b50       0x20 build/default/debug/_ext/1510041067/legato_color_convert.o
 .text.rgba8888_rgba5551
                0x23f04b70       0x34 build/default/debug/_ext/1510041067/legato_color_convert.o
 .text.rgba8888_rgb888
                0x23f04ba4        0x8 build/default/debug/_ext/1510041067/legato_color_convert.o
 .text.rgba8888_argb8888
                0x23f04bac        0x8 build/default/debug/_ext/1510041067/legato_color_convert.o
 .text.argb8888_rgba5551
                0x23f04bb4       0x34 build/default/debug/_ext/1510041067/legato_color_convert.o
 .text.argb8888_rgb888
                0x23f04be8        0x8 build/default/debug/_ext/1510041067/legato_color_convert.o
 .text.argb8888_rgba8888
                0x23f04bf0        0x8 build/default/debug/_ext/1510041067/legato_color_convert.o
 .text.rgb565_gs8
                0x23f04bf8       0x54 build/default/debug/_ext/1510041067/legato_color_convert.o
 .text.rgb332_gs8
                0x23f04c4c       0x54 build/default/debug/_ext/1510041067/legato_color_convert.o
 .text.leColorConvert
                0x23f04ca0       0x28 build/default/debug/_ext/1510041067/legato_color_convert.o
                0x23f04ca0                leColorConvert
 .text.AIC_INT_Initialize
                0x23f04cc8       0x80 build/default/debug/_ext/60163497/plib_aic.o
                0x23f04cc8                AIC_INT_Initialize
 .text.stage_rotateNearestNeighborPreRead
                0x23f04d48      0x120 build/default/debug/_ext/460669194/legato_imagedecoder_raw_rotate.o
 .text.stage_bilinearPreRead
                0x23f04e68      0x20c build/default/debug/_ext/460669194/legato_imagedecoder_raw_rotate.o
 .text.stage_rotateBilinearPostRead
                0x23f05074       0x60 build/default/debug/_ext/460669194/legato_imagedecoder_raw_rotate.o
 .text._leRawImageDecoder_RotateNearestNeighborPreReadStage
                0x23f050d4       0x30 build/default/debug/_ext/460669194/legato_imagedecoder_raw_rotate.o
                0x23f050d4                _leRawImageDecoder_RotateNearestNeighborPreReadStage
 .text._leRawImageDecoder_RotateBilinearPreReadStage
                0x23f05104       0x38 build/default/debug/_ext/460669194/legato_imagedecoder_raw_rotate.o
                0x23f05104                _leRawImageDecoder_RotateBilinearPreReadStage
 .text._leRawImageDecoder_RotateBilinearPostReadStage
                0x23f0513c       0x30 build/default/debug/_ext/460669194/legato_imagedecoder_raw_rotate.o
                0x23f0513c                _leRawImageDecoder_RotateBilinearPostReadStage
 .text.leWidget_SkinClassic_FillRoundCornerRect
                0x23f0516c      0x2b4 build/default/debug/_ext/943273362/legato_widget_skin_classic_common.o
                0x23f0516c                leWidget_SkinClassic_FillRoundCornerRect
 .text.leWidget_SkinClassic_DrawBackground
                0x23f05420       0x68 build/default/debug/_ext/943273362/legato_widget_skin_classic_common.o
                0x23f05420                leWidget_SkinClassic_DrawBackground
 .text.leWidget_SkinClassic_DrawRoundCornerBackground
                0x23f05488       0x40 build/default/debug/_ext/943273362/legato_widget_skin_classic_common.o
                0x23f05488                leWidget_SkinClassic_DrawRoundCornerBackground
 .text.leWidget_SkinClassic_DrawStandardBackground
                0x23f054c8       0x38 build/default/debug/_ext/943273362/legato_widget_skin_classic_common.o
                0x23f054c8                leWidget_SkinClassic_DrawStandardBackground
 .text.leWidget_SkinClassic_DrawRoundCornerLineBorder
                0x23f05500      0x250 build/default/debug/_ext/943273362/legato_widget_skin_classic_common.o
                0x23f05500                leWidget_SkinClassic_DrawRoundCornerLineBorder
 .text.leWidget_SkinClassic_DrawLineBorder
                0x23f05750       0xa4 build/default/debug/_ext/943273362/legato_widget_skin_classic_common.o
                0x23f05750                leWidget_SkinClassic_DrawLineBorder
 .text.leWidget_SkinClassic_Draw2x2BeveledBorder
                0x23f057f4      0x150 build/default/debug/_ext/943273362/legato_widget_skin_classic_common.o
                0x23f057f4                leWidget_SkinClassic_Draw2x2BeveledBorder
 .text.leWidget_SkinClassic_DrawStandardLineBorder
                0x23f05944       0x74 build/default/debug/_ext/943273362/legato_widget_skin_classic_common.o
                0x23f05944                leWidget_SkinClassic_DrawStandardLineBorder
 .text.leWidget_SkinClassic_DrawStandardRaisedBorder
                0x23f059b8       0x80 build/default/debug/_ext/943273362/legato_widget_skin_classic_common.o
                0x23f059b8                leWidget_SkinClassic_DrawStandardRaisedBorder
 .text.leWidget_SkinClassic_InvalidateBorderAreas
                0x23f05a38      0x1a0 build/default/debug/_ext/943273362/legato_widget_skin_classic_common.o
                0x23f05a38                leWidget_SkinClassic_InvalidateBorderAreas
 .text._leTableString_SetFont
                0x23f05bd8        0x8 build/default/debug/_ext/1047211973/legato_tablestring.o
                0x23f05bd8                _leTableString_SetFont
 .text._leTableString_SetFromString
                0x23f05be0        0x8 build/default/debug/_ext/1047211973/legato_tablestring.o
                0x23f05be0                _leTableString_SetFromString
 .text._leTableString_SetFromChar
                0x23f05be8        0x8 build/default/debug/_ext/1047211973/legato_tablestring.o
                0x23f05be8                _leTableString_SetFromChar
 .text._leTableString_SetFromCStr
                0x23f05bf0        0x8 build/default/debug/_ext/1047211973/legato_tablestring.o
                0x23f05bf0                _leTableString_SetFromCStr
 .text._leTableString_Compare
                0x23f05bf8       0xb8 build/default/debug/_ext/1047211973/legato_tablestring.o
                0x23f05bf8                _leTableString_Compare
 .text._leTableString_Append
                0x23f05cb0        0x8 build/default/debug/_ext/1047211973/legato_tablestring.o
                0x23f05cb0                _leTableString_Append
 .text._leTableString_Insert
                0x23f05cb8        0x8 build/default/debug/_ext/1047211973/legato_tablestring.o
                0x23f05cb8                _leTableString_Insert
 .text._leTableString_Remove
                0x23f05cc0        0x8 build/default/debug/_ext/1047211973/legato_tablestring.o
                0x23f05cc0                _leTableString_Remove
 .text._leTableString_Clear
                0x23f05cc8        0x4 build/default/debug/_ext/1047211973/legato_tablestring.o
                0x23f05cc8                _leTableString_Clear
 .text._leTableString_GetID
                0x23f05ccc        0x8 build/default/debug/_ext/1047211973/legato_tablestring.o
                0x23f05ccc                _leTableString_GetID
 .text._leTableString_SetID
                0x23f05cd4       0x34 build/default/debug/_ext/1047211973/legato_tablestring.o
                0x23f05cd4                _leTableString_SetID
 .text._leTableString_Destructor
                0x23f05d08       0x14 build/default/debug/_ext/1047211973/legato_tablestring.o
                0x23f05d08                _leTableString_Destructor
 .text._leTableString_GetFont
                0x23f05d1c       0x2c build/default/debug/_ext/1047211973/legato_tablestring.o
                0x23f05d1c                _leTableString_GetFont
 .text._leTableString_Length
                0x23f05d48       0x78 build/default/debug/_ext/1047211973/legato_tablestring.o
                0x23f05d48                _leTableString_Length
 .text._leTableString_IsEmpty
                0x23f05dc0       0x14 build/default/debug/_ext/1047211973/legato_tablestring.o
                0x23f05dc0                _leTableString_IsEmpty
 .text._leTableString_CharAt
                0x23f05dd4       0xf8 build/default/debug/_ext/1047211973/legato_tablestring.o
                0x23f05dd4                _leTableString_CharAt
 .text.leTableString_Constructor
                0x23f05ecc       0x28 build/default/debug/_ext/1047211973/legato_tablestring.o
                0x23f05ecc                leTableString_Constructor
 .text._leImageWidget_GetImage
                0x23f05ef4        0x8 build/default/debug/_ext/388181626/legato_widget_image.o
                0x23f05ef4                _leImageWidget_GetImage
 .text.invalidateImageRect
                0x23f05efc       0x60 build/default/debug/_ext/388181626/legato_widget_image.o
 .text.invalidateContents
                0x23f05f5c       0x18 build/default/debug/_ext/388181626/legato_widget_image.o
 .text._leImageWidget_SetImage
                0x23f05f74       0x48 build/default/debug/_ext/388181626/legato_widget_image.o
                0x23f05f74                _leImageWidget_SetImage
 .text._leImageWidget_Destructor
                0x23f05fbc        0xc build/default/debug/_ext/388181626/legato_widget_image.o
                0x23f05fbc                _leImageWidget_Destructor
 .text._leImageWidget_Constructor
                0x23f05fc8       0x48 build/default/debug/_ext/388181626/legato_widget_image.o
                0x23f05fc8                _leImageWidget_Constructor
 .text.leImageWidget_New
                0x23f06010       0x24 build/default/debug/_ext/388181626/legato_widget_image.o
                0x23f06010                leImageWidget_New
 .text.readBitsFromStream
                0x23f06034       0x50 build/default/debug/_ext/460667659/lodepng.o
 .text.huffmanDecodeSymbol
                0x23f06084       0x64 build/default/debug/_ext/460667659/lodepng.o
 .text.readBitFromReversedStream
                0x23f060e8       0x24 build/default/debug/_ext/460667659/lodepng.o
 .text.readBitsFromReversedStream
                0x23f0610c       0x48 build/default/debug/_ext/460667659/lodepng.o
 .text.getNumColorChannels
                0x23f06154       0x50 build/default/debug/_ext/460667659/lodepng.o
 .text.lodepng_color_mode_equal
                0x23f061a4      0x120 build/default/debug/_ext/460667659/lodepng.o
 .text.addColorBits
                0x23f062c4       0x50 build/default/debug/_ext/460667659/lodepng.o
 .text.getPixelColorsRGBA8
                0x23f06314      0x51c build/default/debug/_ext/460667659/lodepng.o
 .text.Adam7_getpassvalues
                0x23f06830      0x188 build/default/debug/_ext/460667659/lodepng.o
 .text.unfilter
                0x23f069b8      0x400 build/default/debug/_ext/460667659/lodepng.o
 .text.removePaddingBits
                0x23f06db8       0xa4 build/default/debug/_ext/460667659/lodepng.o
 .text.ucvector_reserve
                0x23f06e5c       0x58 build/default/debug/_ext/460667659/lodepng.o
 .text.ucvector_resize
                0x23f06eb4       0x20 build/default/debug/_ext/460667659/lodepng.o
 .text.ucvector_push_back
                0x23f06ed4       0x34 build/default/debug/_ext/460667659/lodepng.o
 .text.color_tree_cleanup
                0x23f06f08       0x34 build/default/debug/_ext/460667659/lodepng.o
 .text.LodePNGIText_cleanup
                0x23f06f3c       0x90 build/default/debug/_ext/460667659/lodepng.o
 .text.LodePNGText_cleanup
                0x23f06fcc       0x60 build/default/debug/_ext/460667659/lodepng.o
 .text.HuffmanTree_cleanup
                0x23f0702c       0x24 build/default/debug/_ext/460667659/lodepng.o
 .text.string_set
                0x23f07050       0x68 build/default/debug/_ext/460667659/lodepng.o
 .text.string_init
                0x23f070b8       0x2c build/default/debug/_ext/460667659/lodepng.o
 .text.uivector_reserve
                0x23f070e4       0x58 build/default/debug/_ext/460667659/lodepng.o
 .text.HuffmanTree_makeFromLengths
                0x23f0713c      0x424 build/default/debug/_ext/460667659/lodepng.o
 .text.lodepng_read32bitInt
                0x23f07560       0x24 build/default/debug/_ext/460667659/lodepng.o
                0x23f07560                lodepng_read32bitInt
 .text.lodepng_inflate
                0x23f07584      0x990 build/default/debug/_ext/460667659/lodepng.o
                0x23f07584                lodepng_inflate
 .text.lodepng_zlib_decompress
                0x23f07f14      0x198 build/default/debug/_ext/460667659/lodepng.o
                0x23f07f14                lodepng_zlib_decompress
 .text.zlib_decompress
                0x23f080ac       0x34 build/default/debug/_ext/460667659/lodepng.o
 .text.lodepng_crc32
                0x23f080e0       0x4c build/default/debug/_ext/460667659/lodepng.o
                0x23f080e0                lodepng_crc32
 .text.lodepng_chunk_type_equals
                0x23f0812c       0x80 build/default/debug/_ext/460667659/lodepng.o
                0x23f0812c                lodepng_chunk_type_equals
 .text.lodepng_chunk_check_crc
                0x23f081ac       0x38 build/default/debug/_ext/460667659/lodepng.o
                0x23f081ac                lodepng_chunk_check_crc
 .text.lodepng_chunk_next_const
                0x23f081e4       0x18 build/default/debug/_ext/460667659/lodepng.o
                0x23f081e4                lodepng_chunk_next_const
 .text.lodepng_chunk_append
                0x23f081fc       0xa4 build/default/debug/_ext/460667659/lodepng.o
                0x23f081fc                lodepng_chunk_append
 .text.lodepng_color_mode_init
                0x23f082a0       0x30 build/default/debug/_ext/460667659/lodepng.o
                0x23f082a0                lodepng_color_mode_init
 .text.lodepng_palette_clear
                0x23f082d0       0x28 build/default/debug/_ext/460667659/lodepng.o
                0x23f082d0                lodepng_palette_clear
 .text.lodepng_color_mode_copy
                0x23f082f8       0x98 build/default/debug/_ext/460667659/lodepng.o
                0x23f082f8                lodepng_color_mode_copy
 .text.lodepng_get_bpp
                0x23f08390       0x1c build/default/debug/_ext/460667659/lodepng.o
                0x23f08390                lodepng_get_bpp
 .text.lodepng_get_raw_size_idat
                0x23f083ac       0x34 build/default/debug/_ext/460667659/lodepng.o
 .text.lodepng_get_raw_size
                0x23f083e0       0x38 build/default/debug/_ext/460667659/lodepng.o
                0x23f083e0                lodepng_get_raw_size
 .text.lodepng_add_text
                0x23f08418       0xcc build/default/debug/_ext/460667659/lodepng.o
                0x23f08418                lodepng_add_text
 .text.lodepng_add_itext
                0x23f084e4      0x17c build/default/debug/_ext/460667659/lodepng.o
                0x23f084e4                lodepng_add_itext
 .text.lodepng_info_init
                0x23f08660       0x74 build/default/debug/_ext/460667659/lodepng.o
                0x23f08660                lodepng_info_init
 .text.lodepng_info_cleanup
                0x23f086d4       0x3c build/default/debug/_ext/460667659/lodepng.o
                0x23f086d4                lodepng_info_cleanup
 .text.lodepng_convert
                0x23f08710      0xb88 build/default/debug/_ext/460667659/lodepng.o
                0x23f08710                lodepng_convert
 .text.lodepng_inspect
                0x23f09298      0x290 build/default/debug/_ext/460667659/lodepng.o
                0x23f09298                lodepng_inspect
 .text.lodepng_decode
                0x23f09528     0x171c build/default/debug/_ext/460667659/lodepng.o
                0x23f09528                lodepng_decode
 .text.lodepng_decoder_settings_init
                0x23f0ac44       0x2c build/default/debug/_ext/460667659/lodepng.o
                0x23f0ac44                lodepng_decoder_settings_init
 .text.lodepng_state_init
                0x23f0ac70       0x28 build/default/debug/_ext/460667659/lodepng.o
                0x23f0ac70                lodepng_state_init
 .text.lodepng_state_cleanup
                0x23f0ac98       0x1c build/default/debug/_ext/460667659/lodepng.o
                0x23f0ac98                lodepng_state_cleanup
 .text.lodepng_decode_memory
                0x23f0acb4       0x68 build/default/debug/_ext/460667659/lodepng.o
                0x23f0acb4                lodepng_decode_memory
 .text._insertIntoList
                0x23f0ad1c       0x84 build/default/debug/_ext/1232982741/legato_variableheap.o
 .text._removeFromList
                0x23f0ada0       0x38 build/default/debug/_ext/1232982741/legato_variableheap.o
 .text._findPreviousBlock
                0x23f0add8       0xa0 build/default/debug/_ext/1232982741/legato_variableheap.o
 .text._findNextBlock
                0x23f0ae78       0x74 build/default/debug/_ext/1232982741/legato_variableheap.o
 .text._canSplit
                0x23f0aeec       0x3c build/default/debug/_ext/1232982741/legato_variableheap.o
 .text._combineFreeBlockNext
                0x23f0af28       0x7c build/default/debug/_ext/1232982741/legato_variableheap.o
 .text._growAllocBlock
                0x23f0afa4      0x104 build/default/debug/_ext/1232982741/legato_variableheap.o
 .text.leVariableHeap_Init
                0x23f0b0a8       0x58 build/default/debug/_ext/1232982741/legato_variableheap.o
                0x23f0b0a8                leVariableHeap_Init
 .text.leVariableHeap_Alloc
                0x23f0b100      0x130 build/default/debug/_ext/1232982741/legato_variableheap.o
                0x23f0b100                leVariableHeap_Alloc
 .text.leVariableHeap_Free
                0x23f0b230       0xd8 build/default/debug/_ext/1232982741/legato_variableheap.o
                0x23f0b230                leVariableHeap_Free
 .text.leVariableHeap_Realloc
                0x23f0b308      0x2a0 build/default/debug/_ext/1232982741/legato_variableheap.o
                0x23f0b308                leVariableHeap_Realloc
 .text.leVariableHeap_Contains
                0x23f0b5a8       0x20 build/default/debug/_ext/1232982741/legato_variableheap.o
                0x23f0b5a8                leVariableHeap_Contains
 .text.leVariableHeap_SizeOf
                0x23f0b5c8        0x8 build/default/debug/_ext/1232982741/legato_variableheap.o
                0x23f0b5c8                leVariableHeap_SizeOf
 .text.leVariableHeap_Validate
                0x23f0b5d0        0x8 build/default/debug/_ext/1232982741/legato_variableheap.o
                0x23f0b5d0                leVariableHeap_Validate
 .text.touchMoveHandler
                0x23f0b5d8       0x18 build/default/debug/_ext/1626882341/le_gen_harmony.o
 .text.touchUpHandler
                0x23f0b5f0       0x18 build/default/debug/_ext/1626882341/le_gen_harmony.o
 .text.touchDownHandler
                0x23f0b608       0x18 build/default/debug/_ext/1626882341/le_gen_harmony.o
 .text.Legato_Initialize
                0x23f0b620       0x90 build/default/debug/_ext/1626882341/le_gen_harmony.o
                0x23f0b620                Legato_Initialize
 .text.Legato_Tasks
                0x23f0b6b0       0x4c build/default/debug/_ext/1626882341/le_gen_harmony.o
                0x23f0b6b0                Legato_Tasks
 .text._convertColorMode
                0x23f0b6fc        0xc build/default/debug/_ext/656756333/legato_gpu.o
 .text.leGPU_DrawLine
                0x23f0b708      0x1e4 build/default/debug/_ext/656756333/legato_gpu.o
                0x23f0b708                leGPU_DrawLine
 .text.leGPU_ClearBuffer
                0x23f0b8ec       0xa4 build/default/debug/_ext/656756333/legato_gpu.o
                0x23f0b8ec                leGPU_ClearBuffer
 .text.leGPU_FillRect
                0x23f0b990      0x178 build/default/debug/_ext/656756333/legato_gpu.o
                0x23f0b990                leGPU_FillRect
 .text.leGPU_BlitBuffer
                0x23f0bb08      0x224 build/default/debug/_ext/656756333/legato_gpu.o
                0x23f0bb08                leGPU_BlitBuffer
 .text.leGPU_BlitStretchBuffer
                0x23f0bd2c      0x200 build/default/debug/_ext/656756333/legato_gpu.o
                0x23f0bd2c                leGPU_BlitStretchBuffer
 .text.jpeg_idct_islow_leg
                0x23f0bf2c      0x51c build/default/debug/_ext/1395618758/jidctint.o
                0x23f0bf2c                jpeg_idct_islow_leg
 .text._leString_Constructor
                0x23f0c448       0x18 build/default/debug/_ext/1047211973/legato_string.o
                0x23f0c448                _leString_Constructor
 .text._leString_Destructor
                0x23f0c460        0x4 build/default/debug/_ext/1047211973/legato_string.o
                0x23f0c460                _leString_Destructor
 .text._leString_GetRect
                0x23f0c464       0xd8 build/default/debug/_ext/1047211973/legato_string.o
                0x23f0c464                _leString_GetRect
 .text._leString_GetLineCount
                0x23f0c53c       0x58 build/default/debug/_ext/1047211973/legato_string.o
                0x23f0c53c                _leString_GetLineCount
 .text._leString_GetLineIndices
                0x23f0c594       0xbc build/default/debug/_ext/1047211973/legato_string.o
                0x23f0c594                _leString_GetLineIndices
 .text._leString_GetLineRect
                0x23f0c650      0x118 build/default/debug/_ext/1047211973/legato_string.o
                0x23f0c650                _leString_GetLineRect
 .text._leString_GetCharRect
                0x23f0c768      0x118 build/default/debug/_ext/1047211973/legato_string.o
                0x23f0c768                _leString_GetCharRect
 .text._leString_GetCharIndexAtPoint
                0x23f0c880      0x128 build/default/debug/_ext/1047211973/legato_string.o
                0x23f0c880                _leString_GetCharIndexAtPoint
 .text._leString_Draw
                0x23f0c9a8       0x40 build/default/debug/_ext/1047211973/legato_string.o
                0x23f0c9a8                _leString_Draw
 .text._leString_PreInvalidate
                0x23f0c9e8       0x1c build/default/debug/_ext/1047211973/legato_string.o
                0x23f0c9e8                _leString_PreInvalidate
 .text._leString_Invalidate
                0x23f0ca04       0x1c build/default/debug/_ext/1047211973/legato_string.o
                0x23f0ca04                _leString_Invalidate
 .text._leString_SetPreInvalidateCallback
                0x23f0ca20       0x18 build/default/debug/_ext/1047211973/legato_string.o
                0x23f0ca20                _leString_SetPreInvalidateCallback
 .text._leString_SetInvalidateCallback
                0x23f0ca38       0x18 build/default/debug/_ext/1047211973/legato_string.o
                0x23f0ca38                _leString_SetInvalidateCallback
 .text.leRenderer_RectFill
                0x23f0ca50       0x6c build/default/debug/_ext/656756333/legato_draw_rect.o
                0x23f0ca50                leRenderer_RectFill
 .text._calculateSnapValue
                0x23f0cabc       0x9c build/default/debug/_ext/1908827647/legato_widget_circular_slider.o
 .text.getRadius
                0x23f0cb58        0x8 build/default/debug/_ext/1908827647/legato_widget_circular_slider.o
 .text.setRadius
                0x23f0cb60       0x30 build/default/debug/_ext/1908827647/legato_widget_circular_slider.o
 .text.getStartAngle
                0x23f0cb90        0x8 build/default/debug/_ext/1908827647/legato_widget_circular_slider.o
 .text.setStartAngle
                0x23f0cb98       0x48 build/default/debug/_ext/1908827647/legato_widget_circular_slider.o
 .text.getSpanAngle
                0x23f0cbe0        0x8 build/default/debug/_ext/1908827647/legato_widget_circular_slider.o
 .text.setSpanAngle
                0x23f0cbe8       0x48 build/default/debug/_ext/1908827647/legato_widget_circular_slider.o
 .text.getValue
                0x23f0cc30        0x8 build/default/debug/_ext/1908827647/legato_widget_circular_slider.o
 .text.setValue
                0x23f0cc38       0x68 build/default/debug/_ext/1908827647/legato_widget_circular_slider.o
 .text.getRoundEdges
                0x23f0cca0        0x8 build/default/debug/_ext/1908827647/legato_widget_circular_slider.o
 .text.setRoundEdges
                0x23f0cca8       0x30 build/default/debug/_ext/1908827647/legato_widget_circular_slider.o
 .text.getStickyButton
                0x23f0ccd8        0x8 build/default/debug/_ext/1908827647/legato_widget_circular_slider.o
 .text.setStickyButton
                0x23f0cce0       0x50 build/default/debug/_ext/1908827647/legato_widget_circular_slider.o
 .text.getSnapDivisions
                0x23f0cd30        0x8 build/default/debug/_ext/1908827647/legato_widget_circular_slider.o
 .text.setSnapDivisions
                0x23f0cd38       0x70 build/default/debug/_ext/1908827647/legato_widget_circular_slider.o
 .text.getTouchOnButtonOnly
                0x23f0cda8        0x8 build/default/debug/_ext/1908827647/legato_widget_circular_slider.o
 .text.setTouchOnButtonOnly
                0x23f0cdb0       0x14 build/default/debug/_ext/1908827647/legato_widget_circular_slider.o
 .text.getArcThickness
                0x23f0cdc4       0x50 build/default/debug/_ext/1908827647/legato_widget_circular_slider.o
 .text.setArcThickness
                0x23f0ce14      0x10c build/default/debug/_ext/1908827647/legato_widget_circular_slider.o
 .text.getArcRadius
                0x23f0cf20       0x10 build/default/debug/_ext/1908827647/legato_widget_circular_slider.o
 .text.setArcRadius
                0x23f0cf30       0x54 build/default/debug/_ext/1908827647/legato_widget_circular_slider.o
 .text.getArcScheme
                0x23f0cf84       0x10 build/default/debug/_ext/1908827647/legato_widget_circular_slider.o
 .text.setArcScheme
                0x23f0cf94       0x2c build/default/debug/_ext/1908827647/legato_widget_circular_slider.o
 .text.getArcVisible
                0x23f0cfc0       0x50 build/default/debug/_ext/1908827647/legato_widget_circular_slider.o
 .text.setArcVisible
                0x23f0d010       0xbc build/default/debug/_ext/1908827647/legato_widget_circular_slider.o
 .text.getDirection
                0x23f0d0cc        0x8 build/default/debug/_ext/1908827647/legato_widget_circular_slider.o
 .text.setDirection
                0x23f0d0d4       0x30 build/default/debug/_ext/1908827647/legato_widget_circular_slider.o
 .text.setPressedEventCallback
                0x23f0d104        0xc build/default/debug/_ext/1908827647/legato_widget_circular_slider.o
 .text.setValueChangedEventCallback
                0x23f0d110        0xc build/default/debug/_ext/1908827647/legato_widget_circular_slider.o
 .text.setReleasedEventCallback
                0x23f0d11c        0xc build/default/debug/_ext/1908827647/legato_widget_circular_slider.o
 .text.handleTouchUpEvent
                0x23f0d128       0x78 build/default/debug/_ext/1908827647/legato_widget_circular_slider.o
 .text._pointInButton
                0x23f0d1a0       0x90 build/default/debug/_ext/1908827647/legato_widget_circular_slider.o
 .text.getPercent
                0x23f0d230      0x144 build/default/debug/_ext/1908827647/legato_widget_circular_slider.o
 .text._pointInActiveArc
                0x23f0d374       0x8c build/default/debug/_ext/1908827647/legato_widget_circular_slider.o
 .text.handleTouchMovedEvent
                0x23f0d400       0xf0 build/default/debug/_ext/1908827647/legato_widget_circular_slider.o
 .text.handleTouchDownEvent
                0x23f0d4f0       0xe4 build/default/debug/_ext/1908827647/legato_widget_circular_slider.o
 .text._leCircularSliderWidget_Destructor
                0x23f0d5d4        0xc build/default/debug/_ext/1908827647/legato_widget_circular_slider.o
                0x23f0d5d4                _leCircularSliderWidget_Destructor
 .text.leCircularSliderWidget_Constructor
                0x23f0d5e0       0xe0 build/default/debug/_ext/1908827647/legato_widget_circular_slider.o
                0x23f0d5e0                leCircularSliderWidget_Constructor
 .text.leCircularSliderWidget_New
                0x23f0d6c0       0x24 build/default/debug/_ext/1908827647/legato_widget_circular_slider.o
                0x23f0d6c0                leCircularSliderWidget_New
 .text.leRenderer_HorzLine
                0x23f0d6e4       0xe4 build/default/debug/_ext/656756333/legato_draw_line.o
                0x23f0d6e4                leRenderer_HorzLine
 .text.leRenderer_VertLine
                0x23f0d7c8       0xe4 build/default/debug/_ext/656756333/legato_draw_line.o
                0x23f0d7c8                leRenderer_VertLine
 .text._MonoFill
                0x23f0d8ac       0x64 build/default/debug/_ext/656756333/legato_draw.o
 .text._MonoPutPixel
                0x23f0d910       0x30 build/default/debug/_ext/656756333/legato_draw.o
 .text._RGBPutPixel
                0x23f0d940       0x2c build/default/debug/_ext/656756333/legato_draw.o
 .text._RGBFill
                0x23f0d96c       0x88 build/default/debug/_ext/656756333/legato_draw.o
 .text._RGBBlendPixel
                0x23f0d9f4      0x15c build/default/debug/_ext/656756333/legato_draw.o
 .text.leRenderer_GetPixel
                0x23f0db50       0x40 build/default/debug/_ext/656756333/legato_draw.o
                0x23f0db50                leRenderer_GetPixel
 .text.leRenderer_PutPixel
                0x23f0db90       0x4c build/default/debug/_ext/656756333/legato_draw.o
                0x23f0db90                leRenderer_PutPixel
 .text.leRenderer_BlendPixel
                0x23f0dbdc       0x50 build/default/debug/_ext/656756333/legato_draw.o
                0x23f0dbdc                leRenderer_BlendPixel
 .text.leRenderer_BlendPixel_Safe
                0x23f0dc2c       0x64 build/default/debug/_ext/656756333/legato_draw.o
                0x23f0dc2c                leRenderer_BlendPixel_Safe
 .text._RGBBlendFill
                0x23f0dc90      0x140 build/default/debug/_ext/656756333/legato_draw.o
 .text.leRenderer_FillArea
                0x23f0ddd0       0x30 build/default/debug/_ext/656756333/legato_draw.o
                0x23f0ddd0                leRenderer_FillArea
 .text._leRenderer_InitDrawForMode
                0x23f0de00       0xa0 build/default/debug/_ext/656756333/legato_draw.o
                0x23f0de00                _leRenderer_InitDrawForMode
 .text.drawGlyphRow8bpp
                0x23f0dea0       0xf4 build/default/debug/_ext/92372729/legato_font.o
 .text.drawGlyphRow1bpp
                0x23f0df94       0xd0 build/default/debug/_ext/92372729/legato_font.o
 .text.drawGlyphRow8bppMono
                0x23f0e064       0x5c build/default/debug/_ext/92372729/legato_font.o
 .text.drawGlyphRow1bppMono
                0x23f0e0c0       0x64 build/default/debug/_ext/92372729/legato_font.o
 .text._drawUnknownGlyph
                0x23f0e124       0xf4 build/default/debug/_ext/92372729/legato_font.o
 .text.leFont_GetGlyphInfo
                0x23f0e218       0xdc build/default/debug/_ext/92372729/legato_font.o
                0x23f0e218                leFont_GetGlyphInfo
 .text.leFont_DrawGlyphData
                0x23f0e2f4      0x12c build/default/debug/_ext/92372729/legato_font.o
                0x23f0e2f4                leFont_DrawGlyphData
 .text.leFont_DrawGlyphData_Lookup
                0x23f0e420      0x300 build/default/debug/_ext/92372729/legato_font.o
                0x23f0e420                leFont_DrawGlyphData_Lookup
 .text.leFont_DrawGlyph
                0x23f0e720       0xa4 build/default/debug/_ext/92372729/legato_font.o
                0x23f0e720                leFont_DrawGlyph
 .text.leFont_DrawGlyph_Lookup
                0x23f0e7c4       0xb4 build/default/debug/_ext/92372729/legato_font.o
                0x23f0e7c4                leFont_DrawGlyph_Lookup
 .text.lerp_argb8888
                0x23f0e878       0x78 build/default/debug/_ext/1510041067/legato_color_lerp.o
 .text.lerp_rgba8888
                0x23f0e8f0       0x78 build/default/debug/_ext/1510041067/legato_color_lerp.o
 .text.lerp_rgb888
                0x23f0e968       0x60 build/default/debug/_ext/1510041067/legato_color_lerp.o
 .text.lerp_rgba5551
                0x23f0e9c8       0x74 build/default/debug/_ext/1510041067/legato_color_lerp.o
 .text.lerp_rgb565
                0x23f0ea3c       0x60 build/default/debug/_ext/1510041067/legato_color_lerp.o
 .text.lerp_rgb332
                0x23f0ea9c       0x60 build/default/debug/_ext/1510041067/legato_color_lerp.o
 .text.lerp_gs8
                0x23f0eafc        0xc build/default/debug/_ext/1510041067/legato_color_lerp.o
 .text.leColorLerp
                0x23f0eb08       0x40 build/default/debug/_ext/1510041067/legato_color_lerp.o
                0x23f0eb08                leColorLerp
 .text.leColorBilerp
                0x23f0eb48       0x5c build/default/debug/_ext/1510041067/legato_color_lerp.o
                0x23f0eb48                leColorBilerp
 .text.leFixedHeap_Init
                0x23f0eba4       0xb0 build/default/debug/_ext/1232982741/legato_fixedheap.o
                0x23f0eba4                leFixedHeap_Init
 .text.leFixedHeap_Alloc
                0x23f0ec54       0x48 build/default/debug/_ext/1232982741/legato_fixedheap.o
                0x23f0ec54                leFixedHeap_Alloc
 .text.leFixedHeap_Free
                0x23f0ec9c       0x1c build/default/debug/_ext/1232982741/legato_fixedheap.o
                0x23f0ec9c                leFixedHeap_Free
 .text.leFixedHeap_Contains
                0x23f0ecb8       0x60 build/default/debug/_ext/1232982741/legato_fixedheap.o
                0x23f0ecb8                leFixedHeap_Contains
 .text.nextState
                0x23f0ed18       0xec build/default/debug/_ext/388181626/legato_widget_image_skin_classic.o
 .text.drawBorder
                0x23f0ee04       0x4c build/default/debug/_ext/388181626/legato_widget_image_skin_classic.o
 .text.drawBackground
                0x23f0ee50       0x24 build/default/debug/_ext/388181626/legato_widget_image_skin_classic.o
 .text._leImageWidget_GetImageRect
                0x23f0ee74       0xb4 build/default/debug/_ext/388181626/legato_widget_image_skin_classic.o
                0x23f0ee74                _leImageWidget_GetImageRect
 .text.drawImage
                0x23f0ef28       0x74 build/default/debug/_ext/388181626/legato_widget_image_skin_classic.o
 .text._leImageWidget_Paint
                0x23f0ef9c       0x44 build/default/debug/_ext/388181626/legato_widget_image_skin_classic.o
                0x23f0ef9c                _leImageWidget_Paint
 .text.GFX_SIM_Update
                0x23f0efe0        0x4 build/default/debug/_ext/1777736013/gfx_simulator.o
                0x23f0efe0                GFX_SIM_Update
 .text.GFX_SIM_BlitBuffer
                0x23f0efe4        0x8 build/default/debug/_ext/1777736013/gfx_simulator.o
                0x23f0efe4                GFX_SIM_BlitBuffer
 .text.GFX_SIM_IOCTL
                0x23f0efec        0x8 build/default/debug/_ext/1777736013/gfx_simulator.o
                0x23f0efec                GFX_SIM_IOCTL
 .text.CLK_Initialize
                0x23f0eff4       0xb0 build/default/debug/_ext/60165520/plib_clk.o
                0x23f0eff4                CLK_Initialize
 .text.leScheme_GetRenderColor
                0x23f0f0a4       0x38 build/default/debug/_ext/92283465/legato_scheme.o
                0x23f0f0a4                leScheme_GetRenderColor
 .text.decodeASCII
                0x23f0f0dc       0x18 build/default/debug/_ext/1047211973/legato_stringutils.o
 .text.decodeUTF8
                0x23f0f0f4      0x1f8 build/default/debug/_ext/1047211973/legato_stringutils.o
 .text.decodeUTF16
                0x23f0f2ec       0x80 build/default/debug/_ext/1047211973/legato_stringutils.o
 .text.leDecodeCodePoint
                0x23f0f36c       0x2c build/default/debug/_ext/1047211973/legato_stringutils.o
                0x23f0f36c                leDecodeCodePoint
 .text.leStringUtils_KerningRect
                0x23f0f398       0x44 build/default/debug/_ext/1047211973/legato_stringutils.o
                0x23f0f398                leStringUtils_KerningRect
 .text.drawBorder
                0x23f0f3dc       0x54 build/default/debug/_ext/943273362/legato_widget_skin_classic.o
 .text.drawBackground
                0x23f0f430       0xb8 build/default/debug/_ext/943273362/legato_widget_skin_classic.o
 .text._leWidget_Paint
                0x23f0f4e8       0x7c build/default/debug/_ext/943273362/legato_widget_skin_classic.o
                0x23f0f4e8                _leWidget_Paint
 .text.undefined_instruction_irq_handler
                0x23f0f564        0x4 build/default/debug/_ext/1171490990/fault_handlers.o
                0x23f0f564                undefined_instruction_irq_handler
 .text.software_interrupt_irq_handler
                0x23f0f568        0x4 build/default/debug/_ext/1171490990/fault_handlers.o
                0x23f0f568                software_interrupt_irq_handler
 .text.data_abort_irq_handler
                0x23f0f56c        0x4 build/default/debug/_ext/1171490990/fault_handlers.o
                0x23f0f56c                data_abort_irq_handler
 .text.prefetch_abort_irq_handler
                0x23f0f570        0x4 build/default/debug/_ext/1171490990/fault_handlers.o
                0x23f0f570                prefetch_abort_irq_handler
 .text.icache_InvalidateAll
                0x23f0f574        0xc build/default/debug/_ext/60175171/plib_mmu.o
                0x23f0f574                icache_InvalidateAll
 .text.icache_Enable
                0x23f0f580       0x20 build/default/debug/_ext/60175171/plib_mmu.o
                0x23f0f580                icache_Enable
 .text.dcache_InvalidateAll
                0x23f0f5a0       0x38 build/default/debug/_ext/60175171/plib_mmu.o
                0x23f0f5a0                dcache_InvalidateAll
 .text.dcache_Enable
                0x23f0f5d8       0x20 build/default/debug/_ext/60175171/plib_mmu.o
                0x23f0f5d8                dcache_Enable
 .text.MMU_Initialize
                0x23f0f5f8      0x20c build/default/debug/_ext/60175171/plib_mmu.o
                0x23f0f5f8                MMU_Initialize
 .text._supportsImage
                0x23f0f804       0x28 build/default/debug/_ext/1395618758/legato_imagedecoder_jpeg.o
 .text.internalMemoryRead
                0x23f0f82c       0x48 build/default/debug/_ext/1395618758/legato_imagedecoder_jpeg.o
 .text.exec     0x23f0f874        0x8 build/default/debug/_ext/1395618758/legato_imagedecoder_jpeg.o
 .text._render  0x23f0f87c      0x1f8 build/default/debug/_ext/1395618758/legato_imagedecoder_jpeg.o
 .text._draw    0x23f0fa74      0x208 build/default/debug/_ext/1395618758/legato_imagedecoder_jpeg.o
 .text.blitToImage
                0x23f0fc7c       0xa4 build/default/debug/_ext/1395618758/legato_imagedecoder_jpeg.o
 .text.blitToFrameBuffer
                0x23f0fd20       0x98 build/default/debug/_ext/1395618758/legato_imagedecoder_jpeg.o
 .text._leJPEGImageDecoder_Init
                0x23f0fdb8       0x5c build/default/debug/_ext/1395618758/legato_imagedecoder_jpeg.o
                0x23f0fdb8                _leJPEGImageDecoder_Init
 .text.updateWidget
                0x23f0fe14       0x4c build/default/debug/_ext/92283465/legato_state.o
 .text.leGetState
                0x23f0fe60        0xc build/default/debug/_ext/92283465/legato_state.o
                0x23f0fe60                leGetState
 .text.leAddLayer
                0x23f0fe6c       0xb8 build/default/debug/_ext/92283465/legato_state.o
                0x23f0fe6c                leAddLayer
 .text.leInitialize
                0x23f0ff24       0x9c build/default/debug/_ext/92283465/legato_state.o
                0x23f0ff24                leInitialize
 .text.leGetLayerState
                0x23f0ffc0       0x50 build/default/debug/_ext/92283465/legato_state.o
                0x23f0ffc0                leGetLayerState
 .text.leGetLayerColorMode
                0x23f10010       0x54 build/default/debug/_ext/92283465/legato_state.o
                0x23f10010                leGetLayerColorMode
 .text.leGetLayerRenderHorizontal
                0x23f10064       0x54 build/default/debug/_ext/92283465/legato_state.o
                0x23f10064                leGetLayerRenderHorizontal
 .text.leGetFocusWidget
                0x23f100b8       0x10 build/default/debug/_ext/92283465/legato_state.o
                0x23f100b8                leGetFocusWidget
 .text.leSetFocusWidget
                0x23f100c8       0x84 build/default/debug/_ext/92283465/legato_state.o
                0x23f100c8                leSetFocusWidget
 .text.leGetEditWidget
                0x23f1014c       0x10 build/default/debug/_ext/92283465/legato_state.o
                0x23f1014c                leGetEditWidget
 .text.leSetEditWidget
                0x23f1015c       0x84 build/default/debug/_ext/92283465/legato_state.o
                0x23f1015c                leSetEditWidget
 .text.leRedrawAll
                0x23f101e0       0x50 build/default/debug/_ext/92283465/legato_state.o
                0x23f101e0                leRedrawAll
 .text.leSetLayerColorMode
                0x23f10230       0x74 build/default/debug/_ext/92283465/legato_state.o
                0x23f10230                leSetLayerColorMode
 .text.leSetStringTable
                0x23f102a4       0x18 build/default/debug/_ext/92283465/legato_state.o
                0x23f102a4                leSetStringTable
 .text.leIsDrawing
                0x23f102bc       0x14 build/default/debug/_ext/92283465/legato_state.o
                0x23f102bc                leIsDrawing
 .text.leUpdate
                0x23f102d0      0x114 build/default/debug/_ext/92283465/legato_state.o
                0x23f102d0                leUpdate
 .text.leAddRootWidget
                0x23f103e4       0x68 build/default/debug/_ext/92283465/legato_state.o
                0x23f103e4                leAddRootWidget
 .text.leRemoveRootWidget
                0x23f1044c       0x74 build/default/debug/_ext/92283465/legato_state.o
                0x23f1044c                leRemoveRootWidget
 .text.leGetWidgetLayer
                0x23f104c0       0x8c build/default/debug/_ext/92283465/legato_state.o
                0x23f104c0                leGetWidgetLayer
 .text.leWidgetIsInScene
                0x23f1054c       0x14 build/default/debug/_ext/92283465/legato_state.o
                0x23f1054c                leWidgetIsInScene
 .text.legato_showScreen
                0x23f10560       0x1c build/default/debug/_ext/1626882341/le_gen_init.o
                0x23f10560                legato_showScreen
 .text.legato_initializeScreenState
                0x23f1057c       0x40 build/default/debug/_ext/1626882341/le_gen_init.o
                0x23f1057c                legato_initializeScreenState
 .text.legato_updateScreenState
                0x23f105bc       0x98 build/default/debug/_ext/1626882341/le_gen_init.o
                0x23f105bc                legato_updateScreenState
 .text.screenInit_Screen0
                0x23f10654       0x28 build/default/debug/_ext/937247594/le_gen_screen_Screen0.o
                0x23f10654                screenInit_Screen0
 .text.screenShow_Screen0
                0x23f1067c      0x408 build/default/debug/_ext/937247594/le_gen_screen_Screen0.o
                0x23f1067c                screenShow_Screen0
 .text.screenUpdate_Screen0
                0x23f10a84       0x28 build/default/debug/_ext/937247594/le_gen_screen_Screen0.o
                0x23f10a84                screenUpdate_Screen0
 .text.screenHide_Screen0
                0x23f10aac       0x68 build/default/debug/_ext/937247594/le_gen_screen_Screen0.o
                0x23f10aac                screenHide_Screen0
 .text.nextState
                0x23f10b14       0xe0 build/default/debug/_ext/1908827647/legato_widget_circular_slider_skin_classic.o
 .text.drawBorder
                0x23f10bf4       0x4c build/default/debug/_ext/1908827647/legato_widget_circular_slider_skin_classic.o
 .text.drawCircularSlider
                0x23f10c40      0x2e0 build/default/debug/_ext/1908827647/legato_widget_circular_slider_skin_classic.o
 .text.drawBackground
                0x23f10f20       0x48 build/default/debug/_ext/1908827647/legato_widget_circular_slider_skin_classic.o
 .text._leCircularSliderWidget_Paint
                0x23f10f68       0x44 build/default/debug/_ext/1908827647/legato_widget_circular_slider_skin_classic.o
                0x23f10f68                _leCircularSliderWidget_Paint
 .text.leColorChannelAlpha
                0x23f10fac       0x30 build/default/debug/_ext/1510041067/legato_color.o
                0x23f10fac                leColorChannelAlpha
 .text.leColorSwap
                0x23f10fdc       0xa8 build/default/debug/_ext/1510041067/legato_color.o
                0x23f10fdc                leColorSwap
 *fill*         0x23f11084        0xc 
 .text          0x23f11090       0xa0 build/default/debug/_ext/1171490990/cstartup.o
 .text._leFixedString_GetFont
                0x23f11130        0x8 build/default/debug/_ext/1047211973/legato_fixedstring.o
                0x23f11130                _leFixedString_GetFont
 .text._leFixedString_SetFont
                0x23f11138       0x34 build/default/debug/_ext/1047211973/legato_fixedstring.o
                0x23f11138                _leFixedString_SetFont
 .text._leFixedString_SetFromString
                0x23f1116c       0xc8 build/default/debug/_ext/1047211973/legato_fixedstring.o
                0x23f1116c                _leFixedString_SetFromString
 .text._leFixedString_SetFromChar
                0x23f11234       0xa0 build/default/debug/_ext/1047211973/legato_fixedstring.o
                0x23f11234                _leFixedString_SetFromChar
 .text._leFixedString_Length
                0x23f112d4        0x8 build/default/debug/_ext/1047211973/legato_fixedstring.o
                0x23f112d4                _leFixedString_Length
 .text._leFixedString_IsEmpty
                0x23f112dc       0x10 build/default/debug/_ext/1047211973/legato_fixedstring.o
                0x23f112dc                _leFixedString_IsEmpty
 .text._leFixedString_CharAt
                0x23f112ec       0x1c build/default/debug/_ext/1047211973/legato_fixedstring.o
                0x23f112ec                _leFixedString_CharAt
 .text._leFixedString_Compare
                0x23f11308       0xb0 build/default/debug/_ext/1047211973/legato_fixedstring.o
                0x23f11308                _leFixedString_Compare
 .text._leFixedString_Append
                0x23f113b8       0xdc build/default/debug/_ext/1047211973/legato_fixedstring.o
                0x23f113b8                _leFixedString_Append
 .text._leFixedString_Insert
                0x23f11494      0x180 build/default/debug/_ext/1047211973/legato_fixedstring.o
                0x23f11494                _leFixedString_Insert
 .text._leFixedString_Remove
                0x23f11614       0xd4 build/default/debug/_ext/1047211973/legato_fixedstring.o
                0x23f11614                _leFixedString_Remove
 .text._leFixedString_Clear
                0x23f116e8       0x30 build/default/debug/_ext/1047211973/legato_fixedstring.o
                0x23f116e8                _leFixedString_Clear
 .text._leFixedString_Destructor
                0x23f11718       0x20 build/default/debug/_ext/1047211973/legato_fixedstring.o
                0x23f11718                _leFixedString_Destructor
 .text._leFixedString_SetFromCStr
                0x23f11738       0xa8 build/default/debug/_ext/1047211973/legato_fixedstring.o
                0x23f11738                _leFixedString_SetFromCStr
 .text._leFixedString_ToChar
                0x23f117e0       0x50 build/default/debug/_ext/1047211973/legato_fixedstring.o
                0x23f117e0                _leFixedString_ToChar
 .text.leFixedString_Constructor
                0x23f11830       0x40 build/default/debug/_ext/1047211973/legato_fixedstring.o
                0x23f11830                leFixedString_Constructor
 .text.PIO_Initialize
                0x23f11870       0xbc build/default/debug/_ext/60177924/plib_pio.o
                0x23f11870                PIO_Initialize
 .text.stage_FrameBufferWrite
                0x23f1192c       0x24 build/default/debug/_ext/460669194/legato_imagedecoder_raw_write.o
 .text.stage_ImageWrite
                0x23f11950       0x28 build/default/debug/_ext/460669194/legato_imagedecoder_raw_write.o
 .text._leRawImageDecoder_FrameBufferWriteStage
                0x23f11978       0x30 build/default/debug/_ext/460669194/legato_imagedecoder_raw_write.o
                0x23f11978                _leRawImageDecoder_FrameBufferWriteStage
 .text._leRawImageDecoder_ImageWriteStage
                0x23f119a8       0x30 build/default/debug/_ext/460669194/legato_imagedecoder_raw_write.o
                0x23f119a8                _leRawImageDecoder_ImageWriteStage
 .text.stage_decode
                0x23f119d8       0x3c build/default/debug/_ext/1395707457/legato_imagedecoder_mono_read_internal.o
 .text._leMonoImageDecoder_ReadStage_Internal
                0x23f11a14       0x30 build/default/debug/_ext/1395707457/legato_imagedecoder_mono_read_internal.o
                0x23f11a14                _leMonoImageDecoder_ReadStage_Internal
 .text.getDiscreteValueAtIndex1
                0x23f11a44       0x18 build/default/debug/_ext/1428714511/legato_image_utils.o
 .text.getDiscreteValueAtIndex4
                0x23f11a5c       0x10 build/default/debug/_ext/1428714511/legato_image_utils.o
 .text.getDiscreteValueAtIndex8
                0x23f11a6c        0x8 build/default/debug/_ext/1428714511/legato_image_utils.o
 .text.calcOffset1bpp
                0x23f11a74        0x8 build/default/debug/_ext/1428714511/legato_image_utils.o
 .text.calcOffset4bpp
                0x23f11a7c        0x8 build/default/debug/_ext/1428714511/legato_image_utils.o
 .text.calcOffset8bpp
                0x23f11a84        0x4 build/default/debug/_ext/1428714511/legato_image_utils.o
 .text.calcOffset16bpp
                0x23f11a88        0x8 build/default/debug/_ext/1428714511/legato_image_utils.o
 .text.calcOffset24bpp
                0x23f11a90        0x8 build/default/debug/_ext/1428714511/legato_image_utils.o
 .text.calcOffset32bpp
                0x23f11a98        0x8 build/default/debug/_ext/1428714511/legato_image_utils.o
 .text.leGetRLEDataAtIndex
                0x23f11aa0       0xd8 build/default/debug/_ext/1428714511/legato_image_utils.o
                0x23f11aa0                leGetRLEDataAtIndex
 .text.leGetDiscreteValueAtIndex
                0x23f11b78       0x18 build/default/debug/_ext/1428714511/legato_image_utils.o
                0x23f11b78                leGetDiscreteValueAtIndex
 .text.leGetOffsetFromIndexAndBPP
                0x23f11b90       0x18 build/default/debug/_ext/1428714511/legato_image_utils.o
                0x23f11b90                leGetOffsetFromIndexAndBPP
 .text._fixedHeapAlloc
                0x23f11ba8       0x60 build/default/debug/_ext/1232982741/legato_memory.o
 .text._findFixedHeapForPointer
                0x23f11c08       0x5c build/default/debug/_ext/1232982741/legato_memory.o
 .text.leMemory_Init
                0x23f11c64       0xb0 build/default/debug/_ext/1232982741/legato_memory.o
                0x23f11c64                leMemory_Init
 .text.leMalloc
                0x23f11d14       0x28 build/default/debug/_ext/1232982741/legato_memory.o
                0x23f11d14                leMalloc
 .text.leFree   0x23f11d3c       0x6c build/default/debug/_ext/1232982741/legato_memory.o
                0x23f11d3c                leFree
 .text.leRealloc
                0x23f11da8      0x25c build/default/debug/_ext/1232982741/legato_memory.o
                0x23f11da8                leRealloc
 .text.leColorBlend_RGBA_8888
                0x23f12004      0x168 build/default/debug/_ext/1510041067/legato_color_blend.o
                0x23f12004                leColorBlend_RGBA_8888
 .text.leColorBlend_ARGB_8888
                0x23f1216c      0x14c build/default/debug/_ext/1510041067/legato_color_blend.o
                0x23f1216c                leColorBlend_ARGB_8888
 .text.stage_imageRenderPostLookup
                0x23f122b8       0x48 build/default/debug/_ext/460669194/legato_imagedecoder_raw_palette_internal.o
 .text.stage_lookup
                0x23f12300       0x40 build/default/debug/_ext/460669194/legato_imagedecoder_raw_palette_internal.o
 .text._leRawImageDecoder_LookupStage_Internal
                0x23f12340       0x54 build/default/debug/_ext/460669194/legato_imagedecoder_raw_palette_internal.o
                0x23f12340                _leRawImageDecoder_LookupStage_Internal
 .text._leRawImageDecoder_ImageRenderPostLookupStage
                0x23f12394       0x38 build/default/debug/_ext/460669194/legato_imagedecoder_raw_palette_internal.o
                0x23f12394                _leRawImageDecoder_ImageRenderPostLookupStage
 .text.SYS_INP_Init
                0x23f123cc       0x44 build/default/debug/_ext/1008098389/sys_input.o
                0x23f123cc                SYS_INP_Init
 .text.SYS_INP_Tasks
                0x23f12410      0x1d8 build/default/debug/_ext/1008098389/sys_input.o
                0x23f12410                SYS_INP_Tasks
 .text.SYS_INP_AddListener
                0x23f125e8       0x84 build/default/debug/_ext/1008098389/sys_input.o
                0x23f125e8                SYS_INP_AddListener
 .text.stage_postRead
                0x23f1266c       0x14 build/default/debug/_ext/460669194/legato_imagedecoder_raw_scale.o
 .text.stage_scaledNearestNeighborPreRead
                0x23f12680       0xc4 build/default/debug/_ext/460669194/legato_imagedecoder_raw_scale.o
 .text.stage_bilinearPreRead