Archive member included to satisfy reference by file (symbol)

c:/program files/microchip/xc32/v4.35/bin/bin/../../lib/gcc/pic32c/8.3.1/arm/v5te/nofp\libgcc.a(_udivsi3.o)
                              build/lcdc_rgba888_mxt_9x60_wvga/debug/_ext/1121151461/gfx_canvas.o (__aeabi_uidiv)
c:/program files/microchip/xc32/v4.35/bin/bin/../../lib/gcc/pic32c/8.3.1/arm/v5te/nofp\libgcc.a(_divsi3.o)
                              build/lcdc_rgba888_mxt_9x60_wvga/debug/_ext/305146849/legato_math.o (__aeabi_idiv)
c:/program files/microchip/xc32/v4.35/bin/bin/../../lib/gcc/pic32c/8.3.1/arm/v5te/nofp\libgcc.a(_dvmd_tls.o)
                              c:/program files/microchip/xc32/v4.35/bin/bin/../../lib/gcc/pic32c/8.3.1/arm/v5te/nofp\libgcc.a(_udivsi3.o) (__aeabi_idiv0)
c:/program files/microchip/xc32/v4.35/bin/bin/../../lib/gcc/pic32c/8.3.1/arm/v5te/nofp\libgcc.a(_arm_addsubdf3.o)
                              build/lcdc_rgba888_mxt_9x60_wvga/debug/_ext/1360937237/app.o (__aeabi_i2d)
c:/program files/microchip/xc32/v4.35/bin/bin/../../lib/gcc/pic32c/8.3.1/arm/v5te/nofp\libgcc.a(_arm_muldivdf3.o)
                              build/lcdc_rgba888_mxt_9x60_wvga/debug/_ext/1360937237/app.o (__aeabi_dmul)
c:/program files/microchip/xc32/v4.35/bin/bin/../../lib/gcc/pic32c/8.3.1/arm/v5te/nofp\libgcc.a(_arm_fixunsdfsi.o)
                              build/lcdc_rgba888_mxt_9x60_wvga/debug/_ext/1360937237/app.o (__aeabi_d2uiz)
c:/program files/microchip/xc32/v4.35/bin/bin/../../lib/gcc/pic32c/8.3.1/arm/v5te/nofp\libgcc.a(_arm_addsubsf3.o)
                              build/lcdc_rgba888_mxt_9x60_wvga/debug/_ext/305146849/legato_math.o (__aeabi_fsub)
c:/program files/microchip/xc32/v4.35/bin/bin/../../lib/gcc/pic32c/8.3.1/arm/v5te/nofp\libgcc.a(_arm_muldivsf3.o)
                              build/lcdc_rgba888_mxt_9x60_wvga/debug/_ext/1165331637/gfx_driver.o (__aeabi_fmul)
c:/program files/microchip/xc32/v4.35/bin/bin/../../lib/gcc/pic32c/8.3.1/arm/v5te/nofp\libgcc.a(_arm_cmpsf2.o)
                              build/lcdc_rgba888_mxt_9x60_wvga/debug/_ext/305146849/legato_math.o (__aeabi_fcmplt)
c:/program files/microchip/xc32/v4.35/bin/bin/../../lib/gcc/pic32c/8.3.1/arm/v5te/nofp\libgcc.a(_arm_fixsfsi.o)
                              build/lcdc_rgba888_mxt_9x60_wvga/debug/_ext/1165331637/gfx_driver.o (__aeabi_f2iz)
c:/program files/microchip/xc32/v4.35/bin/bin/../../lib/gcc/pic32c/8.3.1/arm/v5te/nofp\libgcc.a(_arm_fixunssfsi.o)
                              build/lcdc_rgba888_mxt_9x60_wvga/debug/_ext/1165331637/gfx_driver.o (__aeabi_f2uiz)
c:/program files/microchip/xc32/v4.35/bin/bin/../../lib/gcc/pic32c/8.3.1/arm/v5te/nofp\libgcc.a(_aeabi_uldivmod.o)
                              build/lcdc_rgba888_mxt_9x60_wvga/debug/_ext/1812361045/sys_time.o (__aeabi_uldivmod)
c:/program files/microchip/xc32/v4.35/bin/bin/../../lib/gcc/pic32c/8.3.1/arm/v5te/nofp\libgcc.a(_udivmoddi4.o)
                              c:/program files/microchip/xc32/v4.35/bin/bin/../../lib/gcc/pic32c/8.3.1/arm/v5te/nofp\libgcc.a(_aeabi_uldivmod.o) (__udivmoddi4)
c:/program files/microchip/xc32/v4.35/bin/bin/../../lib/gcc/pic32c/8.3.1/../../../../pic32c/lib/arm/v5te/nofp\libm-musl.a(atan.o)
                              build/lcdc_rgba888_mxt_9x60_wvga/debug/_ext/305146849/legato_math.o (atan)
c:/program files/microchip/xc32/v4.35/bin/bin/../../lib/gcc/pic32c/8.3.1/../../../../pic32c/lib/arm/v5te/nofp\libm-musl.a(fabs.o)
                              c:/program files/microchip/xc32/v4.35/bin/bin/../../lib/gcc/pic32c/8.3.1/../../../../pic32c/lib/arm/v5te/nofp\libm-musl.a(atan.o) (fabs)
c:/program files/microchip/xc32/v4.35/bin/bin/../../lib/gcc/pic32c/8.3.1/../../../../pic32c/lib/arm/v5te/nofp\libg-musl.a(__libc_start_main.o)
                              build/lcdc_rgba888_mxt_9x60_wvga/debug/_ext/2052985144/cstartup.o (__libc_init_array)
c:/program files/microchip/xc32/v4.35/bin/bin/../../lib/gcc/pic32c/8.3.1/../../../../pic32c/lib/arm/v5te/nofp\libg-musl.a(libc.o)
                              c:/program files/microchip/xc32/v4.35/bin/bin/../../lib/gcc/pic32c/8.3.1/../../../../pic32c/lib/arm/v5te/nofp\libg-musl.a(__libc_start_main.o) (__progname_full)
c:/program files/microchip/xc32/v4.35/bin/bin/../../lib/gcc/pic32c/8.3.1/../../../../pic32c/lib/arm/v5te/nofp\libg-musl.a(malloc.o)
                              build/lcdc_rgba888_mxt_9x60_wvga/debug/_ext/1121151461/gfx_canvas.o (malloc)
c:/program files/microchip/xc32/v4.35/bin/bin/../../lib/gcc/pic32c/8.3.1/../../../../pic32c/lib/arm/v5te/nofp\libg-musl.a(expand_heap.o)
                              c:/program files/microchip/xc32/v4.35/bin/bin/../../lib/gcc/pic32c/8.3.1/../../../../pic32c/lib/arm/v5te/nofp\libg-musl.a(malloc.o) (__expand_heap)
c:/program files/microchip/xc32/v4.35/bin/bin/../../lib/gcc/pic32c/8.3.1/../../../../pic32c/lib/arm/v5te/nofp\libg-musl.a(__sio_printf_dnpuxX.o)
                              (_printf_dnpuxX)
[...]
Memory Configuration

Name             Origin             Length             Attributes
sram             0x00300000         0x00010000         xw
ram              0x21000000         0x07000000         xwl !r
ram_nocache      0x20000000         0x01000000         !xrw
rom              0x00000000         0x00000000         xrl
*default*        0x00000000         0xffffffff

Linker script and memory map

LOAD c:/program files/microchip/xc32/v4.35/bin/bin/../../lib/gcc/pic32c/8.3.1/arm/v5te/nofp/crti.o
LOAD c:/program files/microchip/xc32/v4.35/bin/bin/../../lib/gcc/pic32c/8.3.1/arm/v5te/nofp/crtbegin.o
LOAD build/lcdc_rgba888_mxt_9x60_wvga/debug/_ext/1121151461/gfx_canvas_api.o
LOAD build/lcdc_rgba888_mxt_9x60_wvga/debug/_ext/1121151461/gfx_canvas.o
LOAD build/lcdc_rgba888_mxt_9x60_wvga/debug/_ext/1165331637/gfx_driver.o
LOAD build/lcdc_rgba888_mxt_9x60_wvga/debug/_ext/305146849/legato_pixelbuffer.o
LOAD build/lcdc_rgba888_mxt_9x60_wvga/debug/_ext/305146849/legato_color_value.o
LOAD build/lcdc_rgba888_mxt_9x60_wvga/debug/_ext/305146849/legato_utils.o
LOAD build/lcdc_rgba888_mxt_9x60_wvga/debug/_ext/305146849/legato_color_convert.o
LOAD build/lcdc_rgba888_mxt_9x60_wvga/debug/_ext/305146849/legato_rect.o
LOAD build/lcdc_rgba888_mxt_9x60_wvga/debug/_ext/305146849/legato_color_lerp.o
LOAD build/lcdc_rgba888_mxt_9x60_wvga/debug/_ext/305146849/legato_math.o
LOAD build/lcdc_rgba888_mxt_9x60_wvga/debug/_ext/305146849/legato_color_blend.o
LOAD build/lcdc_rgba888_mxt_9x60_wvga/debug/_ext/305146849/legato_error.o
LOAD build/lcdc_rgba888_mxt_9x60_wvga/debug/_ext/305146849/legato_color.o
LOAD build/lcdc_rgba888_mxt_9x60_wvga/debug/_ext/1618192685/legato_stream.o
LOAD build/lcdc_rgba888_mxt_9x60_wvga/debug/_ext/1618192685/legato_scheme.o
LOAD build/lcdc_rgba888_mxt_9x60_wvga/debug/_ext/1618192685/legato_input.o
LOAD build/lcdc_rgba888_mxt_9x60_wvga/debug/_ext/1618192685/legato_event.o
LOAD build/lcdc_rgba888_mxt_9x60_wvga/debug/_ext/1618192685/legato_state.o
LOAD build/lcdc_rgba888_mxt_9x60_wvga/debug/_ext/109670485/legato_list.o
LOAD build/lcdc_rgba888_mxt_9x60_wvga/debug/_ext/109670485/legato_rectarray.o
LOAD build/lcdc_rgba888_mxt_9x60_wvga/debug/_ext/109670485/legato_array.o
LOAD build/lcdc_rgba888_mxt_9x60_wvga/debug/_ext/1618103421/legato_font.o
LOAD build/lcdc_rgba888_mxt_9x60_wvga/debug/_ext/1618103421/legato_rasterfont_liberationmono8.o
LOAD build/lcdc_rgba888_mxt_9x60_wvga/debug/_ext/1618103421/legato_rasterfont_stream.o
LOAD build/lcdc_rgba888_mxt_9x60_wvga/debug/_ext/1618103421/legato_rasterfont_liberationmono1.o
LOAD build/lcdc_rgba888_mxt_9x60_wvga/debug/_ext/644506877/le_gen_fonts.o
LOAD build/lcdc_rgba888_mxt_9x60_wvga/debug/_ext/1497821479/le_gen_images.o
LOAD build/lcdc_rgba888_mxt_9x60_wvga/debug/_ext/534613472/le_gen_screen_Screen0.o
LOAD build/lcdc_rgba888_mxt_9x60_wvga/debug/_ext/706129189/le_gen_stringtable.o
LOAD build/lcdc_rgba888_mxt_9x60_wvga/debug/_ext/706129189/le_gen_init.o
LOAD build/lcdc_rgba888_mxt_9x60_wvga/debug/_ext/706129189/le_gen_harmony.o
LOAD build/lcdc_rgba888_mxt_9x60_wvga/debug/_ext/706129189/le_gen_globalpalette.o
LOAD build/lcdc_rgba888_mxt_9x60_wvga/debug/_ext/706129189/le_gen_scheme.o
LOAD build/lcdc_rgba888_mxt_9x60_wvga/debug/_ext/2086705360/legato_imagedecoder_jpeg.o
LOAD build/lcdc_rgba888_mxt_9x60_wvga/debug/_ext/2086705360/legato_imagedecoder_jpeg_common.o
LOAD build/lcdc_rgba888_mxt_9x60_wvga/debug/_ext/2086705360/jidctint.o
LOAD build/lcdc_rgba888_mxt_9x60_wvga/debug/_ext/2086794059/legato_imagedecoder_mono_read_internal.o
LOAD build/lcdc_rgba888_mxt_9x60_wvga/debug/_ext/2086794059/legato_imagedecoder_mono_read_stream.o
LOAD build/lcdc_rgba888_mxt_9x60_wvga/debug/_ext/2086794059/legato_imagedecoder_mono.o
LOAD build/lcdc_rgba888_mxt_9x60_wvga/debug/_ext/1872343871/lodepng.o
LOAD build/lcdc_rgba888_mxt_9x60_wvga/debug/_ext/1872343871/legato_imagedecoder_png.o
LOAD build/lcdc_rgba888_mxt_9x60_wvga/debug/_ext/1872342336/legato_imagedecoder_raw_read_stream_rlecolor.o
LOAD build/lcdc_rgba888_mxt_9x60_wvga/debug/_ext/1872342336/legato_imagedecoder_raw_read_internal.o
LOAD build/lcdc_rgba888_mxt_9x60_wvga/debug/_ext/1872342336/legato_imagedecoder_raw_read_stream_color.o
LOAD build/lcdc_rgba888_mxt_9x60_wvga/debug/_ext/1872342336/legato_imagedecoder_raw_scale.o
LOAD build/lcdc_rgba888_mxt_9x60_wvga/debug/_ext/1872342336/legato_imagedecoder_raw_read_stream_rleindex.o
LOAD build/lcdc_rgba888_mxt_9x60_wvga/debug/_ext/1872342336/legato_imagedecoder_raw.o
LOAD build/lcdc_rgba888_mxt_9x60_wvga/debug/_ext/1872342336/legato_imagedecoder_raw_rotate.o
LOAD build/lcdc_rgba888_mxt_9x60_wvga/debug/_ext/1872342336/legato_imagedecoder_raw_mask.o
LOAD build/lcdc_rgba888_mxt_9x60_wvga/debug/_ext/1872342336/legato_imagedecoder_raw_write.o
LOAD build/lcdc_rgba888_mxt_9x60_wvga/debug/_ext/1872342336/legato_imagedecoder_raw_palette_stream.o
LOAD build/lcdc_rgba888_mxt_9x60_wvga/debug/_ext/1872342336/legato_imagedecoder_raw_palette_internal.o
LOAD build/lcdc_rgba888_mxt_9x60_wvga/debug/_ext/1872342336/legato_imagedecoder_raw_setup.o
LOAD build/lcdc_rgba888_mxt_9x60_wvga/debug/_ext/1872342336/legato_imagedecoder_raw_blend.o
LOAD build/lcdc_rgba888_mxt_9x60_wvga/debug/_ext/1872342336/legato_imagedecoder_raw_read_stream_index.o
LOAD build/lcdc_rgba888_mxt_9x60_wvga/debug/_ext/1872342336/legato_imagedecoder_raw_convert.o
LOAD build/lcdc_rgba888_mxt_9x60_wvga/debug/_ext/1381099687/legato_image.o
LOAD build/lcdc_rgba888_mxt_9x60_wvga/debug/_ext/1381099687/legato_image_utils.o
LOAD build/lcdc_rgba888_mxt_9x60_wvga/debug/_ext/1381099687/legato_palette.o
LOAD build/lcdc_rgba888_mxt_9x60_wvga/debug/_ext/28088523/legato_fixedheap.o
LOAD build/lcdc_rgba888_mxt_9x60_wvga/debug/_ext/28088523/legato_memory.o
LOAD build/lcdc_rgba888_mxt_9x60_wvga/debug/_ext/28088523/legato_variableheap.o
LOAD build/lcdc_rgba888_mxt_9x60_wvga/debug/_ext/1081070089/legato_draw_rect.o
LOAD build/lcdc_rgba888_mxt_9x60_wvga/debug/_ext/1081070089/legato_draw_line.o
LOAD build/lcdc_rgba888_mxt_9x60_wvga/debug/_ext/1081070089/legato_draw_arc.o
LOAD build/lcdc_rgba888_mxt_9x60_wvga/debug/_ext/1081070089/legato_renderer.o
LOAD build/lcdc_rgba888_mxt_9x60_wvga/debug/_ext/1081070089/legato_draw.o
LOAD build/lcdc_rgba888_mxt_9x60_wvga/debug/_ext/1081070089/legato_gpu.o
LOAD build/lcdc_rgba888_mxt_9x60_wvga/debug/_ext/157682245/legato_stringutils.o
LOAD build/lcdc_rgba888_mxt_9x60_wvga/debug/_ext/157682245/legato_string.o
LOAD build/lcdc_rgba888_mxt_9x60_wvga/debug/_ext/157682245/legato_string_renderer_stream.o
LOAD build/lcdc_rgba888_mxt_9x60_wvga/debug/_ext/157682245/legato_dynamicstring.o
LOAD build/lcdc_rgba888_mxt_9x60_wvga/debug/_ext/157682245/legato_tablestring.o
LOAD build/lcdc_rgba888_mxt_9x60_wvga/debug/_ext/157682245/legato_stringtable.o
LOAD build/lcdc_rgba888_mxt_9x60_wvga/debug/_ext/157682245/legato_string_renderer.o
LOAD build/lcdc_rgba888_mxt_9x60_wvga/debug/_ext/157682245/legato_fixedstring.o
LOAD build/lcdc_rgba888_mxt_9x60_wvga/debug/_ext/1029185477/legato_widget_arc.o
LOAD build/lcdc_rgba888_mxt_9x60_wvga/debug/_ext/1029185477/legato_widget_arc_skin_classic.o
LOAD build/lcdc_rgba888_mxt_9x60_wvga/debug/_ext/1946336466/legato_widget_bar_graph_skin_classic.o
LOAD build/lcdc_rgba888_mxt_9x60_wvga/debug/_ext/1946336466/legato_widget_bar_graph.o
LOAD build/lcdc_rgba888_mxt_9x60_wvga/debug/_ext/1339002025/legato_widget_button.o
LOAD build/lcdc_rgba888_mxt_9x60_wvga/debug/_ext/1339002025/legato_widget_button_skin_classic.o
LOAD build/lcdc_rgba888_mxt_9x60_wvga/debug/_ext/935657338/legato_widget_checkbox.o
LOAD build/lcdc_rgba888_mxt_9x60_wvga/debug/_ext/935657338/legato_widget_checkbox_skin_classic.o
LOAD build/lcdc_rgba888_mxt_9x60_wvga/debug/_ext/1356472903/legato_widget_circle.o
LOAD build/lcdc_rgba888_mxt_9x60_wvga/debug/_ext/1356472903/legato_widget_circle_skin_classic.o
LOAD build/lcdc_rgba888_mxt_9x60_wvga/debug/_ext/2122148963/legato_widget_circular_gauge_skin_classic.o
LOAD build/lcdc_rgba888_mxt_9x60_wvga/debug/_ext/2122148963/legato_widget_circular_gauge.o
LOAD build/lcdc_rgba888_mxt_9x60_wvga/debug/_ext/1715456695/legato_widget_circular_slider_skin_classic.o
LOAD build/lcdc_rgba888_mxt_9x60_wvga/debug/_ext/1715456695/legato_widget_circular_slider.o
LOAD build/lcdc_rgba888_mxt_9x60_wvga/debug/_ext/1444382766/legato_widget_drawsurface.o
LOAD build/lcdc_rgba888_mxt_9x60_wvga/debug/_ext/1444382766/legato_widget_drawsurface_skin_classic.o
LOAD build/lcdc_rgba888_mxt_9x60_wvga/debug/_ext/511583513/legato_widget_gradient_skin_classic.o
LOAD build/lcdc_rgba888_mxt_9x60_wvga/debug/_ext/511583513/legato_widget_gradient.o
LOAD build/lcdc_rgba888_mxt_9x60_wvga/debug/_ext/94869853/legato_widget_groupbox_skin_classic.o
LOAD build/lcdc_rgba888_mxt_9x60_wvga/debug/_ext/94869853/legato_widget_groupbox.o
LOAD build/lcdc_rgba888_mxt_9x60_wvga/debug/_ext/1197524732/legato_widget_image_skin_classic.o
LOAD build/lcdc_rgba888_mxt_9x60_wvga/debug/_ext/1197524732/legato_widget_image.o
LOAD build/lcdc_rgba888_mxt_9x60_wvga/debug/_ext/1694778207/legato_widget_imagerotate_skin_classic.o
LOAD build/lcdc_rgba888_mxt_9x60_wvga/debug/_ext/1694778207/legato_widget_imagerotate.o
LOAD build/lcdc_rgba888_mxt_9x60_wvga/debug/_ext/609407686/legato_widget_imagescale.o
LOAD build/lcdc_rgba888_mxt_9x60_wvga/debug/_ext/609407686/legato_widget_imagescale_skin_classic.o
LOAD build/lcdc_rgba888_mxt_9x60_wvga/debug/_ext/2015859515/legato_widget_imagesequence.o
LOAD build/lcdc_rgba888_mxt_9x60_wvga/debug/_ext/2015859515/legato_widget_imagesequence_skin_classic.o
LOAD build/lcdc_rgba888_mxt_9x60_wvga/debug/_ext/1582032715/legato_widget_keypad_skin_classic.o
LOAD build/lcdc_rgba888_mxt_9x60_wvga/debug/_ext/1582032715/legato_widget_keypad.o
LOAD build/lcdc_rgba888_mxt_9x60_wvga/debug/_ext/1195110755/legato_widget_label_skin_classic.o
LOAD build/lcdc_rgba888_mxt_9x60_wvga/debug/_ext/1195110755/legato_widget_label.o
LOAD build/lcdc_rgba888_mxt_9x60_wvga/debug/_ext/1839659221/legato_widget_line_skin_classic.o
LOAD build/lcdc_rgba888_mxt_9x60_wvga/debug/_ext/1839659221/legato_widget_line.o
LOAD build/lcdc_rgba888_mxt_9x60_wvga/debug/_ext/1047821571/legato_widget_line_graph_skin_classic.o
LOAD build/lcdc_rgba888_mxt_9x60_wvga/debug/_ext/1047821571/legato_widget_line_graph.o
LOAD build/lcdc_rgba888_mxt_9x60_wvga/debug/_ext/1839659051/legato_widget_list.o
LOAD build/lcdc_rgba888_mxt_9x60_wvga/debug/_ext/1839659051/legato_widget_list_skin_classic.o
LOAD build/lcdc_rgba888_mxt_9x60_wvga/debug/_ext/1634291878/legato_widget_listwheel.o
LOAD build/lcdc_rgba888_mxt_9x60_wvga/debug/_ext/1634291878/legato_widget_listwheel_skin_classic.o
LOAD build/lcdc_rgba888_mxt_9x60_wvga/debug/_ext/1290198647/legato_widget_pie_chart_skin_classic.o
LOAD build/lcdc_rgba888_mxt_9x60_wvga/debug/_ext/1290198647/legato_widget_pie_chart.o
LOAD build/lcdc_rgba888_mxt_9x60_wvga/debug/_ext/231973969/legato_widget_progressbar.o
LOAD build/lcdc_rgba888_mxt_9x60_wvga/debug/_ext/231973969/legato_widget_progressbar_skin_classic.o
LOAD build/lcdc_rgba888_mxt_9x60_wvga/debug/_ext/1643194869/legato_widget_radial_menu.o
LOAD build/lcdc_rgba888_mxt_9x60_wvga/debug/_ext/1643194869/legato_widget_radial_menu_state.o
LOAD build/lcdc_rgba888_mxt_9x60_wvga/debug/_ext/1643194869/legato_widget_radial_menu_skin_classic.o
LOAD build/lcdc_rgba888_mxt_9x60_wvga/debug/_ext/1338867754/legato_widget_radiobutton_skin_classic.o
LOAD build/lcdc_rgba888_mxt_9x60_wvga/debug/_ext/1338867754/legato_widget_radiobutton.o
LOAD build/lcdc_rgba888_mxt_9x60_wvga/debug/_ext/1338867754/legato_radiobutton_group.o
LOAD build/lcdc_rgba888_mxt_9x60_wvga/debug/_ext/337100648/legato_widget_rectangle_skin_classic.o
LOAD build/lcdc_rgba888_mxt_9x60_wvga/debug/_ext/337100648/legato_widget_rectangle.o
LOAD build/lcdc_rgba888_mxt_9x60_wvga/debug/_ext/1040606897/legato_widget_scrollbar.o
LOAD build/lcdc_rgba888_mxt_9x60_wvga/debug/_ext/1040606897/legato_widget_scrollbar_skin_classic.o
LOAD build/lcdc_rgba888_mxt_9x60_wvga/debug/_ext/1817042520/legato_widget_slider.o
LOAD build/lcdc_rgba888_mxt_9x60_wvga/debug/_ext/1817042520/legato_widget_slider_skin_classic.o
LOAD build/lcdc_rgba888_mxt_9x60_wvga/debug/_ext/1805132566/legato_widget_textfield.o
LOAD build/lcdc_rgba888_mxt_9x60_wvga/debug/_ext/1805132566/legato_widget_textfield_skin_classic.o
LOAD build/lcdc_rgba888_mxt_9x60_wvga/debug/_ext/1093664902/legato_widget_touchtest_skin_classic.o
LOAD build/lcdc_rgba888_mxt_9x60_wvga/debug/_ext/1093664902/legato_widget_touchtest.o
LOAD build/lcdc_rgba888_mxt_9x60_wvga/debug/_ext/1928937831/legato_widget_window_skin_classic.o
LOAD build/lcdc_rgba888_mxt_9x60_wvga/debug/_ext/1928937831/legato_widget_window.o
LOAD build/lcdc_rgba888_mxt_9x60_wvga/debug/_ext/261620856/legato_widget_skin_classic.o
LOAD build/lcdc_rgba888_mxt_9x60_wvga/debug/_ext/261620856/legato_widget.o
LOAD build/lcdc_rgba888_mxt_9x60_wvga/debug/_ext/261620856/legato_widget_skin_classic_common.o
LOAD build/lcdc_rgba888_mxt_9x60_wvga/debug/_ext/261620856/legato_editwidget.o
LOAD build/lcdc_rgba888_mxt_9x60_wvga/debug/_ext/440801193/gfx_simulator.o
LOAD build/lcdc_rgba888_mxt_9x60_wvga/debug/_ext/4986847/plib_aic.o
LOAD build/lcdc_rgba888_mxt_9x60_wvga/debug/_ext/4988870/plib_clk.o
LOAD build/lcdc_rgba888_mxt_9x60_wvga/debug/_ext/4998521/plib_mmu.o
LOAD build/lcdc_rgba888_mxt_9x60_wvga/debug/_ext/5001274/plib_pio.o
LOAD build/lcdc_rgba888_mxt_9x60_wvga/debug/_ext/286729486/xc32_monitor.o
LOAD build/lcdc_rgba888_mxt_9x60_wvga/debug/_ext/1408246553/sys_cache.o
LOAD build/lcdc_rgba888_mxt_9x60_wvga/debug/_ext/1414187873/sys_input.o
LOAD build/lcdc_rgba888_mxt_9x60_wvga/debug/_ext/1414187873/sys_input_listener.o
LOAD build/lcdc_rgba888_mxt_9x60_wvga/debug/_ext/1826491803/sys_int.o
LOAD build/lcdc_rgba888_mxt_9x60_wvga/debug/_ext/1812361045/sys_time.o
LOAD build/lcdc_rgba888_mxt_9x60_wvga/debug/_ext/2052985144/fault_handlers.o
LOAD build/lcdc_rgba888_mxt_9x60_wvga/debug/_ext/2052985144/tasks.o
LOAD build/lcdc_rgba888_mxt_9x60_wvga/debug/_ext/2052985144/initialization.o
LOAD build/lcdc_rgba888_mxt_9x60_wvga/debug/_ext/2052985144/cstartup.o
LOAD build/lcdc_rgba888_mxt_9x60_wvga/debug/_ext/2052985144/interrupts.o
LOAD build/lcdc_rgba888_mxt_9x60_wvga/debug/_ext/1360937237/app.o
LOAD build/lcdc_rgba888_mxt_9x60_wvga/debug/_ext/1360937237/main.o
                0x00000001                __MPLAB_BUILD = 0x1
                0x00001000                C_STACK_SIZE = 0x1000
                0x00000060                IRQ_STACK_SIZE = 0x60
                0x00000060                FIQ_STACK_SIZE = 0x60
                0x00001000                SVC_STACK_SIZE = 0x1000
                0x00000040                ABT_STACK_SIZE = 0x40
                0x00000040                UND_STACK_SIZE = 0x40

.text           0x23f00000   0x567100
                0x23f00000                . = ALIGN (0x4)
                [!provide]                PROVIDE (_sfixed = .)
 *(.textEntry)
 .textEntry     0x23f00000      0x10c build/lcdc_rgba888_mxt_9x60_wvga/debug/_ext/2052985144/cstartup.o
                0x23f00000                entry
 *(.text .text.* .gnu.linkonce.t.*)
 .text          0x23f0010c       0x70 c:/program files/microchip/xc32/v4.35/bin/bin/../../lib/gcc/pic32c/8.3.1/arm/v5te/nofp/crtbegin.o
 .text.gfxcCreate
                0x23f0017c       0x80 build/lcdc_rgba888_mxt_9x60_wvga/debug/_ext/1121151461/gfx_canvas_api.o
                0x23f0017c                gfxcCreate
 .text.gfxcSetPixelBuffer
                0x23f001fc       0x78 build/lcdc_rgba888_mxt_9x60_wvga/debug/_ext/1121151461/gfx_canvas_api.o
                0x23f001fc                gfxcSetPixelBuffer
 .text.gfxcSetLayer
                0x23f00274       0x50 build/lcdc_rgba888_mxt_9x60_wvga/debug/_ext/1121151461/gfx_canvas_api.o
                0x23f00274                gfxcSetLayer
 .text.gfxcSetWindowPosition
                0x23f002c4       0x3c build/lcdc_rgba888_mxt_9x60_wvga/debug/_ext/1121151461/gfx_canvas_api.o
                0x23f002c4                gfxcSetWindowPosition
 .text.gfxcSetWindowSize
                0x23f00300       0x3c build/lcdc_rgba888_mxt_9x60_wvga/debug/_ext/1121151461/gfx_canvas_api.o
                0x23f00300                gfxcSetWindowSize
 .text.gfxcShowCanvas
                0x23f0033c       0x2c build/lcdc_rgba888_mxt_9x60_wvga/debug/_ext/1121151461/gfx_canvas_api.o
                0x23f0033c                gfxcShowCanvas
 .text.gfxcHideCanvas
                0x23f00368       0x28 build/lcdc_rgba888_mxt_9x60_wvga/debug/_ext/1121151461/gfx_canvas_api.o
                0x23f00368                gfxcHideCanvas
 .text.gfxcCanvasUpdate
                0x23f00390       0x20 build/lcdc_rgba888_mxt_9x60_wvga/debug/_ext/1121151461/gfx_canvas_api.o
                0x23f00390                gfxcCanvasUpdate
 .text.effectsTimerCallback
                0x23f003b0       0x18 build/lcdc_rgba888_mxt_9x60_wvga/debug/_ext/1121151461/gfx_canvas.o
 .text.GFXC_Update
                0x23f003c8        0x4 build/lcdc_rgba888_mxt_9x60_wvga/debug/_ext/1121151461/gfx_canvas.o
 .text.GFX_CANVAS_IOCTL
                0x23f003cc      0x2b4 build/lcdc_rgba888_mxt_9x60_wvga/debug/_ext/1121151461/gfx_canvas.o
 .text.GFXC_BlitBuffer
                0x23f00680       0xe4 build/lcdc_rgba888_mxt_9x60_wvga/debug/_ext/1121151461/gfx_canvas.o
 .text.GFX_CANVAS_Initialize
                0x23f00764      0x134 build/lcdc_rgba888_mxt_9x60_wvga/debug/_ext/1121151461/gfx_canvas.o
                0x23f00764                GFX_CANVAS_Initialize
 .text._gfxcCanvasUpdate
                0x23f00898      0x2f8 build/lcdc_rgba888_mxt_9x60_wvga/debug/_ext/1121151461/gfx_canvas.o
                0x23f00898                _gfxcCanvasUpdate
 .text.GFX_CANVAS_Task
                0x23f00b90      0x3f4 build/lcdc_rgba888_mxt_9x60_wvga/debug/_ext/1121151461/gfx_canvas.o
                0x23f00b90                GFX_CANVAS_Task
 .text.gfxPixelBufferCreate
                0x23f00f84       0xd8 build/lcdc_rgba888_mxt_9x60_wvga/debug/_ext/1165331637/gfx_driver.o
                0x23f00f84                gfxPixelBufferCreate
 .text.gfxPixelBufferOffsetGet
                0x23f0105c       0x4c build/lcdc_rgba888_mxt_9x60_wvga/debug/_ext/1165331637/gfx_driver.o
                0x23f0105c                gfxPixelBufferOffsetGet
 .text.gfxPixelBuffer_IsLocked
                0x23f010a8       0x14 build/lcdc_rgba888_mxt_9x60_wvga/debug/_ext/1165331637/gfx_driver.o
                0x23f010a8                gfxPixelBuffer_IsLocked
 .text.indexGet1bpp
                0x23f010bc       0x20 build/lcdc_rgba888_mxt_9x60_wvga/debug/_ext/305146849/legato_pixelbuffer.o
 .text.indexGet4bpp
                0x23f010dc       0x18 build/lcdc_rgba888_mxt_9x60_wvga/debug/_ext/305146849/legato_pixelbuffer.o
 .text.indexGet
                0x23f010f4       0x64 build/lcdc_rgba888_mxt_9x60_wvga/debug/_ext/305146849/legato_pixelbuffer.o
 .text.get1byte
                0x23f01158        0x8 build/lcdc_rgba888_mxt_9x60_wvga/debug/_ext/305146849/legato_pixelbuffer.o
 .text.get2byte
                0x23f01160        0x8 build/lcdc_rgba888_mxt_9x60_wvga/debug/_ext/305146849/legato_pixelbuffer.o
 .text.get3byte
                0x23f01168       0x1c build/lcdc_rgba888_mxt_9x60_wvga/debug/_ext/305146849/legato_pixelbuffer.o
 .text.get4byte
                0x23f01184        0x8 build/lcdc_rgba888_mxt_9x60_wvga/debug/_ext/305146849/legato_pixelbuffer.o
 .text.set1byte
                0x23f0118c        0xc build/lcdc_rgba888_mxt_9x60_wvga/debug/_ext/305146849/legato_pixelbuffer.o
 .text.set2byte
                0x23f01198        0xc build/lcdc_rgba888_mxt_9x60_wvga/debug/_ext/305146849/legato_pixelbuffer.o
 .text.set3byte
                0x23f011a4       0x1c build/lcdc_rgba888_mxt_9x60_wvga/debug/_ext/305146849/legato_pixelbuffer.o
 .text.set4byte
                0x23f011c0        0xc build/lcdc_rgba888_mxt_9x60_wvga/debug/_ext/305146849/legato_pixelbuffer.o
 .text.lePixelBufferCreate
                0x23f011cc       0xd0 build/lcdc_rgba888_mxt_9x60_wvga/debug/_ext/305146849/legato_pixelbuffer.o
                0x23f011cc                lePixelBufferCreate
 .text.lePixelBufferOffsetGet
                0x23f0129c       0x5c build/lcdc_rgba888_mxt_9x60_wvga/debug/_ext/305146849/legato_pixelbuffer.o
                0x23f0129c                lePixelBufferOffsetGet
 .text.lePixelBufferOffsetGet_Unsafe
                0x23f012f8       0x44 build/lcdc_rgba888_mxt_9x60_wvga/debug/_ext/305146849/legato_pixelbuffer.o
                0x23f012f8                lePixelBufferOffsetGet_Unsafe
 .text.lePixelBufferGet_Unsafe
                0x23f0133c       0x64 build/lcdc_rgba888_mxt_9x60_wvga/debug/_ext/305146849/legato_pixelbuffer.o
                0x23f0133c                lePixelBufferGet_Unsafe
 .text.lePixelBufferGet
                0x23f013a0       0x34 build/lcdc_rgba888_mxt_9x60_wvga/debug/_ext/305146849/legato_pixelbuffer.o
                0x23f013a0                lePixelBufferGet
 .text.lePixelBufferClipRect
                0x23f013d4       0x84 build/lcdc_rgba888_mxt_9x60_wvga/debug/_ext/305146849/legato_pixelbuffer.o
                0x23f013d4                lePixelBufferClipRect
 .text.lePixelBufferGetIndex_Unsafe
                0x23f01458       0x2c build/lcdc_rgba888_mxt_9x60_wvga/debug/_ext/305146849/legato_pixelbuffer.o
                0x23f01458                lePixelBufferGetIndex_Unsafe
 .text.lePixelBufferSet_Unsafe
                0x23f01484       0x7c build/lcdc_rgba888_mxt_9x60_wvga/debug/_ext/305146849/legato_pixelbuffer.o
                0x23f01484                lePixelBufferSet_Unsafe
 .text.lePixelBufferSet
                0x23f01500       0x28 build/lcdc_rgba888_mxt_9x60_wvga/debug/_ext/305146849/legato_pixelbuffer.o
                0x23f01500                lePixelBufferSet
 .text.lePixelBufferAreaFill_Unsafe
                0x23f01528      0x118 build/lcdc_rgba888_mxt_9x60_wvga/debug/_ext/305146849/legato_pixelbuffer.o
                0x23f01528                lePixelBufferAreaFill_Unsafe
 .text.lePixelBufferAreaFill
                0x23f01640       0x70 build/lcdc_rgba888_mxt_9x60_wvga/debug/_ext/305146849/legato_pixelbuffer.o
                0x23f01640                lePixelBufferAreaFill
 .text.lePixelBufferCopy
                0x23f016b0       0xd8 build/lcdc_rgba888_mxt_9x60_wvga/debug/_ext/305146849/legato_pixelbuffer.o
                0x23f016b0                lePixelBufferCopy
 .text.leUtils_PickFromWidget
                0x23f01788       0xe0 build/lcdc_rgba888_mxt_9x60_wvga/debug/_ext/305146849/legato_utils.o
                0x23f01788                leUtils_PickFromWidget
 .text.leUtils_ClipRectToParent
                0x23f01868       0x84 build/lcdc_rgba888_mxt_9x60_wvga/debug/_ext/305146849/legato_utils.o
                0x23f01868                leUtils_ClipRectToParent
 .text.leUtils_RectToScreenSpace
                0x23f018ec       0x44 build/lcdc_rgba888_mxt_9x60_wvga/debug/_ext/305146849/legato_utils.o
                0x23f018ec                leUtils_RectToScreenSpace
 .text.leUtils_ClipRectToAncestors
                0x23f01930       0x94 build/lcdc_rgba888_mxt_9x60_wvga/debug/_ext/305146849/legato_utils.o
                0x23f01930                leUtils_ClipRectToAncestors
 .text.leUtils_ArrangeRectangle
                0x23f019c4      0x280 build/lcdc_rgba888_mxt_9x60_wvga/debug/_ext/305146849/legato_utils.o
                0x23f019c4                leUtils_ArrangeRectangle
 .text.leUtils_ArrangeRectangleRelative
                0x23f01c44      0x2b0 build/lcdc_rgba888_mxt_9x60_wvga/debug/_ext/305146849/legato_utils.o
                0x23f01c44                leUtils_ArrangeRectangleRelative
 .text.leUtils_GetSchemeLookupTable
                0x23f01ef4       0x64 build/lcdc_rgba888_mxt_9x60_wvga/debug/_ext/305146849/legato_utils.o
                0x23f01ef4                leUtils_GetSchemeLookupTable
 .text.no_conv  0x23f01f58        0x4 build/lcdc_rgba888_mxt_9x60_wvga/debug/_ext/305146849/legato_color_convert.o
 .text.gs8_rgb332
                0x23f01f5c       0x10 build/lcdc_rgba888_mxt_9x60_wvga/debug/_ext/305146849/legato_color_convert.o
 .text.gs8_rgb565
                0x23f01f6c       0x20 build/lcdc_rgba888_mxt_9x60_wvga/debug/_ext/305146849/legato_color_convert.o
 .text.gs8_rgba5551
                0x23f01f8c       0x28 build/lcdc_rgba888_mxt_9x60_wvga/debug/_ext/305146849/legato_color_convert.o
 .text.gs8_rgb888
                0x23f01fb4       0x10 build/lcdc_rgba888_mxt_9x60_wvga/debug/_ext/305146849/legato_color_convert.o
 .text.gs8_rgba8888
                0x23f01fc4       0x14 build/lcdc_rgba888_mxt_9x60_wvga/debug/_ext/305146849/legato_color_convert.o
 .text.gs8_argb8888
                0x23f01fd8       0x14 build/lcdc_rgba888_mxt_9x60_wvga/debug/_ext/305146849/legato_color_convert.o
 .text.gs8_mono
                0x23f01fec       0x10 build/lcdc_rgba888_mxt_9x60_wvga/debug/_ext/305146849/legato_color_convert.o
 .text.rgb332_rgb565
                0x23f01ffc       0x2c build/lcdc_rgba888_mxt_9x60_wvga/debug/_ext/305146849/legato_color_convert.o
 .text.rgb332_rgba5551
                0x23f02028       0x2c build/lcdc_rgba888_mxt_9x60_wvga/debug/_ext/305146849/legato_color_convert.o
 .text.rgb332_rgb888
                0x23f02054       0x30 build/lcdc_rgba888_mxt_9x60_wvga/debug/_ext/305146849/legato_color_convert.o
 .text.rgb332_rgba8888
                0x23f02084       0x2c build/lcdc_rgba888_mxt_9x60_wvga/debug/_ext/305146849/legato_color_convert.o
 .text.rgb332_argb8888
                0x23f020b0       0x30 build/lcdc_rgba888_mxt_9x60_wvga/debug/_ext/305146849/legato_color_convert.o
 .text.rgb565_rgb332
                0x23f020e0       0x20 build/lcdc_rgba888_mxt_9x60_wvga/debug/_ext/305146849/legato_color_convert.o
 .text.rgb565_rgba5551
                0x23f02100       0x20 build/lcdc_rgba888_mxt_9x60_wvga/debug/_ext/305146849/legato_color_convert.o
 .text.rgb565_rgb888
                0x23f02120       0x24 build/lcdc_rgba888_mxt_9x60_wvga/debug/_ext/305146849/legato_color_convert.o
 .text.rgb565_rgba8888
                0x23f02144       0x24 build/lcdc_rgba888_mxt_9x60_wvga/debug/_ext/305146849/legato_color_convert.o
 .text.rgb565_argb8888
                0x23f02168       0x28 build/lcdc_rgba888_mxt_9x60_wvga/debug/_ext/305146849/legato_color_convert.o
 .text.rgba5551_gs8
                0x23f02190        0x4 build/lcdc_rgba888_mxt_9x60_wvga/debug/_ext/305146849/legato_color_convert.o
 .text.rgba5551_rgb332
                0x23f02194       0x20 build/lcdc_rgba888_mxt_9x60_wvga/debug/_ext/305146849/legato_color_convert.o
 .text.rgba5551_rgb565
                0x23f021b4       0x1c build/lcdc_rgba888_mxt_9x60_wvga/debug/_ext/305146849/legato_color_convert.o
 .text.rgba5551_rgb888
                0x23f021d0       0x30 build/lcdc_rgba888_mxt_9x60_wvga/debug/_ext/305146849/legato_color_convert.o
 .text.rgba5551_rgba8888
                0x23f02200       0x40 build/lcdc_rgba888_mxt_9x60_wvga/debug/_ext/305146849/legato_color_convert.o
 .text.rgba5551_argb8888
                0x23f02240       0x40 build/lcdc_rgba888_mxt_9x60_wvga/debug/_ext/305146849/legato_color_convert.o
 .text.rgb888_gs8
                0x23f02280        0x4 build/lcdc_rgba888_mxt_9x60_wvga/debug/_ext/305146849/legato_color_convert.o
 .text.rgb888_rgb332
                0x23f02284       0x24 build/lcdc_rgba888_mxt_9x60_wvga/debug/_ext/305146849/legato_color_convert.o
 .text.rgb888_rgb565
                0x23f022a8       0x20 build/lcdc_rgba888_mxt_9x60_wvga/debug/_ext/305146849/legato_color_convert.o
 .text.rgb888_rgba5551
                0x23f022c8       0x28 build/lcdc_rgba888_mxt_9x60_wvga/debug/_ext/305146849/legato_color_convert.o
 .text.rgb888_rgba8888
                0x23f022f0        0xc build/lcdc_rgba888_mxt_9x60_wvga/debug/_ext/305146849/legato_color_convert.o
 .text.rgb888_argb8888
                0x23f022fc        0x8 build/lcdc_rgba888_mxt_9x60_wvga/debug/_ext/305146849/legato_color_convert.o
 .text.rgba8888_gs8
                0x23f02304        0x4 build/lcdc_rgba888_mxt_9x60_wvga/debug/_ext/305146849/legato_color_convert.o
 .text.rgba8888_rgb332
                0x23f02308       0x20 build/lcdc_rgba888_mxt_9x60_wvga/debug/_ext/305146849/legato_color_convert.o
 .text.rgba8888_rgb565
                0x23f02328       0x20 build/lcdc_rgba888_mxt_9x60_wvga/debug/_ext/305146849/legato_color_convert.o
 .text.rgba8888_rgba5551
                0x23f02348       0x34 build/lcdc_rgba888_mxt_9x60_wvga/debug/_ext/305146849/legato_color_convert.o
 .text.rgba8888_rgb888
                0x23f0237c        0x8 build/lcdc_rgba888_mxt_9x60_wvga/debug/_ext/305146849/legato_color_convert.o
 .text.rgba8888_argb8888
                0x23f02384        0x8 build/lcdc_rgba888_mxt_9x60_wvga/debug/_ext/305146849/legato_color_convert.o
 .text.argb8888_rgba5551
                0x23f0238c       0x34 build/lcdc_rgba888_mxt_9x60_wvga/debug/_ext/305146849/legato_color_convert.o
 .text.argb8888_rgb888
                0x23f023c0        0x8 build/lcdc_rgba888_mxt_9x60_wvga/debug/_ext/305146849/legato_color_convert.o
 .text.argb8888_rgba8888
                0x23f023c8        0x8 build/lcdc_rgba888_mxt_9x60_wvga/debug/_ext/305146849/legato_color_convert.o
 .text.rgb565_gs8
                0x23f023d0       0x54 build/lcdc_rgba888_mxt_9x60_wvga/debug/_ext/305146849/legato_color_convert.o
 .text.rgb332_gs8
                0x23f02424       0x54 build/lcdc_rgba888_mxt_9x60_wvga/debug/_ext/305146849/legato_color_convert.o
 .text.leColorConvert
                0x23f02478       0x28 build/lcdc_rgba888_mxt_9x60_wvga/debug/_ext/305146849/legato_color_convert.o
                0x23f02478                leColorConvert
 .text.leRectContainsPoint
                0x23f024a0       0x60 build/lcdc_rgba888_mxt_9x60_wvga/debug/_ext/305146849/legato_rect.o
                0x23f024a0                leRectContainsPoint
 .text.leRectContainsRect
                0x23f02500       0x70 build/lcdc_rgba888_mxt_9x60_wvga/debug/_ext/305146849/legato_rect.o
                0x23f02500                leRectContainsRect
 .text.leRectIntersects
                0x23f02570       0x70 build/lcdc_rgba888_mxt_9x60_wvga/debug/_ext/305146849/legato_rect.o
                0x23f02570                leRectIntersects
 .text.leRectCombine
                0x23f025e0       0x88 build/lcdc_rgba888_mxt_9x60_wvga/debug/_ext/305146849/legato_rect.o
                0x23f025e0                leRectCombine
 .text.leRectClipAdj
                0x23f02668      0x180 build/lcdc_rgba888_mxt_9x60_wvga/debug/_ext/305146849/legato_rect.o
                0x23f02668                leRectClipAdj
 .text.leRectClip
                0x23f027e8       0xa0 build/lcdc_rgba888_mxt_9x60_wvga/debug/_ext/305146849/legato_rect.o
                0x23f027e8                leRectClip
 .text.leRectCompare
                0x23f02888       0x60 build/lcdc_rgba888_mxt_9x60_wvga/debug/_ext/305146849/legato_rect.o
                0x23f02888                leRectCompare
 .text.leRectsAreSimilar
                0x23f028e8       0xcc build/lcdc_rgba888_mxt_9x60_wvga/debug/_ext/305146849/legato_rect.o
                0x23f028e8                leRectsAreSimilar
 .text.lerp_argb8888
                0x23f029b4       0x78 build/lcdc_rgba888_mxt_9x60_wvga/debug/_ext/305146849/legato_color_lerp.o
 .text.lerp_rgba8888
                0x23f02a2c       0x78 build/lcdc_rgba888_mxt_9x60_wvga/debug/_ext/305146849/legato_color_lerp.o
 .text.lerp_rgb888
                0x23f02aa4       0x60 build/lcdc_rgba888_mxt_9x60_wvga/debug/_ext/305146849/legato_color_lerp.o
 .text.lerp_rgba5551
                0x23f02b04       0x74 build/lcdc_rgba888_mxt_9x60_wvga/debug/_ext/305146849/legato_color_lerp.o
 .text.lerp_rgb565
                0x23f02b78       0x60 build/lcdc_rgba888_mxt_9x60_wvga/debug/_ext/305146849/legato_color_lerp.o
 .text.lerp_rgb332
                0x23f02bd8       0x60 build/lcdc_rgba888_mxt_9x60_wvga/debug/_ext/305146849/legato_color_lerp.o
 .text.lerp_gs8
                0x23f02c38        0xc build/lcdc_rgba888_mxt_9x60_wvga/debug/_ext/305146849/legato_color_lerp.o
 .text.leColorLerp
                0x23f02c44       0x40 build/lcdc_rgba888_mxt_9x60_wvga/debug/_ext/305146849/legato_color_lerp.o
                0x23f02c44                leColorLerp
 .text.leColorBilerp
                0x23f02c84       0x5c build/lcdc_rgba888_mxt_9x60_wvga/debug/_ext/305146849/legato_color_lerp.o
                0x23f02c84                leColorBilerp
 .text.leQueryArcQuadrants
                0x23f02ce0      0x124 build/lcdc_rgba888_mxt_9x60_wvga/debug/_ext/305146849/legato_math.o
 .text.leNormalizeAngle
                0x23f02e04       0x30 build/lcdc_rgba888_mxt_9x60_wvga/debug/_ext/305146849/legato_math.o
                0x23f02e04                leNormalizeAngle
 .text.leSin    0x23f02e34       0x80 build/lcdc_rgba888_mxt_9x60_wvga/debug/_ext/305146849/legato_math.o
                0x23f02e34                leSin
 .text.leCos    0x23f02eb4       0x78 build/lcdc_rgba888_mxt_9x60_wvga/debug/_ext/305146849/legato_math.o
                0x23f02eb4                leCos
 .text.lePolarToXY
                0x23f02f2c       0x60 build/lcdc_rgba888_mxt_9x60_wvga/debug/_ext/305146849/legato_math.o
                0x23f02f2c                lePolarToXY
 .text.leMini   0x23f02f8c        0xc build/lcdc_rgba888_mxt_9x60_wvga/debug/_ext/305146849/legato_math.o
                0x23f02f8c                leMini
 .text.leMaxi   0x23f02f98        0xc build/lcdc_rgba888_mxt_9x60_wvga/debug/_ext/305146849/legato_math.o
                0x23f02f98                leMaxi
 .text.leClampi
                0x23f02fa4       0x18 build/lcdc_rgba888_mxt_9x60_wvga/debug/_ext/305146849/legato_math.o
                0x23f02fa4                leClampi
 .text.lePercent
                0x23f02fbc       0x1c build/lcdc_rgba888_mxt_9x60_wvga/debug/_ext/305146849/legato_math.o
                0x23f02fbc                lePercent
 .text.lePercentWholeRounded
                0x23f02fd8       0x3c build/lcdc_rgba888_mxt_9x60_wvga/debug/_ext/305146849/legato_math.o
                0x23f02fd8                lePercentWholeRounded
 .text.lePercentOf
                0x23f03014       0x58 build/lcdc_rgba888_mxt_9x60_wvga/debug/_ext/305146849/legato_math.o
                0x23f03014                lePercentOf
 .text.leScaleInteger
                0x23f0306c       0x44 build/lcdc_rgba888_mxt_9x60_wvga/debug/_ext/305146849/legato_math.o
                0x23f0306c                leScaleInteger
 .text.leLerp   0x23f030b0       0x58 build/lcdc_rgba888_mxt_9x60_wvga/debug/_ext/305146849/legato_math.o
                0x23f030b0                leLerp
 .text.lePointOnLineSide
                0x23f03108       0x60 build/lcdc_rgba888_mxt_9x60_wvga/debug/_ext/305146849/legato_math.o
                0x23f03108                lePointOnLineSide
 .text.leRotatePoint
                0x23f03168       0xbc build/lcdc_rgba888_mxt_9x60_wvga/debug/_ext/305146849/legato_math.o
                0x23f03168                leRotatePoint
 .text.leRotatedRectBounds
                0x23f03224      0x14c build/lcdc_rgba888_mxt_9x60_wvga/debug/_ext/305146849/legato_math.o
                0x23f03224                leRotatedRectBounds
 .text.leSqrt   0x23f03370       0x58 build/lcdc_rgba888_mxt_9x60_wvga/debug/_ext/305146849/legato_math.o
                0x23f03370                leSqrt
 .text.lePointOnCircle
                0x23f033c8       0x30 build/lcdc_rgba888_mxt_9x60_wvga/debug/_ext/305146849/legato_math.o
                0x23f033c8                lePointOnCircle
 .text.leResolveAngles
                0x23f033f8      0x2a8 build/lcdc_rgba888_mxt_9x60_wvga/debug/_ext/305146849/legato_math.o
                0x23f033f8                leResolveAngles
 .text.leRound  0x23f036a0       0xa0 build/lcdc_rgba888_mxt_9x60_wvga/debug/_ext/305146849/legato_math.o
                0x23f036a0                leRound
 .text.leColorBlend_RGBA_8888
                0x23f03740      0x168 build/lcdc_rgba888_mxt_9x60_wvga/debug/_ext/305146849/legato_color_blend.o
                0x23f03740                leColorBlend_RGBA_8888
 .text.leColorBlend_ARGB_8888
                0x23f038a8      0x14c build/lcdc_rgba888_mxt_9x60_wvga/debug/_ext/305146849/legato_color_blend.o
                0x23f038a8                leColorBlend_ARGB_8888
 .text.leColorChannelAlpha
                0x23f039f4       0x30 build/lcdc_rgba888_mxt_9x60_wvga/debug/_ext/305146849/legato_color.o
                0x23f039f4                leColorChannelAlpha
 .text.leColorSwap
                0x23f03a24       0xa8 build/lcdc_rgba888_mxt_9x60_wvga/debug/_ext/305146849/legato_color.o
                0x23f03a24                leColorSwap
 .text.leScheme_GetRenderColor
                0x23f03acc       0x38 build/lcdc_rgba888_mxt_9x60_wvga/debug/_ext/1618192685/legato_scheme.o
                0x23f03acc                leScheme_GetRenderColor
 .text.leInput_Init
                0x23f03b04       0x2c build/lcdc_rgba888_mxt_9x60_wvga/debug/_ext/1618192685/legato_input.o
                0x23f03b04                leInput_Init
 .text.leInput_InjectTouchDown
                0x23f03b30       0xd8 build/lcdc_rgba888_mxt_9x60_wvga/debug/_ext/1618192685/legato_input.o
                0x23f03b30                leInput_InjectTouchDown
 .text.leInput_InjectTouchUp
                0x23f03c08       0xb4 build/lcdc_rgba888_mxt_9x60_wvga/debug/_ext/1618192685/legato_input.o
                0x23f03c08                leInput_InjectTouchUp
 .text.leInput_InjectTouchMoved
                0x23f03cbc      0x12c build/lcdc_rgba888_mxt_9x60_wvga/debug/_ext/1618192685/legato_input.o
                0x23f03cbc                leInput_InjectTouchMoved
 .text.handleTouchDown
                0x23f03de8      0x118 build/lcdc_rgba888_mxt_9x60_wvga/debug/_ext/1618192685/legato_input.o
                0x23f03de8                handleTouchDown
 .text.handleTouchUp
                0x23f03f00       0x70 build/lcdc_rgba888_mxt_9x60_wvga/debug/_ext/1618192685/legato_input.o
                0x23f03f00                handleTouchUp
 .text.handleTouchMoved
                0x23f03f70       0x70 build/lcdc_rgba888_mxt_9x60_wvga/debug/_ext/1618192685/legato_input.o
                0x23f03f70                handleTouchMoved
 .text._leInput_HandleInputEvent
                0x23f03fe0       0x40 build/lcdc_rgba888_mxt_9x60_wvga/debug/_ext/1618192685/legato_input.o
                0x23f03fe0                _leInput_HandleInputEvent
 .text._leGetEventState
                0x23f04020        0xc build/lcdc_rgba888_mxt_9x60_wvga/debug/_ext/1618192685/legato_event.o
                0x23f04020                _leGetEventState
 .text.leEvent_Init
                0x23f0402c       0x20 build/lcdc_rgba888_mxt_9x60_wvga/debug/_ext/1618192685/legato_event.o
                0x23f0402c                leEvent_Init
 .text.leEvent_AddEvent
                0x23f0404c       0x28 build/lcdc_rgba888_mxt_9x60_wvga/debug/_ext/1618192685/legato_event.o
                0x23f0404c                leEvent_AddEvent
 .text.leEvent_ProcessEvents
                0x23f04074       0xb4 build/lcdc_rgba888_mxt_9x60_wvga/debug/_ext/1618192685/legato_event.o
                0x23f04074                leEvent_ProcessEvents
 .text.leWidgetEvent_Accept
                0x23f04128       0x14 build/lcdc_rgba888_mxt_9x60_wvga/debug/_ext/1618192685/legato_event.o
                0x23f04128                leWidgetEvent_Accept
 .text.updateWidget
                0x23f0413c       0x4c build/lcdc_rgba888_mxt_9x60_wvga/debug/_ext/1618192685/legato_state.o
 .text.leGetState
                0x23f04188        0xc build/lcdc_rgba888_mxt_9x60_wvga/debug/_ext/1618192685/legato_state.o
                0x23f04188                leGetState
 .text.leAddLayer
                0x23f04194       0xb8 build/lcdc_rgba888_mxt_9x60_wvga/debug/_ext/1618192685/legato_state.o
                0x23f04194                leAddLayer
 .text.leInitialize
                0x23f0424c       0xa8 build/lcdc_rgba888_mxt_9x60_wvga/debug/_ext/1618192685/legato_state.o
                0x23f0424c                leInitialize
 .text.leGetLayerState
                0x23f042f4       0x50 build/lcdc_rgba888_mxt_9x60_wvga/debug/_ext/1618192685/legato_state.o
                0x23f042f4                leGetLayerState
 .text.leGetLayerColorMode
                0x23f04344       0x54 build/lcdc_rgba888_mxt_9x60_wvga/debug/_ext/1618192685/legato_state.o
                0x23f04344                leGetLayerColorMode
 .text.leGetLayerRenderHorizontal
                0x23f04398       0x54 build/lcdc_rgba888_mxt_9x60_wvga/debug/_ext/1618192685/legato_state.o
                0x23f04398                leGetLayerRenderHorizontal
 .text.leGetFocusWidget
                0x23f043ec       0x10 build/lcdc_rgba888_mxt_9x60_wvga/debug/_ext/1618192685/legato_state.o
                0x23f043ec                leGetFocusWidget
 .text.leSetFocusWidget
                0x23f043fc       0x84 build/lcdc_rgba888_mxt_9x60_wvga/debug/_ext/1618192685/legato_state.o
                0x23f043fc                leSetFocusWidget
 .text.leGetEditWidget
                0x23f04480       0x10 build/lcdc_rgba888_mxt_9x60_wvga/debug/_ext/1618192685/legato_state.o
                0x23f04480                leGetEditWidget
 .text.leSetEditWidget
                0x23f04490       0x84 build/lcdc_rgba888_mxt_9x60_wvga/debug/_ext/1618192685/legato_state.o
                0x23f04490                leSetEditWidget
 .text.leRedrawAll
                0x23f04514       0x50 build/lcdc_rgba888_mxt_9x60_wvga/debug/_ext/1618192685/legato_state.o
                0x23f04514                leRedrawAll
 .text.leSetLayerColorMode
                0x23f04564       0x74 build/lcdc_rgba888_mxt_9x60_wvga/debug/_ext/1618192685/legato_state.o
                0x23f04564                leSetLayerColorMode
 .text.leSetStringTable
                0x23f045d8       0x18 build/lcdc_rgba888_mxt_9x60_wvga/debug/_ext/1618192685/legato_state.o
                0x23f045d8                leSetStringTable
 .text.leIsDrawing
                0x23f045f0       0x14 build/lcdc_rgba888_mxt_9x60_wvga/debug/_ext/1618192685/legato_state.o
                0x23f045f0                leIsDrawing
 .text.leUpdate
                0x23f04604      0x114 build/lcdc_rgba888_mxt_9x60_wvga/debug/_ext/1618192685/legato_state.o
                0x23f04604                leUpdate
 .text.leAddRootWidget
                0x23f04718       0x68 build/lcdc_rgba888_mxt_9x60_wvga/debug/_ext/1618192685/legato_state.o
                0x23f04718                leAddRootWidget
 .text.leRemoveRootWidget
                0x23f04780       0x74 build/lcdc_rgba888_mxt_9x60_wvga/debug/_ext/1618192685/legato_state.o
                0x23f04780                leRemoveRootWidget
 .text.leGetWidgetLayer
                0x23f047f4       0x8c build/lcdc_rgba888_mxt_9x60_wvga/debug/_ext/1618192685/legato_state.o
                0x23f047f4                leGetWidgetLayer
 .text.leWidgetIsInScene
                0x23f04880       0x14 build/lcdc_rgba888_mxt_9x60_wvga/debug/_ext/1618192685/legato_state.o
                0x23f04880                leWidgetIsInScene
 .text.leList_Create
                0x23f04894       0x1c build/lcdc_rgba888_mxt_9x60_wvga/debug/_ext/109670485/legato_list.o
                0x23f04894                leList_Create
 .text.leList_PushBack
                0x23f048b0       0x68 build/lcdc_rgba888_mxt_9x60_wvga/debug/_ext/109670485/legato_list.o
                0x23f048b0                leList_PushBack
 .text.leList_Get
                0x23f04918       0x44 build/lcdc_rgba888_mxt_9x60_wvga/debug/_ext/109670485/legato_list.o
                0x23f04918                leList_Get
 .text.leList_Remove
                0x23f0495c       0xbc build/lcdc_rgba888_mxt_9x60_wvga/debug/_ext/109670485/legato_list.o
                0x23f0495c                leList_Remove
 .text.leList_Destroy
                0x23f04a18       0x4c build/lcdc_rgba888_mxt_9x60_wvga/debug/_ext/109670485/legato_list.o
                0x23f04a18                leList_Destroy
 .text._shuffleLeft
                0x23f04a64       0xac build/lcdc_rgba888_mxt_9x60_wvga/debug/_ext/109670485/legato_rectarray.o
 .text.leRectArray_Create
                0x23f04b10       0x1c build/lcdc_rgba888_mxt_9x60_wvga/debug/_ext/109670485/legato_rectarray.o
                0x23f04b10                leRectArray_Create
 .text.leRectArray_Resize
                0x23f04b2c       0x7c build/lcdc_rgba888_mxt_9x60_wvga/debug/_ext/109670485/legato_rectarray.o
                0x23f04b2c                leRectArray_Resize
 .text.leRectArray_PushBack
                0x23f04ba8       0x70 build/lcdc_rgba888_mxt_9x60_wvga/debug/_ext/109670485/legato_rectarray.o
                0x23f04ba8                leRectArray_PushBack
 .text.leRectArray_RemoveAt
                0x23f04c18       0x38 build/lcdc_rgba888_mxt_9x60_wvga/debug/_ext/109670485/legato_rectarray.o
                0x23f04c18                leRectArray_RemoveAt
 .text.leRectArray_Copy
                0x23f04c50       0x74 build/lcdc_rgba888_mxt_9x60_wvga/debug/_ext/109670485/legato_rectarray.o
                0x23f04c50                leRectArray_Copy
 .text.leRectArray_Clear
                0x23f04cc4       0x14 build/lcdc_rgba888_mxt_9x60_wvga/debug/_ext/109670485/legato_rectarray.o
                0x23f04cc4                leRectArray_Clear
 .text.leRectArray_Destroy
                0x23f04cd8       0x3c build/lcdc_rgba888_mxt_9x60_wvga/debug/_ext/109670485/legato_rectarray.o
                0x23f04cd8                leRectArray_Destroy
 .text.leRectArray_RemoveDuplicates
                0x23f04d14       0x90 build/lcdc_rgba888_mxt_9x60_wvga/debug/_ext/109670485/legato_rectarray.o
                0x23f04d14                leRectArray_RemoveDuplicates
 .text.leRectArray_SortBySize
                0x23f04da4       0xdc build/lcdc_rgba888_mxt_9x60_wvga/debug/_ext/109670485/legato_rectarray.o
                0x23f04da4                leRectArray_SortBySize
 .text.leRectArray_SortByX
                0x23f04e80       0xfc build/lcdc_rgba888_mxt_9x60_wvga/debug/_ext/109670485/legato_rectarray.o
                0x23f04e80                leRectArray_SortByX
 .text.leRectArray_SortByY
                0x23f04f7c       0xf4 build/lcdc_rgba888_mxt_9x60_wvga/debug/_ext/109670485/legato_rectarray.o
                0x23f04f7c                leRectArray_SortByY
 .text.leRectArray_MergeSimilar
                0x23f05070       0x98 build/lcdc_rgba888_mxt_9x60_wvga/debug/_ext/109670485/legato_rectarray.o
                0x23f05070                leRectArray_MergeSimilar
 .text.leRectArray_RemoveOverlapping
                0x23f05108       0x84 build/lcdc_rgba888_mxt_9x60_wvga/debug/_ext/109670485/legato_rectarray.o
                0x23f05108                leRectArray_RemoveOverlapping
 .text.leRectArray_PadRectangleWidth
                0x23f0518c      0x120 build/lcdc_rgba888_mxt_9x60_wvga/debug/_ext/109670485/legato_rectarray.o
                0x23f0518c                leRectArray_PadRectangleWidth
 .text.leRectArray_CropToSizeY
                0x23f052ac      0x130 build/lcdc_rgba888_mxt_9x60_wvga/debug/_ext/109670485/legato_rectarray.o
                0x23f052ac                leRectArray_CropToSizeY
 .text.leRectArray_CropToSizeX
                0x23f053dc      0x130 build/lcdc_rgba888_mxt_9x60_wvga/debug/_ext/109670485/legato_rectarray.o
                0x23f053dc                leRectArray_CropToSizeX
 .text._shuffleRight
                0x23f0550c       0x78 build/lcdc_rgba888_mxt_9x60_wvga/debug/_ext/109670485/legato_array.o
 .text._shuffleLeft
                0x23f05584       0x5c build/lcdc_rgba888_mxt_9x60_wvga/debug/_ext/109670485/legato_array.o
 .text.leArray_Create
                0x23f055e0       0x1c build/lcdc_rgba888_mxt_9x60_wvga/debug/_ext/109670485/legato_array.o
                0x23f055e0                leArray_Create
 .text.leArray_Resize
                0x23f055fc       0x70 build/lcdc_rgba888_mxt_9x60_wvga/debug/_ext/109670485/legato_array.o
                0x23f055fc                leArray_Resize
 .text.leArray_PushBack
                0x23f0566c       0x60 build/lcdc_rgba888_mxt_9x60_wvga/debug/_ext/109670485/legato_array.o
                0x23f0566c                leArray_PushBack
 .text.leArray_InsertAt
                0x23f056cc       0x9c build/lcdc_rgba888_mxt_9x60_wvga/debug/_ext/109670485/legato_array.o
                0x23f056cc                leArray_InsertAt
 .text.leArray_RemoveAt
                0x23f05768       0x38 build/lcdc_rgba888_mxt_9x60_wvga/debug/_ext/109670485/legato_array.o
                0x23f05768                leArray_RemoveAt
 .text.leArray_Get
                0x23f057a0       0x18 build/lcdc_rgba888_mxt_9x60_wvga/debug/_ext/109670485/legato_array.o
                0x23f057a0                leArray_Get
 .text.leArray_Find
                0x23f057b8       0x68 build/lcdc_rgba888_mxt_9x60_wvga/debug/_ext/109670485/legato_array.o
                0x23f057b8                leArray_Find
 .text.leArray_Remove
                0x23f05820       0x58 build/lcdc_rgba888_mxt_9x60_wvga/debug/_ext/109670485/legato_array.o
                0x23f05820                leArray_Remove
 .text.leArray_Clear
                0x23f05878       0x38 build/lcdc_rgba888_mxt_9x60_wvga/debug/_ext/109670485/legato_array.o
                0x23f05878                leArray_Clear
 .text.drawGlyphRow8bpp
                0x23f058b0       0xf4 build/lcdc_rgba888_mxt_9x60_wvga/debug/_ext/1618103421/legato_font.o
 .text.drawGlyphRow1bpp
                0x23f059a4       0xd0 build/lcdc_rgba888_mxt_9x60_wvga/debug/_ext/1618103421/legato_font.o
 .text.drawGlyphRow8bppMono
                0x23f05a74       0x5c build/lcdc_rgba888_mxt_9x60_wvga/debug/_ext/1618103421/legato_font.o
 .text.drawGlyphRow1bppMono
                0x23f05ad0       0x64 build/lcdc_rgba888_mxt_9x60_wvga/debug/_ext/1618103421/legato_font.o
 .text._drawUnknownGlyph
                0x23f05b34       0xf4 build/lcdc_rgba888_mxt_9x60_wvga/debug/_ext/1618103421/legato_font.o
 .text.leFont_GetGlyphInfo
                0x23f05c28       0xdc build/lcdc_rgba888_mxt_9x60_wvga/debug/_ext/1618103421/legato_font.o
                0x23f05c28                leFont_GetGlyphInfo
 .text.leFont_DrawGlyphData
                0x23f05d04      0x12c build/lcdc_rgba888_mxt_9x60_wvga/debug/_ext/1618103421/legato_font.o
                0x23f05d04                leFont_DrawGlyphData
 .text.leFont_DrawGlyphData_Lookup
                0x23f05e30      0x300 build/lcdc_rgba888_mxt_9x60_wvga/debug/_ext/1618103421/legato_font.o
                0x23f05e30                leFont_DrawGlyphData_Lookup
 .text.leFont_DrawGlyph
                0x23f06130       0xa4 build/lcdc_rgba888_mxt_9x60_wvga/debug/_ext/1618103421/legato_font.o
                0x23f06130                leFont_DrawGlyph
 .text.leFont_DrawGlyph_Lookup
                0x23f061d4       0xb4 build/lcdc_rgba888_mxt_9x60_wvga/debug/_ext/1618103421/legato_font.o
                0x23f061d4                leFont_DrawGlyph_Lookup
 .text.screenInit_Screen0
                0x23f06288       0x28 build/lcdc_rgba888_mxt_9x60_wvga/debug/_ext/534613472/le_gen_screen_Screen0.o
                0x23f06288                screenInit_Screen0
 .text.screenShow_Screen0
                0x23f062b0     0x1e54 build/lcdc_rgba888_mxt_9x60_wvga/debug/_ext/534613472/le_gen_screen_Screen0.o
                0x23f062b0                screenShow_Screen0
 .text.screenUpdate_Screen0
                0x23f08104       0x88 build/lcdc_rgba888_mxt_9x60_wvga/debug/_ext/534613472/le_gen_screen_Screen0.o
                0x23f08104                screenUpdate_Screen0
 .text.screenHide_Screen0
                0x23f0818c      0x284 build/lcdc_rgba888_mxt_9x60_wvga/debug/_ext/534613472/le_gen_screen_Screen0.o
                0x23f0818c                screenHide_Screen0
 .text.initializeStrings
                0x23f08410      0x148 build/lcdc_rgba888_mxt_9x60_wvga/debug/_ext/706129189/le_gen_stringtable.o
                0x23f08410                initializeStrings
 .text.legato_showScreen
                0x23f08558       0x1c build/lcdc_rgba888_mxt_9x60_wvga/debug/_ext/706129189/le_gen_init.o
                0x23f08558                legato_showScreen
 .text.legato_initializeScreenState
                0x23f08574       0x40 build/lcdc_rgba888_mxt_9x60_wvga/debug/_ext/706129189/le_gen_init.o
                0x23f08574                legato_initializeScreenState
 .text.legato_updateScreenState
                0x23f085b4       0x98 build/lcdc_rgba888_mxt_9x60_wvga/debug/_ext/706129189/le_gen_init.o
                0x23f085b4                legato_updateScreenState
 .text.touchMoveHandler
                0x23f0864c       0x18 build/lcdc_rgba888_mxt_9x60_wvga/debug/_ext/706129189/le_gen_harmony.o
 .text.touchUpHandler
                0x23f08664       0x18 build/lcdc_rgba888_mxt_9x60_wvga/debug/_ext/706129189/le_gen_harmony.o
 .text.touchDownHandler
                0x23f0867c       0x18 build/lcdc_rgba888_mxt_9x60_wvga/debug/_ext/706129189/le_gen_harmony.o
 .text.Legato_Initialize
                0x23f08694       0x98 build/lcdc_rgba888_mxt_9x60_wvga/debug/_ext/706129189/le_gen_harmony.o
                0x23f08694                Legato_Initialize
 .text.Legato_Tasks
                0x23f0872c       0x4c build/lcdc_rgba888_mxt_9x60_wvga/debug/_ext/706129189/le_gen_harmony.o
                0x23f0872c                Legato_Tasks
 .text._supportsImage
                0x23f08778       0x28 build/lcdc_rgba888_mxt_9x60_wvga/debug/_ext/2086705360/legato_imagedecoder_jpeg.o
 .text.internalMemoryRead
                0x23f087a0       0x48 build/lcdc_rgba888_mxt_9x60_wvga/debug/_ext/2086705360/legato_imagedecoder_jpeg.o
 .text.exec     0x23f087e8        0x8 build/lcdc_rgba888_mxt_9x60_wvga/debug/_ext/2086705360/legato_imagedecoder_jpeg.o
 .text._render  0x23f087f0      0x1f8 build/lcdc_rgba888_mxt_9x60_wvga/debug/_ext/2086705360/legato_imagedecoder_jpeg.o
 .text._draw    0x23f089e8      0x208 build/lcdc_rgba888_mxt_9x60_wvga/debug/_ext/2086705360/legato_imagedecoder_jpeg.o
 .text.blitToImage
                0x23f08bf0       0xa4 build/lcdc_rgba888_mxt_9x60_wvga/debug/_ext/2086705360/legato_imagedecoder_jpeg.o
 .text.blitToFrameBuffer
                0x23f08c94       0x98 build/lcdc_rgba888_mxt_9x60_wvga/debug/_ext/2086705360/legato_imagedecoder_jpeg.o
 .text._leJPEGImageDecoder_Init
                0x23f08d2c       0x5c build/lcdc_rgba888_mxt_9x60_wvga/debug/_ext/2086705360/legato_imagedecoder_jpeg.o
                0x23f08d2c                _leJPEGImageDecoder_Init
 .text.JPEG_wReadWord
                0x23f08d88       0x50 build/lcdc_rgba888_mxt_9x60_wvga/debug/_ext/2086705360/legato_imagedecoder_jpeg_common.o
 .text.JPEG_bReadByte
                0x23f08dd8       0x2c build/lcdc_rgba888_mxt_9x60_wvga/debug/_ext/2086705360/legato_imagedecoder_jpeg_common.o
 .text.JPEG_bGet1Bit
                0x23f08e04      0x154 build/lcdc_rgba888_mxt_9x60_wvga/debug/_ext/2086705360/legato_imagedecoder_jpeg_common.o
 .text.JPEG_wGetBits
                0x23f08f58       0x4c build/lcdc_rgba888_mxt_9x60_wvga/debug/_ext/2086705360/legato_imagedecoder_jpeg_common.o
 .text.JPEG_sGetBitsValue
                0x23f08fa4       0x50 build/lcdc_rgba888_mxt_9x60_wvga/debug/_ext/2086705360/legato_imagedecoder_jpeg_common.o
 .text.JPEG_bGetNextHuffByte
                0x23f08ff4       0x98 build/lcdc_rgba888_mxt_9x60_wvga/debug/_ext/2086705360/legato_imagedecoder_jpeg_common.o
 .text.JPEG_vResetDecoder
                0x23f0908c       0x20 build/lcdc_rgba888_mxt_9x60_wvga/debug/_ext/2086705360/legato_imagedecoder_jpeg_common.o
                0x23f0908c                JPEG_vResetDecoder
 .text.JPEG_bReadHeader
                0x23f090ac      0x7b8 build/lcdc_rgba888_mxt_9x60_wvga/debug/_ext/2086705360/legato_imagedecoder_jpeg_common.o
                0x23f090ac                JPEG_bReadHeader
 .text.JPEG_bGenerateHuffmanTables
                0x23f09864       0x90 build/lcdc_rgba888_mxt_9x60_wvga/debug/_ext/2086705360/legato_imagedecoder_jpeg_common.o
                0x23f09864                JPEG_bGenerateHuffmanTables
 .text.JPEG_bDecodeOneBlock
                0x23f098f4      0x26c build/lcdc_rgba888_mxt_9x60_wvga/debug/_ext/2086705360/legato_imagedecoder_jpeg_common.o
                0x23f098f4                JPEG_bDecodeOneBlock
 .text.JPEG_vInitDisplay
                0x23f09b60       0x10 build/lcdc_rgba888_mxt_9x60_wvga/debug/_ext/2086705360/legato_imagedecoder_jpeg_common.o
                0x23f09b60                JPEG_vInitDisplay
 .text.JPEG_bPaintOneBlock
                0x23f09b70      0x9a8 build/lcdc_rgba888_mxt_9x60_wvga/debug/_ext/2086705360/legato_imagedecoder_jpeg_common.o
                0x23f09b70                JPEG_bPaintOneBlock
 .text.jpeg_idct_islow_leg
                0x23f0a518      0x51c build/lcdc_rgba888_mxt_9x60_wvga/debug/_ext/2086705360/jidctint.o
                0x23f0a518                jpeg_idct_islow_leg
 .text.stage_decode
                0x23f0aa34       0x3c build/lcdc_rgba888_mxt_9x60_wvga/debug/_ext/2086794059/legato_imagedecoder_mono_read_internal.o
 .text._leMonoImageDecoder_ReadStage_Internal
                0x23f0aa70       0x30 build/lcdc_rgba888_mxt_9x60_wvga/debug/_ext/2086794059/legato_imagedecoder_mono_read_internal.o
                0x23f0aa70                _leMonoImageDecoder_ReadStage_Internal
 .text._supportsImage
                0x23f0aaa0       0x14 build/lcdc_rgba888_mxt_9x60_wvga/debug/_ext/2086794059/legato_imagedecoder_mono.o
 .text._decoderCleanup
                0x23f0aab4       0x64 build/lcdc_rgba888_mxt_9x60_wvga/debug/_ext/2086794059/legato_imagedecoder_mono.o
 .text._decoderExec
                0x23f0ab18       0x84 build/lcdc_rgba888_mxt_9x60_wvga/debug/_ext/2086794059/legato_imagedecoder_mono.o
 .text._decoderIsDone
                0x23f0ab9c       0x10 build/lcdc_rgba888_mxt_9x60_wvga/debug/_ext/2086794059/legato_imagedecoder_mono.o
 .text.stage_sourceIterateSetup
                0x23f0abac       0xb4 build/lcdc_rgba888_mxt_9x60_wvga/debug/_ext/2086794059/legato_imagedecoder_mono.o
 .text.stage_FrameBufferWrite
                0x23f0ac60       0x20 build/lcdc_rgba888_mxt_9x60_wvga/debug/_ext/2086794059/legato_imagedecoder_mono.o
 .text.stage_ImageWrite
                0x23f0ac80       0x28 build/lcdc_rgba888_mxt_9x60_wvga/debug/_ext/2086794059/legato_imagedecoder_mono.o
 .text._leMonoImageDecoder_Init
                0x23f0aca8       0x84 build/lcdc_rgba888_mxt_9x60_wvga/debug/_ext/2086794059/legato_imagedecoder_mono.o
                0x23f0aca8                _leMonoImageDecoder_Init
 .text._leMonoImageDecoder_InjectStage
                0x23f0ad2c       0x38 build/lcdc_rgba888_mxt_9x60_wvga/debug/_ext/2086794059/legato_imagedecoder_mono.o
                0x23f0ad2c                _leMonoImageDecoder_InjectStage
 .text._leMonoImageDecoder_SourceIterateSetupStage
                0x23f0ad64       0x38 build/lcdc_rgba888_mxt_9x60_wvga/debug/_ext/2086794059/legato_imagedecoder_mono.o
                0x23f0ad64                _leMonoImageDecoder_SourceIterateSetupStage
 .text._leMonoImageDecoder_FrameBufferWriteStage
                0x23f0ad9c       0x30 build/lcdc_rgba888_mxt_9x60_wvga/debug/_ext/2086794059/legato_imagedecoder_mono.o
                0x23f0ad9c                _leMonoImageDecoder_FrameBufferWriteStage
 .text._draw    0x23f0adcc      0x154 build/lcdc_rgba888_mxt_9x60_wvga/debug/_ext/2086794059/legato_imagedecoder_mono.o
 .text._leMonoImageDecoder_ImageWriteStage
                0x23f0af20       0x30 build/lcdc_rgba888_mxt_9x60_wvga/debug/_ext/2086794059/legato_imagedecoder_mono.o
                0x23f0af20                _leMonoImageDecoder_ImageWriteStage
 .text._copy    0x23f0af50      0x190 build/lcdc_rgba888_mxt_9x60_wvga/debug/_ext/2086794059/legato_imagedecoder_mono.o
 .text.readBitsFromStream
                0x23f0b0e0       0x50 build/lcdc_rgba888_mxt_9x60_wvga/debug/_ext/1872343871/lodepng.o
 .text.huffmanDecodeSymbol
                0x23f0b130       0x64 build/lcdc_rgba888_mxt_9x60_wvga/debug/_ext/1872343871/lodepng.o
 .text.readBitFromReversedStream
                0x23f0b194       0x24 build/lcdc_rgba888_mxt_9x60_wvga/debug/_ext/1872343871/lodepng.o
 .text.readBitsFromReversedStream
                0x23f0b1b8       0x48 build/lcdc_rgba888_mxt_9x60_wvga/debug/_ext/1872343871/lodepng.o
 .text.getNumColorChannels
                0x23f0b200       0x50 build/lcdc_rgba888_mxt_9x60_wvga/debug/_ext/1872343871/lodepng.o
 .text.lodepng_color_mode_equal
                0x23f0b250      0x120 build/lcdc_rgba888_mxt_9x60_wvga/debug/_ext/1872343871/lodepng.o
 .text.addColorBits
                0x23f0b370       0x50 build/lcdc_rgba888_mxt_9x60_wvga/debug/_ext/1872343871/lodepng.o
 .text.getPixelColorsRGBA8
                0x23f0b3c0      0x51c build/lcdc_rgba888_mxt_9x60_wvga/debug/_ext/1872343871/lodepng.o
 .text.Adam7_getpassvalues
                0x23f0b8dc      0x188 build/lcdc_rgba888_mxt_9x60_wvga/debug/_ext/1872343871/lodepng.o
 .text.unfilter
                0x23f0ba64      0x400 build/lcdc_rgba888_mxt_9x60_wvga/debug/_ext/1872343871/lodepng.o
 .text.removePaddingBits
                0x23f0be64       0xa4 build/lcdc_rgba888_mxt_9x60_wvga/debug/_ext/1872343871/lodepng.o
 .text.ucvector_reserve
                0x23f0bf08       0x58 build/lcdc_rgba888_mxt_9x60_wvga/debug/_ext/1872343871/lodepng.o
 .text.ucvector_resize
                0x23f0bf60       0x20 build/lcdc_rgba888_mxt_9x60_wvga/debug/_ext/1872343871/lodepng.o
 .text.ucvector_push_back
                0x23f0bf80       0x34 build/lcdc_rgba888_mxt_9x60_wvga/debug/_ext/1872343871/lodepng.o
 .text.color_tree_cleanup
                0x23f0bfb4       0x34 build/lcdc_rgba888_mxt_9x60_wvga/debug/_ext/1872343871/lodepng.o
 .text.LodePNGIText_cleanup
                0x23f0bfe8       0x90 build/lcdc_rgba888_mxt_9x60_wvga/debug/_ext/1872343871/lodepng.o
 .text.LodePNGText_cleanup
                0x23f0c078       0x60 build/lcdc_rgba888_mxt_9x60_wvga/debug/_ext/1872343871/lodepng.o
 .text.HuffmanTree_cleanup
                0x23f0c0d8       0x24 build/lcdc_rgba888_mxt_9x60_wvga/debug/_ext/1872343871/lodepng.o
 .text.string_set
                0x23f0c0fc       0x68 build/lcdc_rgba888_mxt_9x60_wvga/debug/_ext/1872343871/lodepng.o
 .text.string_init
                0x23f0c164       0x2c build/lcdc_rgba888_mxt_9x60_wvga/debug/_ext/1872343871/lodepng.o
 .text.uivector_reserve
                0x23f0c190       0x58 build/lcdc_rgba888_mxt_9x60_wvga/debug/_ext/1872343871/lodepng.o
 .text.HuffmanTree_makeFromLengths
                0x23f0c1e8      0x424 build/lcdc_rgba888_mxt_9x60_wvga/debug/_ext/1872343871/lodepng.o
 .text.lodepng_read32bitInt
                0x23f0c60c       0x24 build/lcdc_rgba888_mxt_9x60_wvga/debug/_ext/1872343871/lodepng.o
                0x23f0c60c                lodepng_read32bitInt
 .text.lodepng_inflate
                0x23f0c630      0x990 build/lcdc_rgba888_mxt_9x60_wvga/debug/_ext/1872343871/lodepng.o
                0x23f0c630                lodepng_inflate
 .text.lodepng_zlib_decompress
                0x23f0cfc0      0x198 build/lcdc_rgba888_mxt_9x60_wvga/debug/_ext/1872343871/lodepng.o
                0x23f0cfc0                lodepng_zlib_decompress
 .text.zlib_decompress
                0x23f0d158       0x34 build/lcdc_rgba888_mxt_9x60_wvga/debug/_ext/1872343871/lodepng.o
 .text.lodepng_crc32
                0x23f0d18c       0x4c build/lcdc_rgba888_mxt_9x60_wvga/debug/_ext/1872343871/lodepng.o
                0x23f0d18c                lodepng_crc32
 .text.lodepng_chunk_type_equals
                0x23f0d1d8       0x80 build/lcdc_rgba888_mxt_9x60_wvga/debug/_ext/1872343871/lodepng.o
                0x23f0d1d8                lodepng_chunk_type_equals
 .text.lodepng_chunk_check_crc
                0x23f0d258       0x38 build/lcdc_rgba888_mxt_9x60_wvga/debug/_ext/1872343871/lodepng.o
                0x23f0d258                lodepng_chunk_check_crc
 .text.lodepng_chunk_next_const
                0x23f0d290       0x18 build/lcdc_rgba888_mxt_9x60_wvga/debug/_ext/1872343871/lodepng.o
                0x23f0d290                lodepng_chunk_next_const
 .text.lodepng_chunk_append
                0x23f0d2a8       0xa4 build/lcdc_rgba888_mxt_9x60_wvga/debug/_ext/1872343871/lodepng.o
                0x23f0d2a8                lodepng_chunk_append
 .text.lodepng_color_mode_init
                0x23f0d34c       0x30 build/lcdc_rgba888_mxt_9x60_wvga/debug/_ext/1872343871/lodepng.o
                0x23f0d34c                lodepng_color_mode_init
 .text.lodepng_palette_clear
                0x23f0d37c       0x28 build/lcdc_rgba888_mxt_9x60_wvga/debug/_ext/1872343871/lodepng.o
                0x23f0d37c                lodepng_palette_clear
 .text.lodepng_color_mode_copy
                0x23f0d3a4       0x98 build/lcdc_rgba888_mxt_9x60_wvga/debug/_ext/1872343871/lodepng.o
                0x23f0d3a4                lodepng_color_mode_copy
 .text.lodepng_get_bpp
                0x23f0d43c       0x1c build/lcdc_rgba888_mxt_9x60_wvga/debug/_ext/1872343871/lodepng.o
                0x23f0d43c                lodepng_get_bpp
 .text.lodepng_get_raw_size_idat
                0x23f0d458       0x34 build/lcdc_rgba888_mxt_9x60_wvga/debug/_ext/1872343871/lodepng.o
 .text.lodepng_get_raw_size
                0x23f0d48c       0x38 build/lcdc_rgba888_mxt_9x60_wvga/debug/_ext/1872343871/lodepng.o
                0x23f0d48c                lodepng_get_raw_size
 .text.lodepng_add_text
                0x23f0d4c4       0xcc build/lcdc_rgba888_mxt_9x60_wvga/debug/_ext/1872343871/lodepng.o
                0x23f0d4c4                lodepng_add_text
 .text.lodepng_add_itext
                0x23f0d590      0x17c build/lcdc_rgba888_mxt_9x60_wvga/debug/_ext/1872343871/lodepng.o
                0x23f0d590                lodepng_add_itext
 .text.lodepng_info_init
                0x23f0d70c       0x74 build/lcdc_rgba888_mxt_9x60_wvga/debug/_ext/1872343871/lodepng.o
                0x23f0d70c                lodepng_info_init
 .text.lodepng_info_cleanup
                0x23f0d780       0x3c build/lcdc_rgba888_mxt_9x60_wvga/debug/_ext/1872343871/lodepng.o
                0x23f0d780                lodepng_info_cleanup
 .text.lodepng_convert
                0x23f0d7bc      0xb88 build/lcdc_rgba888_mxt_9x60_wvga/debug/_ext/1872343871/lodepng.o
                0x23f0d7bc                lodepng_convert
 .text.lodepng_inspect
                0x23f0e344      0x290 build/lcdc_rgba888_mxt_9x60_wvga/debug/_ext/1872343871/lodepng.o
                0x23f0e344                lodepng_inspect
 .text.lodepng_decode
                0x23f0e5d4     0x171c build/lcdc_rgba888_mxt_9x60_wvga/debug/_ext/1872343871/lodepng.o
                0x23f0e5d4                lodepng_decode
 .text.lodepng_decoder_settings_init
                0x23f0fcf0       0x2c build/lcdc_rgba888_mxt_9x60_wvga/debug/_ext/1872343871/lodepng.o
                0x23f0fcf0                lodepng_decoder_settings_init
 .text.lodepng_state_init
                0x23f0fd1c       0x28 build/lcdc_rgba888_mxt_9x60_wvga/debug/_ext/1872343871/lodepng.o
                0x23f0fd1c                lodepng_state_init
 .text.lodepng_state_cleanup
                0x23f0fd44       0x1c build/lcdc_rgba888_mxt_9x60_wvga/debug/_ext/1872343871/lodepng.o
                0x23f0fd44                lodepng_state_cleanup
 .text.lodepng_decode_memory
                0x23f0fd60       0x68 build/lcdc_rgba888_mxt_9x60_wvga/debug/_ext/1872343871/lodepng.o
                0x23f0fd60                lodepng_decode_memory
 .text._supportsImage
                0x23f0fdc8       0x28 build/lcdc_rgba888_mxt_9x60_wvga/debug/_ext/1872343871/legato_imagedecoder_png.o
 .text._decoderCleanup
                0x23f0fdf0        0x4 build/lcdc_rgba888_mxt_9x60_wvga/debug/_ext/1872343871/legato_imagedecoder_png.o
 .text._decoderExec
                0x23f0fdf4        0x8 build/lcdc_rgba888_mxt_9x60_wvga/debug/_ext/1872343871/legato_imagedecoder_png.o
 .text._decoderIsDone
                0x23f0fdfc        0x8 build/lcdc_rgba888_mxt_9x60_wvga/debug/_ext/1872343871/legato_imagedecoder_png.o
 .text._render  0x23f0fe04       0xf4 build/lcdc_rgba888_mxt_9x60_wvga/debug/_ext/1872343871/legato_imagedecoder_png.o
 .text._draw    0x23f0fef8      0x1f0 build/lcdc_rgba888_mxt_9x60_wvga/debug/_ext/1872343871/legato_imagedecoder_png.o
 .text._lePNGImageDecoder_Init
                0x23f100e8       0x6c build/lcdc_rgba888_mxt_9x60_wvga/debug/_ext/1872343871/legato_imagedecoder_png.o
                0x23f100e8                _lePNGImageDecoder_Init
 .text.stage_decode
                0x23f10154       0x74 build/lcdc_rgba888_mxt_9x60_wvga/debug/_ext/1872342336/legato_imagedecoder_raw_read_internal.o
 .text.rleRandomDecode
                0x23f101c8       0x54 build/lcdc_rgba888_mxt_9x60_wvga/debug/_ext/1872342336/legato_imagedecoder_raw_read_internal.o
 .text.rleSequentialDecode
                0x23f1021c       0x48 build/lcdc_rgba888_mxt_9x60_wvga/debug/_ext/1872342336/legato_imagedecoder_raw_read_internal.o
 .text.colorDecode
                0x23f10264       0x34 build/lcdc_rgba888_mxt_9x60_wvga/debug/_ext/1872342336/legato_imagedecoder_raw_read_internal.o
 .text.indexRLERandomDecode
                0x23f10298       0x80 build/lcdc_rgba888_mxt_9x60_wvga/debug/_ext/1872342336/legato_imagedecoder_raw_read_internal.o
 .text.indexRLESequentialDecode
                0x23f10318       0x74 build/lcdc_rgba888_mxt_9x60_wvga/debug/_ext/1872342336/legato_imagedecoder_raw_read_internal.o
 .text.indexDecode
                0x23f1038c       0x30 build/lcdc_rgba888_mxt_9x60_wvga/debug/_ext/1872342336/legato_imagedecoder_raw_read_internal.o
 .text._leRawImageDecoder_ReadStage_Internal
                0x23f103bc      0x100 build/lcdc_rgba888_mxt_9x60_wvga/debug/_ext/1872342336/legato_imagedecoder_raw_read_internal.o
                0x23f103bc                _leRawImageDecoder_ReadStage_Internal
 .text.stage_postRead
                0x23f104bc       0x14 build/lcdc_rgba888_mxt_9x60_wvga/debug/_ext/1872342336/legato_imagedecoder_raw_scale.o
 .text.stage_scaledNearestNeighborPreRead
                0x23f104d0       0xc4 build/lcdc_rgba888_mxt_9x60_wvga/debug/_ext/1872342336/legato_imagedecoder_raw_scale.o
 .text.stage_bilinearPreRead
                0x23f10594      0x164 build/lcdc_rgba888_mxt_9x60_wvga/debug/_ext/1872342336/legato_imagedecoder_raw_scale.o
 .text.stage_scaledBilinearPostRead
                0x23f106f8       0x8c build/lcdc_rgba888_mxt_9x60_wvga/debug/_ext/1872342336/legato_imagedecoder_raw_scale.o
 .text._leRawImageDecoder_ScaleNearestNeighborPreReadStage
                0x23f10784       0x6c build/lcdc_rgba888_mxt_9x60_wvga/debug/_ext/1872342336/legato_imagedecoder_raw_scale.o
                0x23f10784                _leRawImageDecoder_ScaleNearestNeighborPreReadStage
 .text._leRawImageDecoder_ScaleBilinearPreReadStage
                0x23f107f0       0x74 build/lcdc_rgba888_mxt_9x60_wvga/debug/_ext/1872342336/legato_imagedecoder_raw_scale.o
                0x23f107f0                _leRawImageDecoder_ScaleBilinearPreReadStage
 .text._leRawImageDecoder_PostReadStage
                0x23f10864       0x30 build/lcdc_rgba888_mxt_9x60_wvga/debug/_ext/1872342336/legato_imagedecoder_raw_scale.o
                0x23f10864                _leRawImageDecoder_PostReadStage
 .text._leRawImageDecoder_ScaleBilinearPostReadStage
                0x23f10894       0x30 build/lcdc_rgba888_mxt_9x60_wvga/debug/_ext/1872342336/legato_imagedecoder_raw_scale.o
                0x23f10894                _leRawImageDecoder_ScaleBilinearPostReadStage
 .text._supportsImage
                0x23f108c4       0x14 build/lcdc_rgba888_mxt_9x60_wvga/debug/_ext/1872342336/legato_imagedecoder_raw.o
 .text._decoderCleanup
                0x23f108d8       0x64 build/lcdc_rgba888_mxt_9x60_wvga/debug/_ext/1872342336/legato_imagedecoder_raw.o
 .text._decoderExec
                0x23f1093c       0x84 build/lcdc_rgba888_mxt_9x60_wvga/debug/_ext/1872342336/legato_imagedecoder_raw.o
 .text._decoderIsDone
                0x23f109c0       0x10 build/lcdc_rgba888_mxt_9x60_wvga/debug/_ext/1872342336/legato_imagedecoder_raw.o
 .text._initReadStage
                0x23f109d0       0x1c build/lcdc_rgba888_mxt_9x60_wvga/debug/_ext/1872342336/legato_imagedecoder_raw.o
 .text._initMaskStage
                0x23f109ec       0x24 build/lcdc_rgba888_mxt_9x60_wvga/debug/_ext/1872342336/legato_imagedecoder_raw.o
 .text._initBlendStage
                0x23f10a10       0x44 build/lcdc_rgba888_mxt_9x60_wvga/debug/_ext/1872342336/legato_imagedecoder_raw.o
 .text._initConvertStage
                0x23f10a54       0x4c build/lcdc_rgba888_mxt_9x60_wvga/debug/_ext/1872342336/legato_imagedecoder_raw.o
 .text._rotateDraw
                0x23f10aa0      0x2b0 build/lcdc_rgba888_mxt_9x60_wvga/debug/_ext/1872342336/legato_imagedecoder_raw.o
 .text._rotate  0x23f10d50      0x2f4 build/lcdc_rgba888_mxt_9x60_wvga/debug/_ext/1872342336/legato_imagedecoder_raw.o
 .text._resizeDraw
                0x23f11044      0x294 build/lcdc_rgba888_mxt_9x60_wvga/debug/_ext/1872342336/legato_imagedecoder_raw.o
 .text._resize  0x23f112d8      0x238 build/lcdc_rgba888_mxt_9x60_wvga/debug/_ext/1872342336/legato_imagedecoder_raw.o
 .text._copy    0x23f11510      0x1b8 build/lcdc_rgba888_mxt_9x60_wvga/debug/_ext/1872342336/legato_imagedecoder_raw.o
 .text._initLookupStage
                0x23f116c8       0x4c build/lcdc_rgba888_mxt_9x60_wvga/debug/_ext/1872342336/legato_imagedecoder_raw.o
 .text._render  0x23f11714      0x260 build/lcdc_rgba888_mxt_9x60_wvga/debug/_ext/1872342336/legato_imagedecoder_raw.o
 .text._draw    0x23f11974      0x2f4 build/lcdc_rgba888_mxt_9x60_wvga/debug/_ext/1872342336/legato_imagedecoder_raw.o
 .text._leRawImageDecoder_Init
                0x23f11c68       0xa8 build/lcdc_rgba888_mxt_9x60_wvga/debug/_ext/1872342336/legato_imagedecoder_raw.o
                0x23f11c68                _leRawImageDecoder_Init
 .text._leRawImageDecoder_InjectStage
                0x23f11d10       0x38 build/lcdc_rgba888_mxt_9x60_wvga/debug/_ext/1872342336/legato_imagedecoder_raw.o
                0x23f11d10                _leRawImageDecoder_InjectStage
 .text.stage_rotateNearestNeighborPreRead
                0x23f11d48      0x120 build/lcdc_rgba888_mxt_9x60_wvga/debug/_ext/1872342336/legato_imagedecoder_raw_rotate.o
 .text.stage_bilinearPreRead
                0x23f11e68      0x20c build/lcdc_rgba888_mxt_9x60_wvga/debug/_ext/1872342336/legato_imagedecoder_raw_rotate.o
 .text.stage_rotateBilinearPostRead
                0x23f12074       0x60 build/lcdc_rgba888_mxt_9x60_wvga/debug/_ext/1872342336/legato_imagedecoder_raw_rotate.o
 .text._leRawImageDecoder_RotateNearestNeighborPreReadStage
                0x23f120d4       0x30 build/lcdc_rgba888_mxt_9x60_wvga/debug/_ext/1872342336/legato_imagedecoder_raw_rotate.o
                0x23f120d4                _leRawImageDecoder_RotateNearestNeighborPreReadStage
 .text._leRawImageDecoder_RotateBilinearPreReadStage
                0x23f12104       0x38 build/lcdc_rgba888_mxt_9x60_wvga/debug/_ext/1872342336/legato_imagedecoder_raw_rotate.o
                0x23f12104                _leRawImageDecoder_RotateBilinearPreReadStage
 .text._leRawImageDecoder_RotateBilinearPostReadStage
                0x23f1213c       0x30 build/lcdc_rgba888_mxt_9x60_wvga/debug/_ext/1872342336/legato_imagedecoder_raw_rotate.o
                0x23f1213c                _leRawImageDecoder_RotateBilinearPostReadStage
 .text.stage_rejectMaskedColor
                0x23f1216c       0x24 build/lcdc_rgba888_mxt_9x60_wvga/debug/_ext/1872342336/legato_imagedecoder_raw_mask.o
 .text._leRawImageDecoder_MaskStage_Internal
                0x23f12190       0x30 build/lcdc_rgba888_mxt_9x60_wvga/debug/_ext/1872342336/legato_imagedecoder_raw_mask.o
                0x23f12190                _leRawImageDecoder_MaskStage_Internal
 .text.stage_FrameBufferWrite
                0x23f121c0       0x24 build/lcdc_rgba888_mxt_9x60_wvga/debug/_ext/1872342336/legato_imagedecoder_raw_write.o
 .text.stage_ImageWrite
                0x23f121e4       0x28 build/lcdc_rgba888_mxt_9x60_wvga/debug/_ext/1872342336/legato_imagedecoder_raw_write.o
 .text._leRawImageDecoder_FrameBufferWriteStage
                0x23f1220c       0x30 build/lcdc_rgba888_mxt_9x60_wvga/debug/_ext/1872342336/legato_imagedecoder_raw_write.o
                0x23f1220c                _leRawImageDecoder_FrameBufferWriteStage
 .text._leRawImageDecoder_ImageWriteStage
                0x23f1223c       0x30 build/lcdc_rgba888_mxt_9x60_wvga/debug/_ext/1872342336/legato_imagedecoder_raw_write.o
                0x23f1223c                _leRawImageDecoder_ImageWriteStage
 .text.stage_imageRenderPostLookup
                0x23f1226c       0x48 build/lcdc_rgba888_mxt_9x60_wvga/debug/_ext/1872342336/legato_imagedecoder_raw_palette_internal.o
 .text.stage_lookup
                0x23f122b4       0x40 build/lcdc_rgba888_mxt_9x60_wvga/debug/_ext/1872342336/legato_imagedecoder_raw_palette_internal.o
 .text._leRawImageDecoder_LookupStage_Internal
                0x23f122f4       0x54 build/lcdc_rgba888_mxt_9x60_wvga/debug/_ext/1872342336/legato_imagedecoder_raw_palette_internal.o
                0x23f122f4                _leRawImageDecoder_LookupStage_Internal
 .text._leRawImageDecoder_ImageRenderPostLookupStage
                0x23f12348       0x38 build/lcdc_rgba888_mxt_9x60_wvga/debug/_ext/1872342336/legato_imagedecoder_raw_palette_internal.o
                0x23f12348                _leRawImageDecoder_ImageRenderPostLookupStage
 .text.stage_sourceIterateSetup
                0x23f12380       0xb4 build/lcdc_rgba888_mxt_9x60_wvga/debug/_ext/1872342336/legato_imagedecoder_raw_setup.o
 .text.stage_targetIterateSetup
                0x23f12434       0x94 build/lcdc_rgba888_mxt_9x60_wvga/debug/_ext/1872342336/legato_imagedecoder_raw_setup.o
 .text._leRawImageDecoder_SourceIterateSetupStage
                0x23f124c8       0x38 build/lcdc_rgba888_mxt_9x60_wvga/debug/_ext/1872342336/legato_imagedecoder_raw_setup.o
                0x23f124c8                _leRawImageDecoder_SourceIterateSetupStage
 .text._leRawImageDecoder_TargetIterateSetupStage
                0x23f12500       0x38 build/lcdc_rgba888_mxt_9x60_wvga/debug/_ext/1872342336/legato_imagedecoder_raw_setup.o
                0x23f12500                _leRawImageDecoder_TargetIterateSetupStage
 .text.stage_BlendRGBA5551
                0x23f12538       0x1c build/lcdc_rgba888_mxt_9x60_wvga/debug/_ext/1872342336/legato_imagedecoder_raw_blend.o
 .text.stage_BlendARGB8888
                0x23f12554       0x70 build/lcdc_rgba888_mxt_9x60_wvga/debug/_ext/1872342336/legato_imagedecoder_raw_blend.o
 .text.stage_BlendRGBA8888
                0x23f125c4       0x70 build/lcdc_rgba888_mxt_9x60_wvga/debug/_ext/1872342336/legato_imagedecoder_raw_blend.o
 .text._leRawImageDecoder_BlendStage_Internal
                0x23f12634       0xb0 build/lcdc_rgba888_mxt_9x60_wvga/debug/_ext/1872342336/legato_imagedecoder_raw_blend.o
                0x23f12634                _leRawImageDecoder_BlendStage_Internal
 .text.stage_convertColor
                0x23f126e4       0x2c build/lcdc_rgba888_mxt_9x60_wvga/debug/_ext/1872342336/legato_imagedecoder_raw_convert.o
 .text._leRawImageDecoder_ConvertStage
                0x23f12710       0x90 build/lcdc_rgba888_mxt_9x60_wvga/debug/_ext/1872342336/legato_imagedecoder_raw_convert.o
                0x23f12710                _leRawImageDecoder_ConvertStage
 .text.leImage_InitDecoders
                0x23f127a0       0x30 build/lcdc_rgba888_mxt_9x60_wvga/debug/_ext/1381099687/legato_image.o
                0x23f127a0                leImage_InitDecoders
 .text.leImage_Create
                0x23f127d0       0x94 build/lcdc_rgba888_mxt_9x60_wvga/debug/_ext/1381099687/legato_image.o
                0x23f127d0                leImage_Create
 .text.leImage_Allocate
                0x23f12864       0xb4 build/lcdc_rgba888_mxt_9x60_wvga/debug/_ext/1381099687/legato_image.o
                0x23f12864                leImage_Allocate
 .text.leImage_Draw
                0x23f12918       0xd4 build/lcdc_rgba888_mxt_9x60_wvga/debug/_ext/1381099687/legato_image.o
                0x23f12918                leImage_Draw
 .text.getDiscreteValueAtIndex1
                0x23f129ec       0x18 build/lcdc_rgba888_mxt_9x60_wvga/debug/_ext/1381099687/legato_image_utils.o
 .text.getDiscreteValueAtIndex4
                0x23f12a04       0x10 build/lcdc_rgba888_mxt_9x60_wvga/debug/_ext/1381099687/legato_image_utils.o
 .text.getDiscreteValueAtIndex8
                0x23f12a14        0x8 build/lcdc_rgba888_mxt_9x60_wvga/debug/_ext/1381099687/legato_image_utils.o
 .text.calcOffset1bpp
                0x23f12a1c        0x8 build/lcdc_rgba888_mxt_9x60_wvga/debug/_ext/1381099687/legato_image_utils.o
 .text.calcOffset4bpp
                0x23f12a24        0x8 build/lcdc_rgba888_mxt_9x60_wvga/debug/_ext/1381099687/legato_image_utils.o
 .text.calcOffset8bpp
                0x23f12a2c        0x4 build/lcdc_rgba888_mxt_9x60_wvga/debug/_ext/1381099687/legato_image_utils.o
 .text.calcOffset16bpp
                0x23f12a30        0x8 build/lcdc_rgba888_mxt_9x60_wvga/debug/_ext/1381099687/legato_image_utils.o
 .text.calcOffset24bpp
                0x23f12a38        0x8 build/lcdc_rgba888_mxt_9x60_wvga/debug/_ext/1381099687/legato_image_utils.o
 .text.calcOffset32bpp
                0x23f12a40        0x8 build/lcdc_rgba888_mxt_9x60_wvga/debug/_ext/1381099687/legato_image_utils.o
 .text.leGetRLEDataAtIndex
                0x23f12a48       0xd8 build/lcdc_rgba888_mxt_9x60_wvga/debug/_ext/1381099687/legato_image_utils.o
                0x23f12a48                leGetRLEDataAtIndex
 .text.leGetDiscreteValueAtIndex
                0x23f12b20       0x18 build/lcdc_rgba888_mxt_9x60_wvga/debug/_ext/1381099687/legato_image_utils.o
                0x23f12b20                leGetDiscreteValueAtIndex
 .text.leGetOffsetFromIndexAndBPP
                0x23f12b38       0x18 build/lcdc_rgba888_mxt_9x60_wvga/debug/_ext/1381099687/legato_image_utils.o
                0x23f12b38                leGetOffsetFromIndexAndBPP
 .text.leFixedHeap_Init
                0x23f12b50       0xb0 build/lcdc_rgba888_mxt_9x60_wvga/debug/_ext/28088523/legato_fixedheap.o
                0x23f12b50                leFixedHeap_Init
 .text.leFixedHeap_Alloc
                0x23f12c00       0x48 build/lcdc_rgba888_mxt_9x60_wvga/debug/_ext/28088523/legato_fixedheap.o
                0x23f12c00                leFixedHeap_Alloc
 .text.leFixedHeap_Free
                0x23f12c48       0x1c build/lcdc_rgba888_mxt_9x60_wvga/debug/_ext/28088523/legato_fixedheap.o
                0x23f12c48                leFixedHeap_Free
 .text.leFixedHeap_Contains
                0x23f12c64       0x60 build/lcdc_rgba888_mxt_9x60_wvga/debug/_ext/28088523/legato_fixedheap.o
                0x23f12c64                leFixedHeap_Contains
 .text._fixedHeapAlloc
                0x23f12cc4       0x60 build/lcdc_rgba888_mxt_9x60_wvga/debug/_ext/28088523/legato_memory.o
 .text._findFixedHeapForPointer
                0x23f12d24       0x5c build/lcdc_rgba888_mxt_9x60_wvga/debug/_ext/28088523/legato_memory.o
 .text.leMemory_Init
                0x23f12d80       0xb0 build/lcdc_rgba888_mxt_9x60_wvga/debug/_ext/28088523/legato_memory.o
                0x23f12d80                leMemory_Init
 .text.leMalloc
                0x23f12e30       0x28 build/lcdc_rgba888_mxt_9x60_wvga/debug/_ext/28088523/legato_memory.o
                0x23f12e30                leMalloc
 .text.leFree   0x23f12e58       0x6c build/lcdc_rgba888_mxt_9x60_wvga/debug/_ext/28088523/legato_memory.o
                0x23f12e58                leFree
 .text.leRealloc
                0x23f12ec4      0x25c build/lcdc_rgba888_mxt_9x60_wvga/debug/_ext/28088523/legato_memory.o
                0x23f12ec4                leRealloc
 .text._insertIntoList
                0x23f13120       0x84 build/lcdc_rgba888_mxt_9x60_wvga/debug/_ext/28088523/legato_variableheap.o
 .text._removeFromList
                0x23f131a4       0x38 build/lcdc_rgba888_mxt_9x60_wvga/debug/_ext/28088523/legato_variableheap.o
 .text._findPreviousBlock
                0x23f131dc       0xa0 build/lcdc_rgba888_mxt_9x60_wvga/debug/_ext/28088523/legato_variableheap.o
 .text._findNextBlock
                0x23f1327c       0x74 build/lcdc_rgba888_mxt_9x60_wvga/debug/_ext/28088523/legato_variableheap.o
 .text._canSplit
                0x23f132f0       0x3c build/lcdc_rgba888_mxt_9x60_wvga/debug/_ext/28088523/legato_variableheap.o
 .text._combineFreeBlockNext
                0x23f1332c       0x7c build/lcdc_rgba888_mxt_9x60_wvga/debug/_ext/28088523/legato_variableheap.o
 .text._growAllocBlock
                0x23f133a8      0x104 build/lcdc_rgba888_mxt_9x60_wvga/debug/_ext/28088523/legato_variableheap.o
 .text.leVariableHeap_Init
                0x23f134ac       0x58 build/lcdc_rgba888_mxt_9x60_wvga/debug/_ext/28088523/legato_variableheap.o
                0x23f134ac                leVariableHeap_Init
 .text.leVariableHeap_Alloc
                0x23f13504      0x130 build/lcdc_rgba888_mxt_9x60_wvga/debug/_ext/28088523/legato_variableheap.o
                0x23f13504                leVariableHeap_Alloc
 .text.leVariableHeap_Free
                0x23f13634       0xd8 build/lcdc_rgba888_mxt_9x60_wvga/debug/_ext/28088523/legato_variableheap.o
                0x23f13634                leVariableHeap_Free
 .text.leVariableHeap_Realloc
                0x23f1370c      0x2a0 build/lcdc_rgba888_mxt_9x60_wvga/debug/_ext/28088523/legato_variableheap.o
                0x23f1370c                leVariableHeap_Realloc
 .text.leVariableHeap_Contains
                0x23f139ac       0x20 build/lcdc_rgba888_mxt_9x60_wvga/debug/_ext/28088523/legato_variableheap.o
                0x23f139ac                leVariableHeap_Contains
 .text.leVariableHeap_SizeOf
                0x23f139cc        0x8 build/lcdc_rgba888_mxt_9x60_wvga/debug/_ext/28088523/legato_variableheap.o
                0x23f139cc                leVariableHeap_SizeOf
 .text.leVariableHeap_Validate
                0x23f139d4        0x8 build/lcdc_rgba888_mxt_9x60_wvga/debug/_ext/28088523/legato_variableheap.o
                0x23f139d4                leVariableHeap_Validate
 .text.leRenderer_RectFill
                0x23f139dc       0x6c build/lcdc_rgba888_mxt_9x60_wvga/debug/_ext/1081070089/legato_draw_rect.o
                0x23f139dc                leRenderer_RectFill
 .text.leRenderer_HorzLine
                0x23f13a48       0xe4 build/lcdc_rgba888_mxt_9x60_wvga/debug/_ext/1081070089/legato_draw_line.o
                0x23f13a48                leRenderer_HorzLine
 .text.leRenderer_VertLine
                0x23f13b2c       0xe4 build/lcdc_rgba888_mxt_9x60_wvga/debug/_ext/1081070089/legato_draw_line.o
                0x23f13b2c                leRenderer_VertLine
 .text.drawQ1   0x23f13c10      0x1d0 build/lcdc_rgba888_mxt_9x60_wvga/debug/_ext/1081070089/legato_draw_arc.o
 .text.drawQ2   0x23f13de0      0x1bc build/lcdc_rgba888_mxt_9x60_wvga/debug/_ext/1081070089/legato_draw_arc.o
 .text.drawQ3   0x23f13f9c      0x1c8 build/lcdc_rgba888_mxt_9x60_wvga/debug/_ext/1081070089/legato_draw_arc.o
 .text.drawQ4   0x23f14164      0x1d8 build/lcdc_rgba888_mxt_9x60_wvga/debug/_ext/1081070089/legato_draw_arc.o
 .text.leRenderer_ArcFill
                0x23f1433c      0x3e0 build/lcdc_rgba888_mxt_9x60_wvga/debug/_ext/1081070089/legato_draw_arc.o
                0x23f1433c                leRenderer_ArcFill
 .text.leRenderer_CircleFill
                0x23f1471c       0xc0 build/lcdc_rgba888_mxt_9x60_wvga/debug/_ext/1081070089/legato_draw_arc.o
                0x23f1471c                leRenderer_CircleFill
 .text.findDirtyWidget
                0x23f147dc       0x90 build/lcdc_rgba888_mxt_9x60_wvga/debug/_ext/1081070089/legato_renderer.o
 .text._nextRect
                0x23f1486c       0x34 build/lcdc_rgba888_mxt_9x60_wvga/debug/_ext/1081070089/legato_renderer.o
 .text.invalidateWidget
                0x23f148a0       0xe0 build/lcdc_rgba888_mxt_9x60_wvga/debug/_ext/1081070089/legato_renderer.o
 .text.addDamageRectToList
                0x23f14980       0xb8 build/lcdc_rgba888_mxt_9x60_wvga/debug/_ext/1081070089/legato_renderer.o
 .text.leRenderer_IsIdle
                0x23f14a38       0x18 build/lcdc_rgba888_mxt_9x60_wvga/debug/_ext/1081070089/legato_renderer.o
                0x23f14a38                leRenderer_IsIdle
 .text.leGetRenderBuffer
                0x23f14a50       0x28 build/lcdc_rgba888_mxt_9x60_wvga/debug/_ext/1081070089/legato_renderer.o
                0x23f14a50                leGetRenderBuffer
 .text.leRenderer_CurrentColorMode
                0x23f14a78       0x20 build/lcdc_rgba888_mxt_9x60_wvga/debug/_ext/1081070089/legato_renderer.o
                0x23f14a78                leRenderer_CurrentColorMode
 .text.leRenderer_ConvertColor
                0x23f14a98       0x34 build/lcdc_rgba888_mxt_9x60_wvga/debug/_ext/1081070089/legato_renderer.o
                0x23f14a98                leRenderer_ConvertColor
 .text.leRenderer_DisplaySize
                0x23f14acc       0x40 build/lcdc_rgba888_mxt_9x60_wvga/debug/_ext/1081070089/legato_renderer.o
                0x23f14acc                leRenderer_DisplaySize
 .text.leRenderer_GetClipRect
                0x23f14b0c       0x18 build/lcdc_rgba888_mxt_9x60_wvga/debug/_ext/1081070089/legato_renderer.o
                0x23f14b0c                leRenderer_GetClipRect
 .text.leRenderer_GetFrameRect
                0x23f14b24       0x28 build/lcdc_rgba888_mxt_9x60_wvga/debug/_ext/1081070089/legato_renderer.o
                0x23f14b24                leRenderer_GetFrameRect
 .text.leRenderer_CullDrawRect
                0x23f14b4c       0x20 build/lcdc_rgba888_mxt_9x60_wvga/debug/_ext/1081070089/legato_renderer.o
                0x23f14b4c                leRenderer_CullDrawRect
 .text.leRenderer_CullDrawXY
                0x23f14b6c       0x30 build/lcdc_rgba888_mxt_9x60_wvga/debug/_ext/1081070089/legato_renderer.o
                0x23f14b6c                leRenderer_CullDrawXY
 .text.leRenderer_ClipDrawRect
                0x23f14b9c       0x18 build/lcdc_rgba888_mxt_9x60_wvga/debug/_ext/1081070089/legato_renderer.o
                0x23f14b9c                leRenderer_ClipDrawRect
 .text.leRenderer_Initialize
                0x23f14bb4       0xb8 build/lcdc_rgba888_mxt_9x60_wvga/debug/_ext/1081070089/legato_renderer.o
                0x23f14bb4                leRenderer_Initialize
 .text.leRenderer_DisplayInterface
                0x23f14c6c       0x10 build/lcdc_rgba888_mxt_9x60_wvga/debug/_ext/1081070089/legato_renderer.o
                0x23f14c6c                leRenderer_DisplayInterface
 .text.leRenderer_GPUInterface
                0x23f14c7c       0x10 build/lcdc_rgba888_mxt_9x60_wvga/debug/_ext/1081070089/legato_renderer.o
                0x23f14c7c                leRenderer_GPUInterface
 .text.leRenderer_DamageArea
                0x23f14c8c       0xa8 build/lcdc_rgba888_mxt_9x60_wvga/debug/_ext/1081070089/legato_renderer.o
                0x23f14c8c                leRenderer_DamageArea
 .text.leRenderer_Paint
                0x23f14d34      0x7c8 build/lcdc_rgba888_mxt_9x60_wvga/debug/_ext/1081070089/legato_renderer.o
                0x23f14d34                leRenderer_Paint
 .text._leRenderer_CreateLayerState
                0x23f154fc       0x48 build/lcdc_rgba888_mxt_9x60_wvga/debug/_ext/1081070089/legato_renderer.o
                0x23f154fc                _leRenderer_CreateLayerState
 .text._MonoFill
                0x23f15544       0x64 build/lcdc_rgba888_mxt_9x60_wvga/debug/_ext/1081070089/legato_draw.o
 .text._MonoPutPixel
                0x23f155a8       0x30 build/lcdc_rgba888_mxt_9x60_wvga/debug/_ext/1081070089/legato_draw.o
 .text._RGBPutPixel
                0x23f155d8       0x2c build/lcdc_rgba888_mxt_9x60_wvga/debug/_ext/1081070089/legato_draw.o
 .text._RGBFill
                0x23f15604       0x88 build/lcdc_rgba888_mxt_9x60_wvga/debug/_ext/1081070089/legato_draw.o
 .text._RGBBlendPixel
                0x23f1568c      0x15c build/lcdc_rgba888_mxt_9x60_wvga/debug/_ext/1081070089/legato_draw.o
 .text.leRenderer_GetPixel
                0x23f157e8       0x40 build/lcdc_rgba888_mxt_9x60_wvga/debug/_ext/1081070089/legato_draw.o
                0x23f157e8                leRenderer_GetPixel
 .text.leRenderer_PutPixel
                0x23f15828       0x4c build/lcdc_rgba888_mxt_9x60_wvga/debug/_ext/1081070089/legato_draw.o
                0x23f15828                leRenderer_PutPixel
 .text.leRenderer_BlendPixel
                0x23f15874       0x50 build/lcdc_rgba888_mxt_9x60_wvga/debug/_ext/1081070089/legato_draw.o
                0x23f15874                leRenderer_BlendPixel
 .text.leRenderer_BlendPixel_Safe
                0x23f158c4       0x64 build/lcdc_rgba888_mxt_9x60_wvga/debug/_ext/1081070089/legato_draw.o
                0x23f158c4                leRenderer_BlendPixel_Safe
 .text._RGBBlendFill
                0x23f15928      0x140 build/lcdc_rgba888_mxt_9x60_wvga/debug/_ext/1081070089/legato_draw.o
 .text.leRenderer_FillArea
                0x23f15a68       0x30 build/lcdc_rgba888_mxt_9x60_wvga/debug/_ext/1081070089/legato_draw.o
                0x23f15a68                leRenderer_FillArea
 .text._leRenderer_InitDrawForMode
                0x23f15a98       0xa0 build/lcdc_rgba888_mxt_9x60_wvga/debug/_ext/1081070089/legato_draw.o
                0x23f15a98                _leRenderer_InitDrawForMode
 .text._convertColorMode
                0x23f15b38        0xc build/lcdc_rgba888_mxt_9x60_wvga/debug/_ext/1081070089/legato_gpu.o
 .text.leGPU_DrawLine
                0x23f15b44      0x1e4 build/lcdc_rgba888_mxt_9x60_wvga/debug/_ext/1081070089/legato_gpu.o
                0x23f15b44                leGPU_DrawLine
 .text.leGPU_ClearBuffer
                0x23f15d28       0xa4 build/lcdc_rgba888_mxt_9x60_wvga/debug/_ext/1081070089/legato_gpu.o
                0x23f15d28                leGPU_ClearBuffer
 .text.leGPU_FillRect
                0x23f15dcc      0x178 build/lcdc_rgba888_mxt_9x60_wvga/debug/_ext/1081070089/legato_gpu.o
                0x23f15dcc                leGPU_FillRect
 .text.leGPU_BlitBuffer
                0x23f15f44      0x224 build/lcdc_rgba888_mxt_9x60_wvga/debug/_ext/1081070089/legato_gpu.o
                0x23f15f44                leGPU_BlitBuffer
 .text.leGPU_BlitStretchBuffer
                0x23f16168      0x200 build/lcdc_rgba888_mxt_9x60_wvga/debug/_ext/1081070089/legato_gpu.o
                0x23f16168                leGPU_BlitStretchBuffer
 .text.decodeASCII
                0x23f16368       0x18 build/lcdc_rgba888_mxt_9x60_wvga/debug/_ext/157682245/legato_stringutils.o
 .text.decodeUTF8
                0x23f16380      0x1f8 build/lcdc_rgba888_mxt_9x60_wvga/debug/_ext/157682245/legato_stringutils.o
 .text.decodeUTF16
                0x23f16578       0x80 build/lcdc_rgba888_mxt_9x60_wvga/debug/_ext/157682245/legato_stringutils.o